 scrut

 Timestamp is 57ebd193 (Wed Sep 28 16:20:03 2016)

 Preferred load address is 0000000140000000

 Start         Length     Name                   Class
 0001:00000000 000429c1H .text                   CODE
 0001:000429d0 00002a62H .text$x                 CODE
 0001:00045434 0000001aH .text$yd                CODE
 0002:00000000 000005b0H .idata$5                DATA
 0002:000005b0 00000008H .CRT$XCA                DATA
 0002:000005b8 00000008H .CRT$XCZ                DATA
 0002:000005c0 00000008H .CRT$XIA                DATA
 0002:000005c8 00000018H .CRT$XIC                DATA
 0002:000005e0 00000008H .CRT$XIY                DATA
 0002:000005e8 00000008H .CRT$XIZ                DATA
 0002:000005f0 00000008H .CRT$XPA                DATA
 0002:000005f8 00000010H .CRT$XPX                DATA
 0002:00000608 00000008H .CRT$XPXA               DATA
 0002:00000610 00000008H .CRT$XPZ                DATA
 0002:00000618 00000008H .CRT$XTA                DATA
 0002:00000620 00000008H .CRT$XTZ                DATA
 0002:00000630 000063c6H .rdata                  DATA
 0002:000069f8 00000064H .rdata$debug            DATA
 0002:00006a60 000011a4H .rdata$r                DATA
 0002:00007c08 00000008H .rtc$IAA                DATA
 0002:00007c10 00000008H .rtc$IZZ                DATA
 0002:00007c18 00000008H .rtc$TAA                DATA
 0002:00007c20 00000008H .rtc$TZZ                DATA
 0002:00007c28 00007280H .xdata                  DATA
 0002:0000eea8 000001ccH .xdata$x                DATA
 0002:0000f074 00000050H .idata$2                DATA
 0002:0000f0c4 00000014H .idata$3                DATA
 0002:0000f0d8 000005b0H .idata$4                DATA
 0002:0000f688 00000b4aH .idata$6                DATA
 0002:000101d2 00000000H .edata                  DATA
 0003:00000000 00001d70H .data                   DATA
 0003:00001d80 000024b0H .bss                    DATA
 0004:00000000 00002d48H .pdata                  DATA

  Address         Publics by Value              Rva+Base               Lib:Object

 0000:00000000       ___safe_se_handler_count   0000000000000000     <absolute>
 0000:00000000       ___safe_se_handler_table   0000000000000000     <absolute>
 0000:00000000       __ImageBase                0000000140000000     <linker-defined>
 0001:00000000       ??_GCResultatFenetre@@UEAAPEAXI@Z 0000000140001000 f i ResultatFenetre.obj
 0001:00000000       ??_ECResultatFenetre@@UEAAPEAXI@Z 0000000140001000 f i  CIL library: CIL module
 0001:00000060       ?LitArchive@CResultatFenetre@@QEAAHAEAVCInputArchive@@@Z 0000000140001060 f   ResultatFenetre.obj
 0001:00000690       ?Base64Decode@CBase64@@SAHPEADH0H@Z 0000000140001690 f   Base64.obj
 0001:000007e0       ?RendNumService@CBaseSocket@@QEAAHPEAD@Z 00000001400017e0 f   BaseSocket.obj
 0001:00000830       ?Code@CChaineTransfert@@SAXPEADAEAVCString@@@Z 0000000140001830 f   ChaineTransfert.obj
 0001:000009c0       ?CodePourAffichage@CChaineTransfert@@SAXPEADAEAVCString@@@Z 00000001400019c0 f   ChaineTransfert.obj
 0001:00000b30       ?Decode@CChaineTransfert@@SAXPEAD@Z 0000000140001b30 f   ChaineTransfert.obj
 0001:00000c10       ?NewAssoc@CMapIntToPtr@@IEAAPEAUCAssoc@1@XZ 0000000140001c10 f   CMapIntToPtr.obj
 0001:00000ca0       ??ACMapIntToPtr@@QEAAAEAPEAXH@Z 0000000140001ca0 f   CMapIntToPtr.obj
 0001:00000d70       ?RemoveKey@CMapIntToPtr@@QEAAHH@Z 0000000140001d70 f   CMapIntToPtr.obj
 0001:00000e30       ?RemoveAll@CMapStringToPtr@@QEAAXXZ 0000000140001e30 f   CMapStringToPtr.obj
 0001:00000f00       ??1CMapStringToPtr@@QEAA@XZ 0000000140001f00 f   CMapStringToPtr.obj
 0001:00000f10       ?NewAssoc@CMapStringToPtr@@IEAAPEAUCAssoc@1@XZ 0000000140001f10 f   CMapStringToPtr.obj
 0001:00000fa0       ??ACMapStringToPtr@@QEAAAEAPEAXPEAD@Z 0000000140001fa0 f   CMapStringToPtr.obj
 0001:000010d0       ?RemoveKey@CMapStringToPtr@@QEAAHPEAD@Z 00000001400020d0 f   CMapStringToPtr.obj
 0001:000011c0       ?GetNextAssoc@CMapStringToPtr@@QEBAXAEAHAEAVCString@@AEAPEAX@Z 00000001400021c0 f   CMapStringToPtr.obj
 0001:00001350       ??1CMapIntToPtr@@QEAA@XZ   0000000140002350 f   CMapIntToPtr.obj
 0001:00001350       ??1CMapWordToPtr@@QEAA@XZ  0000000140002350 f   CMapWordToPtr.obj
 0001:000013b0       ?NewAssoc@CMapWordToPtr@@IEAAPEAUCAssoc@1@XZ 00000001400023b0 f   CMapWordToPtr.obj
 0001:00001440       ??ACMapWordToPtr@@QEAAAEAPEAXG@Z 0000000140002440 f   CMapWordToPtr.obj
 0001:00001510       ?handle_program_memory_depletion@@YAH_K@Z 0000000140002510 f   CString.obj
 0001:00001540       ?Empty@CString@@QEAAXXZ    0000000140002540 f   CString.obj
 0001:000015f0       ?CopyBeforeWrite@CString@@IEAAXXZ 00000001400025f0 f   CString.obj
 0001:000016a0       ?AllocBeforeWrite@CString@@IEAAXH@Z 00000001400026a0 f   CString.obj
 0001:00001740       ??1CString@@QEAA@XZ        0000000140002740 f   CString.obj
 0001:00001740       ??1CBaseSocket@@QEAA@XZ    0000000140002740 f   ServeurArchive.obj
 0001:00001770       ??0CString@@QEAA@PEBD@Z    0000000140002770 f   CString.obj
 0001:00001800       ??4CString@@QEAAAEBV0@AEBV0@@Z 0000000140002800 f   CString.obj
 0001:000018d0       ??4CString@@QEAAAEBV0@PEBD@Z 00000001400028d0 f   CString.obj
 0001:00001950       ?ConcatCopy@CString@@IEAAXHPEBDH0@Z 0000000140002950 f   CString.obj
 0001:000019f0       ??H@YA?AVCString@@AEBV0@0@Z 00000001400029f0 f   CString.obj
 0001:00001a70       ??H@YA?AVCString@@AEBV0@PEBD@Z 0000000140002a70 f   CString.obj
 0001:00001af0       ??H@YA?AVCString@@PEBDAEBV0@@Z 0000000140002af0 f   CString.obj
 0001:00001b70       ?ConcatInPlace@CString@@IEAAXHPEBD@Z 0000000140002b70 f   CString.obj
 0001:00001c20       ??YCString@@QEAAAEBV0@D@Z  0000000140002c20 f   CString.obj
 0001:00001d10       ??YCString@@QEAAAEBV0@AEBV0@@Z 0000000140002d10 f   CString.obj
 0001:00001dd0       ?GetBuffer@CString@@QEAAPEADH@Z 0000000140002dd0 f   CString.obj
 0001:00001e90       ??4CString@@QEAAAEBV0@D@Z  0000000140002e90 f   CString.obj
 0001:00001f30       ??H@YA?AVCString@@AEBV0@D@Z 0000000140002f30 f   CString.obj
 0001:00001ff0       ?Mid@CString@@QEBA?AV1@H@Z 0000000140002ff0 f   CString.obj
 0001:00002020       ?Mid@CString@@QEBA?AV1@HH@Z 0000000140003020 f   CString.obj
 0001:000020f0       ?Right@CString@@QEBA?AV1@H@Z 00000001400030f0 f   CString.obj
 0001:000021b0       ?Left@CString@@QEBA?AV1@H@Z 00000001400031b0 f   CString.obj
 0001:00002270       ?Insert@CString@@QEAAHHD@Z 0000000140003270 f   CString.obj
 0001:00002360       ?NewFenetre@CDataArchive@@QEAAXXZ 0000000140003360 f   DataArchive.obj
 0001:000023d0       ?DeleteData@CDataArchive@@QEAAXXZ 00000001400033d0 f   DataArchive.obj
 0001:00002480       ??_GCListCStructureTable@@QEAAPEAXI@Z 0000000140003480 f i DataArchive.obj
 0001:000024e0       ?LitArchive@CDataArchive@@QEAAHAEAVCInputArchive@@@Z 00000001400034e0 f   DataArchive.obj
 0001:00002d50       ??_GCFichier@@UEAAPEAXI@Z  0000000140003d50 f i Fichier.obj
 0001:00002d50       ??_ECFichier@@UEAAPEAXI@Z  0000000140003d50 f i  CIL library: CIL module
 0001:00002dc0       ??1CFichier@@UEAA@XZ       0000000140003dc0 f   Fichier.obj
 0001:00002e10       ?RepertoireExiste@CRepertoire@@SAHVCString@@@Z 0000000140003e10 f i FichierTemp.obj
 0001:00002eb0       ?Mkdir@CRepertoire@@SAHVCString@@@Z 0000000140003eb0 f i FichierTemp.obj
 0001:00002f70       ??_GCFichierTemp@@UEAAPEAXI@Z 0000000140003f70 f i FichierTemp.obj
 0001:00002f70       ??_ECFichierTemp@@UEAAPEAXI@Z 0000000140003f70 f i  CIL library: CIL module
 0001:00002fa0       ??1CFichierTemp@@UEAA@XZ   0000000140003fa0 f   FichierTemp.obj
 0001:00002fb0       ?LitNomFicTemp@CFichierTemp@@QEAAXAEAVCString@@@Z 0000000140003fb0 f   FichierTemp.obj
 0001:00003080       ?LitNomRepTemp@CFichierTemp@@IEAAXAEAVCString@@@Z 0000000140004080 f   FichierTemp.obj
 0001:000031a0       ?LitCheminRepTemp@CFichierTemp@@MEAAXAEAVCString@@@Z 00000001400041a0 f   FichierTemp.obj
 0001:00003320       ??1CInputArchive@@QEAA@XZ  0000000140004320 f   InputArchive.obj
 0001:00003350       ?ReadParamBase@CInputArchive@@IEAAHPEAVCString@@@Z 0000000140004350 f   InputArchive.obj
 0001:00003530       ?ReadNomPropriete@CInputArchive@@QEAAHPEAVCString@@@Z 0000000140004530 f   InputArchive.obj
 0001:000035e0       ?ReadString@CInputArchive@@QEAAHPEAVCString@@@Z 00000001400045e0 f   InputArchive.obj
 0001:000036a0       ?ReadValeur@CInputArchive@@QEAAHPEAH@Z 00000001400046a0 f   InputArchive.obj
 0001:00003940       ?ReadId@CInputArchive@@QEAAHPEAH@Z 0000000140004940 f   InputArchive.obj
 0001:00003a70       ?ReadValeur@CInputArchive@@QEAAHPEAVCString@@@Z 0000000140004a70 f   InputArchive.obj
 0001:00003af0       ?LitCarSuivant@CInputArchive@@IEAAHPEAH@Z 0000000140004af0 f   InputArchive.obj
 0001:00003bc0       ?LitPremierCarValide@CInputArchive@@IEAAHPEAH@Z 0000000140004bc0 f   InputArchive.obj
 0001:00003c80       ?ReadDescPropriete@CInputArchive@@QEAAXAEAVCString@@@Z 0000000140004c80 f   InputArchive.obj
 0001:00003ea0       ?AttenteFin@CInputArchive@@QEAAXXZ 0000000140004ea0 f   InputArchive.obj
 0001:00004050       ?ReadFichier@CInputArchive@@QEAAHAEAVCString@@@Z 0000000140005050 f   InputArchive.obj
 0001:00004610       ?FermeArchive@CInputOutputArchive@@UEAAHXZ 0000000140005610 f i InputOutputArchive.obj
 0001:00004620       ?LitCar@CInputOutputArchive@@UEAAHXZ 0000000140005620 f i InputOutputArchive.obj
 0001:000046a0       ?EcritCar@CInputOutputArchive@@UEAAHH@Z 00000001400056a0 f i InputOutputArchive.obj
 0001:00004720       ?EcritChaine@CInputOutputArchive@@UEAAHPEAD@Z 0000000140005720 f i InputOutputArchive.obj
 0001:00004780       ?EcritTrameBrut@CInputOutputArchive@@UEAAHPEADH@Z 0000000140005780 f i InputOutputArchive.obj
 0001:000047a0       ?LitUneTrame@CInputOutputArchive@@UEAAHPEADH@Z 00000001400057a0 f i InputOutputArchive.obj
 0001:000047c0       ?EcritFormater@CInputOutputArchive@@UEAAHPEBDZZ 00000001400057c0 f i InputOutputArchive.obj
 0001:00004850       ??0CInputOutputArchive@@QEAA@H@Z 0000000140005850 f   InputOutputArchive.obj
 0001:00004950       ??0CInputOutputArchive@@QEAA@PEADHHH@Z 0000000140005950 f   InputOutputArchive.obj
 0001:00004a50       ??1CInputOutputArchive@@QEAA@XZ 0000000140005a50 f   InputOutputArchive.obj
 0001:00004ac0       ??0CInputOutputStringArchive@@QEAA@PEADH@Z 0000000140005ac0 f   InputOutputStringArchive.obj
 0001:00004b70       ??0CInputOutputStringArchive@@QEAA@AEAVCString@@H@Z 0000000140005b70 f   InputOutputStringArchive.obj
 0001:00004c70       ??1CInputOutputStringArchive@@QEAA@XZ 0000000140005c70 f   InputOutputStringArchive.obj
 0001:00004ca0       ?FermeArchive@CInputOutputStringArchive@@UEAAHXZ 0000000140005ca0 f   InputOutputStringArchive.obj
 0001:00004cb0       ?LitCar@CInputOutputStringArchive@@UEAAHXZ 0000000140005cb0 f   InputOutputStringArchive.obj
 0001:00004d40       ?EcritCar@CInputOutputStringArchive@@UEAAHH@Z 0000000140005d40 f   InputOutputStringArchive.obj
 0001:00004e00       ?EcritChaine@CInputOutputStringArchive@@UEAAHPEAD@Z 0000000140005e00 f   InputOutputStringArchive.obj
 0001:00004e50       ?EcritTrameBrut@CInputOutputStringArchive@@UEAAHPEADH@Z 0000000140005e50 f   InputOutputStringArchive.obj
 0001:00004eb0       ?LitUneTrame@CInputOutputStringArchive@@UEAAHPEADH@Z 0000000140005eb0 f   InputOutputStringArchive.obj
 0001:00004ef0       ?EcritFormater@CInputOutputStringArchive@@UEAAHPEBDZZ 0000000140005ef0 f   InputOutputStringArchive.obj
 0001:00004f90       ?WriteEspace@COutputArchive@@QEAAHXZ 0000000140005f90 f   OutputArchive.obj
 0001:00005020       ?WriteFinDeLigne@COutputArchive@@QEAAHXZ 0000000140006020 f   OutputArchive.obj
 0001:00005070       ?WriteNomPropriete@COutputArchive@@QEAAHPEAD@Z 0000000140006070 f   OutputArchive.obj
 0001:00005300       ?WriteValeur@COutputArchive@@QEAAHPEAD@Z 0000000140006300 f   OutputArchive.obj
 0001:000053f0       ?WriteValeur@COutputArchive@@QEAAHVCString@@@Z 00000001400063f0 f   OutputArchive.obj
 0001:00005530       ?WriteBrut@COutputArchive@@QEAAHVCString@@@Z 0000000140006530 f   OutputArchive.obj
 0001:00005620       ??1CPtrList@@QEAA@XZ       0000000140006620 f   PtrList.obj
 0001:00005680       ?NewNode@CPtrList@@IEAAPEAUCNode@1@PEAU21@0@Z 0000000140006680 f   PtrList.obj
 0001:00005710       ?AddTail@CPtrList@@QEAAHPEAX@Z 0000000140006710 f   PtrList.obj
 0001:00005760       ?RemoveHead@CPtrList@@QEAAPEAXXZ 0000000140006760 f   PtrList.obj
 0001:000057f0       ?RemoveTail@CPtrList@@QEAAPEAXXZ 00000001400067f0 f   PtrList.obj
 0001:00005880       ?RemoveAt@CPtrList@@QEAAXH@Z 0000000140006880 f   PtrList.obj
 0001:00005910       ??_GCRepertoire@@UEAAPEAXI@Z 0000000140006910 f i Repertoire.obj
 0001:00005910       ??_ECRepertoire@@UEAAPEAXI@Z 0000000140006910 f i  CIL library: CIL module
 0001:00005960       ??1CRepertoire@@UEAA@XZ    0000000140006960 f   Repertoire.obj
 0001:00005990       ?Construire@CRepertoire@@SAHPEAVCString@@PEAD1@Z 0000000140006990 f   Repertoire.obj
 0001:00005b40       ?Construire@CRepertoire@@SAHPEAVCString@@V2@PEAD@Z 0000000140006b40 f   Repertoire.obj
 0001:00005ca0       ?Construire@CRepertoire@@SAHPEAVCString@@V2@1@Z 0000000140006ca0 f   Repertoire.obj
 0001:00005e60       ?CherchePremier@CRepertoire@@QEAAHPEAVCString@@PEAD1H@Z 0000000140006e60 f   Repertoire.obj
 0001:00005ff0       ?osysPrintf@@YAXPEBDZZ     0000000140006ff0 f i ServeurArchive.obj
 0001:00006010       ?FonctionDeLancementDUnThreadCServeurArchive@@YAHPEAX@Z 0000000140007010 f   ServeurArchive.obj
 0001:00006030       ??0CServeurArchive@@QEAA@XZ 0000000140007030 f   ServeurArchive.obj
 0001:00006120       ??1CServeurArchive@@QEAA@XZ 0000000140007120 f   ServeurArchive.obj
 0001:000061c0       ?Close@CServeurArchive@@QEAAHXZ 00000001400071c0 f   ServeurArchive.obj
 0001:00006300       ?BoucleDAttente@CServeurArchive@@QEAAHXZ 0000000140007300 f   ServeurArchive.obj
 0001:00006630       ?NewClient@CServeurArchive@@UEAAPEAVCSocketServeurArchive@@XZ 0000000140007630 f   ServeurArchive.obj
 0001:00006670       ?AnnonceMortSocketEchange@CServeurArchive@@QEAAHPEAVCSocketServeurArchive@@@Z 0000000140007670 f   ServeurArchive.obj
 0001:00006790       ?SendAllBrut@CServeurArchive@@UEAAHPEAD@Z 0000000140007790 f   ServeurArchive.obj
 0001:00006790       ?SendAll@CServeurArchive@@UEAAHPEAD@Z 0000000140007790 f   ServeurArchive.obj
 0001:000067c0       ?SendAllBrut@CServeurArchive@@UEAAHPEADH@Z 00000001400077c0 f   ServeurArchive.obj
 0001:000067f0       ?FonctionDeLancementDUnThreadCServeurTCP@@YAHPEAX@Z 00000001400077f0 f   ServeurTCP.obj
 0001:00006800       ??0CServeurTCP@@QEAA@XZ    0000000140007800 f   ServeurTCP.obj
 0001:000068f0       ??_GCServeurTCP@@UEAAPEAXI@Z 00000001400078f0 f i ServeurTCP.obj
 0001:000068f0       ??_ECServeurTCP@@UEAAPEAXI@Z 00000001400078f0 f i  CIL library: CIL module
 0001:00006920       ??1CServeurTCP@@UEAA@XZ    0000000140007920 f   ServeurTCP.obj
 0001:000069c0       ?Create@CServeurTCP@@QEAAHHPEAD@Z 00000001400079c0 f   ServeurTCP.obj
 0001:00006af0       ?Close@CServeurTCP@@QEAAHXZ 0000000140007af0 f   ServeurTCP.obj
 0001:00006c50       ?SendAll@CServeurTCP@@UEAAHPEAD@Z 0000000140007c50 f   ServeurTCP.obj
 0001:00006cd0       ?SendAllBrut@CServeurTCP@@UEAAHPEAD@Z 0000000140007cd0 f   ServeurTCP.obj
 0001:00006d50       ?SendAllBrut@CServeurTCP@@UEAAHPEADH@Z 0000000140007d50 f   ServeurTCP.obj
 0001:00006de0       ?BoucleDAttente@CServeurTCP@@QEAAHXZ 0000000140007de0 f   ServeurTCP.obj
 0001:000070d0       ?NewClient@CServeurTCP@@UEAAPEAVCSocketTCP@@XZ 00000001400080d0 f   ServeurTCP.obj
 0001:00007110       ?AnnonceMortSocketEchange@CServeurTCP@@QEAAHPEAVCSocketTCP@@@Z 0000000140008110 f   ServeurTCP.obj
 0001:00007230       ?GestMessageErreur@CSocketTCP@@UEAAXHPEBDZZ 0000000140008230 f   SocketTCP.obj
 0001:00007230       ?GestMessageErreur@CServeurTCP@@UEAAXHPEBDZZ 0000000140008230 f   ServeurTCP.obj
 0001:00007230       ?GestMessageErreur@CServeurArchive@@UEAAXHPEBDZZ 0000000140008230 f   ServeurArchive.obj
 0001:00007230       ?GestMessageErreur@CSocketMiniTCP@@UEAAXHPEBDZZ 0000000140008230 f   SocketMiniTCP.obj
 0001:000072c0       ??0CSocketArchive@@QEAA@XZ 00000001400082c0 f   SocketArchive.obj
 0001:00007420       ??_ECSocketArchive@@UEAAPEAXI@Z 0000000140008420 f i  CIL library: CIL module
 0001:00007420       ??_GCSocketArchive@@UEAAPEAXI@Z 0000000140008420 f i SocketArchive.obj
 0001:00007450       ??1CSocketArchive@@UEAA@XZ 0000000140008450 f   SocketArchive.obj
 0001:00007530       ?Close@CSocketArchive@@QEAAXXZ 0000000140008530 f   SocketArchive.obj
 0001:00007630       ?OuvreArchive@CSocketArchive@@QEAAHPEADH0@Z 0000000140008630 f   SocketArchive.obj
 0001:000077e0       ?EcritCar@CSocketArchive@@UEAAHH@Z 00000001400087e0 f   SocketArchive.obj
 0001:00007830       ?EcritChaine@CSocketArchive@@UEAAHPEAD@Z 0000000140008830 f   SocketArchive.obj
 0001:00007890       ?EcritTrameBrut@CSocketArchive@@UEAAHPEADH@Z 0000000140008890 f   SocketArchive.obj
 0001:000078c0       ?LitUneTrame@CSocketArchive@@UEAAHPEADH@Z 00000001400088c0 f   SocketArchive.obj
 0001:000078f0       ?EcritFormater@CSocketArchive@@UEAAHPEBDZZ 00000001400088f0 f   SocketArchive.obj
 0001:000079c0       ?AttentReconnexion@CSocketArchive@@UEAAXXZ 00000001400089c0 f   SocketArchive.obj
 0001:00007b00       ??0CSocketMiniTCP@@QEAA@XZ 0000000140008b00 f   SocketMiniTCP.obj
 0001:00007c40       ??1CSocketMiniTCP@@QEAA@XZ 0000000140008c40 f   SocketMiniTCP.obj
 0001:00007cf0       ?Create@CSocketMiniTCP@@UEAAHPEADH0@Z 0000000140008cf0 f   SocketMiniTCP.obj
 0001:00007f30       ?Create@CSocketMiniTCP@@UEAAHH@Z 0000000140008f30 f   SocketMiniTCP.obj
 0001:00007f80       ?Close@CSocketMiniTCP@@UEAAHXZ 0000000140008f80 f   SocketMiniTCP.obj
 0001:00008020       ?EnvoiBuffer@CSocketMiniTCP@@QEAAHXZ 0000000140009020 f   SocketMiniTCP.obj
 0001:00008120       ?SendBrut@CSocketMiniTCP@@UEAAHPEADH@Z 0000000140009120 f   SocketMiniTCP.obj
 0001:000082e0       ?SendTrameBrut@CSocketMiniTCP@@UEAAHPEADH@Z 00000001400092e0 f   SocketMiniTCP.obj
 0001:000083c0       ?LitCar@CSocketMiniTCP@@QEAAHXZ 00000001400093c0 f   SocketMiniTCP.obj
 0001:000084a0       ?LitUneTrame@CSocketMiniTCP@@UEAAHPEADH@Z 00000001400094a0 f   SocketMiniTCP.obj
 0001:00008580       ?InitAdresseServeur@CSocketMiniTCP@@QEAAHPEADPEAUin_addr@@@Z 0000000140009580 f   SocketMiniTCP.obj
 0001:00008660       ?FonctionDeLancementDUnThreadCSocketServeurArchive@@YAHPEAX@Z 0000000140009660 f   SocketServeurArchive.obj
 0001:000086d0       ??0CSocketServeurArchive@@QEAA@XZ 00000001400096d0 f   SocketServeurArchive.obj
 0001:00008760       ??_GCSocketServeurArchive@@UEAAPEAXI@Z 0000000140009760 f i SocketServeurArchive.obj
 0001:00008760       ??_ECSocketServeurArchive@@UEAAPEAXI@Z 0000000140009760 f i  CIL library: CIL module
 0001:00008790       ??1CSocketServeurArchive@@UEAA@XZ 0000000140009790 f   SocketServeurArchive.obj
 0001:00008880       ?Create@CSocketServeurArchive@@QEAAHHPEAVCServeurArchive@@@Z 0000000140009880 f   SocketServeurArchive.obj
 0001:00008990       ?Close@CSocketServeurArchive@@UEAAXXZ 0000000140009990 f   SocketServeurArchive.obj
 0001:000089c0       ?LitCar@CSocketServeurArchive@@UEAAHXZ 00000001400099c0 f   SocketServeurArchive.obj
 0001:000089c0       ?LitCar@CSocketArchive@@UEAAHXZ 00000001400099c0 f   SocketArchive.obj
 0001:000089d0       ?EcritCar@CSocketServeurArchive@@UEAAHH@Z 00000001400099d0 f   SocketServeurArchive.obj
 0001:00008a10       ?EcritChaine@CSocketServeurArchive@@UEAAHPEAD@Z 0000000140009a10 f   SocketServeurArchive.obj
 0001:00008a70       ?EcritTrameBrut@CSocketServeurArchive@@UEAAHPEADH@Z 0000000140009a70 f   SocketServeurArchive.obj
 0001:00008aa0       ?LitUneTrame@CSocketServeurArchive@@UEAAHPEADH@Z 0000000140009aa0 f   SocketServeurArchive.obj
 0001:00008ad0       ?EcritFormater@CSocketServeurArchive@@UEAAHPEBDZZ 0000000140009ad0 f   SocketServeurArchive.obj
 0001:00008ba0       ?BoucleDAttente@CSocketServeurArchive@@UEAAXXZ 0000000140009ba0 f   SocketServeurArchive.obj
 0001:00008ba0       ?MajErreurSendInfoSocketTcp@CSocketTCP@@UEAAXXZ 0000000140009ba0 f   SocketTCP.obj
 0001:00008ba0       ?ServeurDeconnecte@CSocketTCP@@UEAAXXZ 0000000140009ba0 f   SocketTCP.obj
 0001:00008bb0       ?Send@CSocketTCP@@UEAAHPEAVCString@@@Z 0000000140009bb0 f i SocketTCP.obj
 0001:00008bf0       ?SendBrut@CSocketTCP@@UEAAHVCString@@@Z 0000000140009bf0 f i SocketTCP.obj
 0001:00008c70       ?Receive@CSocketTCP@@UEAAHPEAVCString@@@Z 0000000140009c70 f i SocketTCP.obj
 0001:00008cc0       ??0CSocketTCP@@QEAA@XZ     0000000140009cc0 f   SocketTCP.obj
 0001:00008de0       ??_ECSocketTCP@@UEAAPEAXI@Z 0000000140009de0 f i  CIL library: CIL module
 0001:00008de0       ??_GCSocketTCP@@UEAAPEAXI@Z 0000000140009de0 f i SocketTCP.obj
 0001:00008e10       ??1CSocketTCP@@UEAA@XZ     0000000140009e10 f   SocketTCP.obj
 0001:00008ea0       ?Create@CSocketTCP@@UEAAHPEADH0@Z 0000000140009ea0 f   SocketTCP.obj
 0001:00009020       ?Create@CSocketTCP@@UEAAH_KPEAVCServeurTCP@@@Z 000000014000a020 f   SocketTCP.obj
 0001:000090c0       ?Create@CSocketTCP@@UEAAHH@Z 000000014000a0c0 f   SocketTCP.obj
 0001:000090d0       ?Close@CSocketTCP@@UEAAHXZ 000000014000a0d0 f   SocketTCP.obj
 0001:00009160       ?Reception@CSocketTCP@@QEAAHXZ 000000014000a160 f   SocketTCP.obj
 0001:000093b0       ?Send@CSocketTCP@@UEAAHPEAD@Z 000000014000a3b0 f   SocketTCP.obj
 0001:00009870       ?SendBrut@CSocketTCP@@UEAAHPEAD@Z 000000014000a870 f   SocketTCP.obj
 0001:00009be0       ?SendBrut@CSocketTCP@@UEAAHPEADH@Z 000000014000abe0 f   SocketTCP.obj
 0001:00009d30       ?InitAdresseServeur@CSocketTCP@@QEAAHPEADPEAUin_addr@@@Z 000000014000ad30 f   SocketTCP.obj
 0001:00009e10       ?Receive@CSocketTCP@@UEAAHPEAD@Z 000000014000ae10 f   SocketTCP.obj
 0001:00009e20       ??0CSocketUDP@@QEAA@XZ     000000014000ae20 f   SocketUDP.obj
 0001:00009ef0       ??1CSocketUDP@@QEAA@XZ     000000014000aef0 f   SocketUDP.obj
 0001:00009f60       ?Create@CSocketUDP@@QEAAHPEADH0@Z 000000014000af60 f   SocketUDP.obj
 0001:0000a0d0       ?Send@CSocketUDP@@QEAAHPEAD@Z 000000014000b0d0 f   SocketUDP.obj
 0001:0000a3e0       ?GestMessageErreur@CSocketUDP@@UEAAXHPEBDZZ 000000014000b3e0 f   SocketUDP.obj
 0001:0000a420       ?NouvDimTab@CTabPtr@@QEAAXH@Z 000000014000b420 f   TabPtr.obj
 0001:0000a4c0       ?SupprimeTout@CLigneRequete@@QEAAXXZ 000000014000b4c0 f   LigneRequete.obj
 0001:0000a570       ?RendNomTypeDonnee@CResultatRequete@@UEAAPEADXZ 000000014000b570 f i ResultatRequete.obj
 0001:0000a580       ??0CResultatRequete@@QEAA@XZ 000000014000b580 f   ResultatRequete.obj
 0001:0000a6d0       ??_GCResultatRequete@@UEAAPEAXI@Z 000000014000b6d0 f i ResultatRequete.obj
 0001:0000a6d0       ??_ECResultatRequete@@UEAAPEAXI@Z 000000014000b6d0 f i  CIL library: CIL module
 0001:0000a700       ??1CResultatRequete@@UEAA@XZ 000000014000b700 f   ResultatRequete.obj
 0001:0000a830       ?DestructionFicTemp@CResultatRequete@@AEAAXXZ 000000014000b830 f   ResultatRequete.obj
 0001:0000a8f0       ?AjouteElement@CResultatRequete@@QEAAXHPEAD@Z 000000014000b8f0 f   ResultatRequete.obj
 0001:0000aca0       ?SupprimeTout@CResultatRequete@@QEAAXXZ 000000014000bca0 f   ResultatRequete.obj
 0001:0000ade0       ?LitArchive@CResultatRequete@@QEAAHAEAVCInputArchive@@@Z 000000014000bde0 f   ResultatRequete.obj
 0001:0000bd90       ?AjoutDansIndexFic@CResultatRequete@@AEAAXHPEAU_iobuf@@@Z 000000014000cd90 f   ResultatRequete.obj
 0001:0000be30       ?TransfertDonnees@CResultatRequete@@AEAAXPEAU_iobuf@@@Z 000000014000ce30 f   ResultatRequete.obj
 0001:0000c080       ?LitSupprimeElementPourTransfert@CResultatRequete@@AEAAHHHAEAVCString@@@Z 000000014000d080 f   ResultatRequete.obj
 0001:0000c180       ?EcritFic@CResultatRequete@@QEAAHAEAVCInputArchive@@@Z 000000014000d180 f   ResultatRequete.obj
 0001:0000cb70       ??4CResultatRequete@@QEAAAEAV0@AEAV0@@Z 000000014000db70 f   ResultatRequete.obj
 0001:0000d020       ?CopyTabDyn@CResultatRequete@@AEAAXAEAV1@@Z 000000014000e020 f   ResultatRequete.obj
 0001:0000d110       ??0CStructureDefChamp@@QEAA@XZ 000000014000e110 f   StructureDB.obj
 0001:0000d230       ??_ECStructureDefChamp@@UEAAPEAXI@Z 000000014000e230 f i  CIL library: CIL module
 0001:0000d230       ??_GCStructureDefChamp@@UEAAPEAXI@Z 000000014000e230 f i StructureDB.obj
 0001:0000d260       ??1CStructureDefChamp@@UEAA@XZ 000000014000e260 f   StructureDB.obj
 0001:0000d300       ?LitArchive@CStructureDefChamp@@QEAAHAEAVCInputArchive@@@Z 000000014000e300 f   StructureDB.obj
 0001:0000dc30       ?SupprimeTous@CListCStructureChamp@@QEAAXXZ 000000014000ec30 f   StructureDB.obj
 0001:0000dda0       ?LitArchive@CListCStructureChamp@@QEAAHAEAVCInputArchive@@@Z 000000014000eda0 f   StructureDB.obj
 0001:0000e270       ??0CListCStructureTable@@QEAA@XZ 000000014000f270 f   StructureDB.obj
 0001:0000e2e0       ?SupprimeTous@CListCStructureTable@@QEAAXXZ 000000014000f2e0 f   StructureDB.obj
 0001:0000e490       ?LitPremier@CListCStructureTable@@QEAAPEAVCListCStructureChamp@@XZ 000000014000f490 f   StructureDB.obj
 0001:0000e520       ?LitArchive@CListCStructureTable@@QEAAHAEAVCInputArchive@@@Z 000000014000f520 f   StructureDB.obj
 0001:0000eb20       ??4CListCStructureTable@@QEAAAEAV0@AEAV0@@Z 000000014000fb20 f   StructureDB.obj
 0001:0000ef30       ??_EClientOsysSrv@@UEAAPEAXI@Z 000000014000ff30 f i  CIL library: CIL module
 0001:0000ef30       ??_GClientOsysSrv@@UEAAPEAXI@Z 000000014000ff30 f i COsysSrv.obj
 0001:0000ef60       ??0ClientOsysSrv@@QEAA@HPEAD0@Z 000000014000ff60 f   COsysSrv.obj
 0001:0000f070       ??1ClientOsysSrv@@UEAA@XZ  0000000140010070 f   COsysSrv.obj
 0001:0000f1a0       ?Reception@ClientOsysSrv@@UEAAXXZ 00000001400101a0 f   COsysSrv.obj
 0001:0000f790       ?DeclareUtilisateur@ClientOsysSrv@@QEAAHHPEAD000@Z 0000000140010790 f   COsysSrv.obj
 0001:0000f9b0       ?EventData@ClientOsysSrv@@UEAAXPEAVCDataArchive@@@Z 00000001400109b0 f   COsysSrv.obj
 0001:0000fb20       ?EcritResultatRequete@ClientOsysSrv@@QEAAXAEAVCResultatRequete@@@Z 0000000140010b20 f   COsysSrv.obj
 0001:0000fbb0       ?Reception@CSocketArchive@@UEAAXXZ 0000000140010bb0 f   SocketArchive.obj
 0001:0000fbb0       ?Shutdown@CNTService@@UEAAXXZ 0000000140010bb0 f   NTService.obj
 0001:0000fbb0       ?AttentReconnexion@ClientOsysSrv@@UEAAXXZ 0000000140010bb0 f   COsysSrv.obj
 0001:0000fbb0       ?Pause@CNTService@@UEAAXXZ 0000000140010bb0 f   NTService.obj
 0001:0000fbb0       ?Continue@CNTService@@UEAAXXZ 0000000140010bb0 f   NTService.obj
 0001:0000fbc0       ?ReceptionMessage@ClientOsysSrv@@QEAA?AVCString@@XZ 0000000140010bc0 f i COsysTrace.obj
 0001:0000fc10       ?LitNiveauDebug@ClientOsysTrc@@QEAAHHH@Z 0000000140010c10 f   COsysTrace.obj
 0001:0000fe30       ?EcritInfoDebug@ClientOsysTrc@@QEAAHHHHPEADHPEAPEADHH@Z 0000000140010e30 f   COsysTrace.obj
 0001:000101b0       ?RechercheIdElement@ClientOsysUser@@QEAAHPEAD0H@Z 00000001400111b0 f   COsysUser.obj
 0001:00010400       ?EnvoiMessageDriver@ClientOsysUser@@QEAAHHPEAD_JHH@Z 0000000140011400 f   COsysUser.obj
 0001:000107e0       ?LitCfgDriver@ClientOsysUser@@QEAAHAEAVCString@@H@Z 00000001400117e0 f   COsysUser.obj
 0001:00010a40       ?ArretDriver@ClientOsysUser@@QEAAHH@Z 0000000140011a40 f   COsysUser.obj
 0001:00010c10       ?LitLancDriver@ClientOsysUser@@QEAAHH@Z 0000000140011c10 f   COsysUser.obj
 0001:00010de0       ?EnvoiListTermDriver@ClientOsysUser@@QEAAHPEADH@Z 0000000140011de0 f   COsysUser.obj
 0001:000110b0       ?EnvoiConnexionTerm@ClientOsysUser@@QEAAHHHPEAD@Z 00000001400120b0 f   COsysUser.obj
 0001:000112f0       ?EnvoiDeconnexionTerm@ClientOsysUser@@QEAAHHHPEAD@Z 00000001400122f0 f   COsysUser.obj
 0001:00011530       ??_ECDonneeLPX@@UEAAPEAXI@Z 0000000140012530 f i  CIL library: CIL module
 0001:00011530       ??_GCDonneeLPX@@UEAAPEAXI@Z 0000000140012530 f i ListDonnees.obj
 0001:00011560       ??1CDonneeLPX@@UEAA@XZ     0000000140012560 f   ListDonnees.obj
 0001:00011570       ?CrypteChaine@CCrypteOsys@@SAXPEADAEAVCString@@0@Z 0000000140012570 f   CryptOsys.obj
 0001:00011640       ??0CConfigurationDriver@@QEAA@XZ 0000000140012640 f   CConfigurationDriver.obj
 0001:00011ae0       ??1CConfigurationDriver@@QEAA@XZ 0000000140012ae0 f   CConfigurationDriver.obj
 0001:00011c10       ?EcritFormat@CConfigurationDriver@@QEAAXPEAD@Z 0000000140012c10 f   CConfigurationDriver.obj
 0001:00011de0       ?EcritFormat@CConfigurationDriver@@QEAAXVCString@@@Z 0000000140012de0 f   CConfigurationDriver.obj
 0001:00011f80       ?EcritLangue@CConfigurationDriver@@QEAAXPEAD@Z 0000000140012f80 f   CConfigurationDriver.obj
 0001:00011fd0       ?EcritTimeoutDemarrage@CConfigurationDriver@@QEAAXH@Z 0000000140012fd0 f   CConfigurationDriver.obj
 0001:00012010       ?EcritDemandeArret@CConfigurationDriver@@QEAAXH@Z 0000000140013010 f   CConfigurationDriver.obj
 0001:00012050       ?EcritOSYSTPPSER@CConfigurationDriver@@QEAAXH@Z 0000000140013050 f   CConfigurationDriver.obj
 0001:00012090       ?EcritOSYSTPPBRO@CConfigurationDriver@@QEAAXH@Z 0000000140013090 f   CConfigurationDriver.obj
 0001:000120d0       ?EcritMotPasse@CConfigurationDriver@@QEAAXPEAD@Z 00000001400130d0 f   CConfigurationDriver.obj
 0001:00012200       ?EcritOffset@CConfigurationDriver@@QEAAXH@Z 0000000140013200 f   CConfigurationDriver.obj
 0001:00012240       ?EcritFlagConnIllimite@CConfigurationDriver@@QEAAXH@Z 0000000140013240 f   CConfigurationDriver.obj
 0001:00012280       ?LitServeurTermTCP@CConfigurationDriver@@QEAAHXZ 0000000140013280 f   CConfigurationDriver.obj
 0001:000122c0       ?LitIdDriver@CConfigurationDriver@@QEAAHXZ 00000001400132c0 f   CConfigurationDriver.obj
 0001:00012300       ?LitOffset@CConfigurationDriver@@QEAAHXZ 0000000140013300 f   CConfigurationDriver.obj
 0001:00012340       ?LitLstArgument@CConfigurationDriver@@QEAAXAEAVCInputArchive@@H@Z 0000000140013340 f   CConfigurationDriver.obj
 0001:000132e0       ?LitParamAutonome@CConfigurationDriver@@QEAAXAEAVCInputArchive@@@Z 00000001400142e0 f   CConfigurationDriver.obj
 0001:00013ab0       ?LitArchive@CConfigurationDriver@@QEAAHAEAVCInputArchive@@@Z 0000000140014ab0 f   CConfigurationDriver.obj
 0001:000146f0       ?LitConfigDriver@CConfigurationDriver@@QEAAHXZ 00000001400156f0 f   CConfigurationDriver.obj
 0001:00014850       ?LitFlagFicTrace@CConfigurationDriver@@QEAAHXZ 0000000140015850 f   CConfigurationDriver.obj
 0001:00014890       ?EcritPortTestScrut@CConfigurationDriver@@QEAAXH@Z 0000000140015890 f   CConfigurationDriver.obj
 0001:000148d0       ?Decode@CConfigurationDriver@@QEAAXXZ 00000001400158d0 f   CConfigurationDriver.obj
 0001:00014af0       ?GetPathFicCfgScrut@CConfigurationDriver@@AEAA?AVCString@@XZ 0000000140015af0 f   CConfigurationDriver.obj
 0001:00014da0       ?GetPathScrut@CConfigurationDriver@@QEAAXAEAVCString@@@Z 0000000140015da0 f   CConfigurationDriver.obj
 0001:00014fc0       ?calcheck@CChecksum@@AEAAXD@Z 0000000140015fc0 f   Checksum.obj
 0001:00015080       ?Calcul@CChecksum@@QEAAXPEADPEAE1@Z 0000000140016080 f   Checksum.obj
 0001:000151e0       ?Teste@CChecksum@@QEAAHPEADH@Z 00000001400161e0 f   Checksum.obj
 0001:00015340       ??_GCClientTestScrut@@UEAAPEAXI@Z 0000000140016340 f i ClientTestScrut.obj
 0001:00015340       ??_ECClientTestScrut@@UEAAPEAXI@Z 0000000140016340 f i  CIL library: CIL module
 0001:00015380       ?BoucleDAttente@CClientTestScrut@@UEAAXXZ 0000000140016380 f   ClientTestScrut.obj
 0001:00015f80       ?EnvoiMessTerminal@CClientTestScrut@@QEAAHHPEBD@Z 0000000140016f80 f   ClientTestScrut.obj
 0001:00016310       ?Envoi@CClientTestScrut@@QEAAXAEAVCString@@@Z 0000000140017310 f   ClientTestScrut.obj
 0001:000163b0       ?EnvoiCommandeTerminal@CClientTestScrut@@QEAAHPEBD_J@Z 00000001400173b0 f   ClientTestScrut.obj
 0001:000165a0       ?EnvoiInfoSocketTcp@CClientTestScrut@@QEAAXXZ 00000001400175a0 f   ClientTestScrut.obj
 0001:000169d0       ?EnvoiInfoSocketTcpTerm@CClientTestScrut@@QEAAXH@Z 00000001400179d0 f   ClientTestScrut.obj
 0001:00016e10       ?IsChaineNumerique@CClientTestScrut@@QEAA_NPEBD@Z 0000000140017e10 f   ClientTestScrut.obj
 0001:00016ea0       ?CloseSocketTcpTerm@CClientTestScrut@@QEAAXH@Z 0000000140017ea0 f   ClientTestScrut.obj
 0001:00016f40       ??1CListeCommandeTerminal@@QEAA@XZ 0000000140017f40 f   CListeCommandeTerminal.obj
 0001:00017000       ?LitCommande@CListeCommandeTerminal@@QEAAPEAVCCommandeTerminal@@XZ 0000000140018000 f   CListeCommandeTerminal.obj
 0001:00017300       ?EcritCommande@CListeCommandeTerminal@@QEAAXAEAVCCommandeTerminal@@@Z 0000000140018300 f   CListeCommandeTerminal.obj
 0001:00017370       ?Ajoute@CListeTerminauxTCP@@QEAAXFPEAVCSocketTerminal@@@Z 0000000140018370 f   CListeTerminauxTCP.obj
 0001:00017730       ?Cherche@CListeTerminauxTCP@@QEAAPEAVCSocketTerminal@@F@Z 0000000140018730 f   CListeTerminauxTCP.obj
 0001:000177b0       ?Supprime@CListeTerminauxTCP@@QEAAXPEAVCSocketTerminal@@@Z 00000001400187b0 f   CListeTerminauxTCP.obj
 0001:00017910       ?SupprimeTout@CListeTerminauxTCP@@QEAAXXZ 0000000140018910 f   CListeTerminauxTCP.obj
 0001:00017990       ?GetListeNumTerminauxTCP@CListeTerminauxTCP@@QEAAXAEAVCString@@@Z 0000000140018990 f   CListeTerminauxTCP.obj
 0001:00017c40       ?Init@CCom@@QEAAHVCString@@HHDHHH@Z 0000000140018c40 f   com.obj
 0001:00018480       ?EnvoiMessage@CCom@@QEAAHPEADHPEAH@Z 0000000140019480 f   com.obj
 0001:00019200       ?LitUnMessage@CCom@@QEAAHPEADHPEAH1@Z 000000014001a200 f   com.obj
 0001:00019d20       ?ConfigureCom@CCom@@QEAAHHHDHH@Z 000000014001ad20 f   com.obj
 0001:00019dc0       ??1CCom@@QEAA@XZ           000000014001adc0 f   com.obj
 0001:0001a090       ??0CScrutationEnqAck@@QEAA@PEAVCListeCommandeTerminal@@@Z 000000014001b090 f   CScrutationEnqAck.obj
 0001:0001a090       ??0CScrutationXonXoff@@QEAA@PEAVCListeCommandeTerminal@@@Z 000000014001b090 f   CScrutationXonXoff.obj
 0001:0001a160       ?Init@CScrutationEnqAck@@QEAAHVCString@@HHDH@Z 000000014001b160 f   CScrutationEnqAck.obj
 0001:0001a4b0       ?DecoupeReponseScrut@CScrutationEnqAck@@QEAAXPEAD@Z 000000014001b4b0 f   CScrutationEnqAck.obj
 0001:0001ad00       ?LitUneTrame@CScrutationEnqAck@@QEAAHPEADPEAH@Z 000000014001bd00 f   CScrutationEnqAck.obj
 0001:0001af70       ?EnvoiCommande@CScrutationEnqAck@@QEAAHAEAVCCommandeTerminal@@@Z 000000014001bf70 f   CScrutationEnqAck.obj
 0001:0001af70       ?EnvoiCommande@CScrutationXonXoff@@QEAAHAEAVCCommandeTerminal@@@Z 000000014001bf70 f   CScrutationXonXoff.obj
 0001:0001b480       ?EnvoiEtLitReponse@CScrutationEnqAck@@QEAAHXZ 000000014001c480 f   CScrutationEnqAck.obj
 0001:0001b5e0       ?ScrutationEnqAck@CScrutationEnqAck@@QEAAXXZ 000000014001c5e0 f   CScrutationEnqAck.obj
 0001:0001bdf0       ?Init@CScrutationXonXoff@@QEAAHVCString@@HHDH@Z 000000014001cdf0 f   CScrutationXonXoff.obj
 0001:0001c140       ?LitUneTrame@CScrutationXonXoff@@QEAAHPEAD@Z 000000014001d140 f   CScrutationXonXoff.obj
 0001:0001c450       ?EnvoiEtLitReponse@CScrutationXonXoff@@QEAAHXZ 000000014001d450 f   CScrutationXonXoff.obj
 0001:0001c5a0       ?ScrutationXonXoff@CScrutationXonXoff@@QEAAXXZ 000000014001d5a0 f   CScrutationXonXoff.obj
 0001:0001cdb0       ??0CServeurTerminal@@QEAA@XZ 000000014001ddb0 f   CServeurTerminal.obj
 0001:0001d200       ??_GCServeurTerminal@@UEAAPEAXI@Z 000000014001e200 f i CServeurTerminal.obj
 0001:0001d200       ??_ECServeurTerminal@@UEAAPEAXI@Z 000000014001e200 f i  CIL library: CIL module
 0001:0001d230       ??1CServeurTerminal@@UEAA@XZ 000000014001e230 f   CServeurTerminal.obj
 0001:0001d690       ?NewClient@CServeurTerminal@@UEAAPEAVCSocketTCP@@XZ 000000014001e690 f   CServeurTerminal.obj
 0001:0001d6d0       ?EcritMessage@CServeurTerminal@@QEAAHHHVCString@@@Z 000000014001e6d0 f   CServeurTerminal.obj
 0001:0001e460       ?GestMessageErreur@CServeurTerminal@@UEAAXHPEBDZZ 000000014001f460 f   CServeurTerminal.obj
 0001:0001e6f0       ?SendAllENQ@CServeurTerminal@@QEAAXXZ 000000014001f6f0 f   CServeurTerminal.obj
 0001:0001e880       ?ActiveEnvoiHeureTermEth@CServeurTerminal@@QEAAHXZ 000000014001f880 f   CServeurTerminal.obj
 0001:0001e910       ?SendAllBrutEx@CServeurTerminal@@QEAAHPEADH@Z 000000014001f910 f   CServeurTerminal.obj
 0001:0001e9d0       ??0CSocketTerminal@@QEAA@XZ 000000014001f9d0 f   CSocketTerminal.obj
 0001:0001ead0       ??_GCSocketTerminal@@UEAAPEAXI@Z 000000014001fad0 f i CSocketTerminal.obj
 0001:0001ead0       ??_ECSocketTerminal@@UEAAPEAXI@Z 000000014001fad0 f i  CIL library: CIL module
 0001:0001eb00       ??1CSocketTerminal@@UEAA@XZ 000000014001fb00 f   CSocketTerminal.obj
 0001:0001ec00       ?ServeurDeconnecte@CSocketTerminal@@UEAAXXZ 000000014001fc00 f   CSocketTerminal.obj
 0001:0001f5c0       ?Receive@CSocketTerminal@@UEAAHPEAD@Z 00000001400205c0 f   CSocketTerminal.obj
 0001:000215d0       ?GestMessageErreur@CSocketTerminal@@UEAAXHPEBDZZ 00000001400225d0 f   CSocketTerminal.obj
 0001:000218c0       ?Create@CSocketTerminal@@UEAAHHPEAVCServeurTCP@@@Z 00000001400228c0 f   CSocketTerminal.obj
 0001:00021d60       ?MajErreurSendInfoSocketTcp@CSocketTerminal@@UEAAXXZ 0000000140022d60 f   CSocketTerminal.obj
 0001:00021e50       ConvertiDelimiteur         0000000140022e50 f   Decouptr.obj
 0001:00021f00       ReformateMessageEntree     0000000140022f00 f   Decouptr.obj
 0001:00022010       RendDateHeurePourFormatHMS 0000000140023010 f   Decouptr.obj
 0001:00022110       RendDateHeurePourFormatHM_J 0000000140023110 f   Decouptr.obj
 0001:00022240       RendDateHeurePourFormatHMS_JMA 0000000140023240 f   Decouptr.obj
 0001:000222c0       ConvertiChaineEnHeure      00000001400232c0 f   Decouptr.obj
 0001:00022360       DecomposeEtRangeMessage    0000000140023360 f   Decouptr.obj
 0001:00022540       RechercheDelimiteurDansMessage 0000000140023540 f   Decouptr.obj
 0001:00022620       RecupereMessageDansTrame   0000000140023620 f   Decouptr.obj
 0001:000227c0       LitHeure                   00000001400237c0 f   Decouptr.obj
 0001:00022950       DecoupeTrame               0000000140023950 f   Decouptr.obj
 0001:00022ca0       TraitEvenementOsys         0000000140023ca0 f   Decouptr.obj
 0001:000239c0       ?FonctionThreadEnvoiHeure@@YAHPEAX@Z 00000001400249c0 f   EnvHeureTermEth.obj
 0001:000239d0       ??_ECEnvHeureTermEth@@UEAAPEAXI@Z 00000001400249d0 f i  CIL library: CIL module
 0001:000239d0       ??_GCEnvHeureTermEth@@UEAAPEAXI@Z 00000001400249d0 f i EnvHeureTermEth.obj
 0001:00023a20       ?Boucle@CEnvHeureTermEth@@QEAAHXZ 0000000140024a20 f   EnvHeureTermEth.obj
 0001:00023b00       ??0CFichierTrace@@QEAA@XZ  0000000140024b00 f   FichierTrace.obj
 0001:00023bc0       ??_ECFichierTrace@@UEAAPEAXI@Z 0000000140024bc0 f i  CIL library: CIL module
 0001:00023bc0       ??_GCFichierTrace@@UEAAPEAXI@Z 0000000140024bc0 f i FichierTrace.obj
 0001:00023bf0       ??1CFichierTrace@@UEAA@XZ  0000000140024bf0 f   FichierTrace.obj
 0001:00023c90       ?CreerRepTrace@CFichierTrace@@IEAAXXZ 0000000140024c90 f   FichierTrace.obj
 0001:00023f00       ?CreerNomFichier@CFichierTrace@@IEAAXXZ 0000000140024f00 f   FichierTrace.obj
 0001:00024110       ?CompareDate@CFichierTrace@@IEAAHXZ 0000000140025110 f   FichierTrace.obj
 0001:00024220       ?EcritFichierTrace@CFichierTrace@@QEAAXPEADPEAPEADH@Z 0000000140025220 f   FichierTrace.obj
 0001:00024bf0       ?EcritMessage@CFichierTrace@@IEAAXPEAD@Z 0000000140025bf0 f   FichierTrace.obj
 0001:00024ca0       ?SupprimeTout@CGestionOsysMes@@QEAAXXZ 0000000140025ca0 f   GestMes.obj
 0001:00024e30       ?LitMessage@CGestionOsysMes@@QEAAHAEAVCString@@H@Z 0000000140025e30 f   GestMes.obj
 0001:00024ee0       ?Init@CGestionOsysMes@@QEAAXPEAD0@Z 0000000140025ee0 f   GestMes.obj
 0001:000254e0       ??0CGestModeSecure@@QEAA@PEAVCSocketTerminal@@@Z 00000001400264e0 f   GestModeSecure.obj
 0001:00025570       ??1CGestModeSecure@@QEAA@XZ 0000000140026570 f   GestModeSecure.obj
 0001:00025680       ?Receive@CGestModeSecure@@QEAAHPEAD@Z 0000000140026680 f   GestModeSecure.obj
 0001:00026130       ?SendSecure@CGestModeSecure@@QEAAHPEADH@Z 0000000140027130 f   GestModeSecure.obj
 0001:000267c0       ?FonctionDeLancementDUnThreadWaitForAck@@YAHPEAX@Z 00000001400277c0 f   GestModeSecure.obj
 0001:000267d0       ?InitWaitForAck@CGestModeSecure@@QEAAXXZ 00000001400277d0 f   GestModeSecure.obj
 0001:00026850       ?Boucle@CGestModeSecure@@QEAAXXZ 0000000140027850 f   GestModeSecure.obj
 0001:00026a00       ??_ECInfoSocketTcp@@UEAAPEAXI@Z 0000000140027a00 f i  CIL library: CIL module
 0001:00026a00       ??_GCInfoSocketTcp@@UEAAPEAXI@Z 0000000140027a00 f i InfoSocketTcp.obj
 0001:00026a30       ??0CListeMessTermEth@@QEAA@XZ 0000000140027a30 f   ListeMessTermEth.obj
 0001:00026ad0       ??_ECListeMessTermEth@@UEAAPEAXI@Z 0000000140027ad0 f i  CIL library: CIL module
 0001:00026ad0       ??_GCListeMessTermEth@@UEAAPEAXI@Z 0000000140027ad0 f i ListeMessTermEth.obj
 0001:00026b00       ??1CListeMessTermEth@@UEAA@XZ 0000000140027b00 f   ListeMessTermEth.obj
 0001:00026ba0       ?AjoutMess@CListeMessTermEth@@QEAAXPEAD@Z 0000000140027ba0 f   ListeMessTermEth.obj
 0001:00026c50       ?SupprimeTout@CListeMessTermEth@@QEAAXXZ 0000000140027c50 f   ListeMessTermEth.obj
 0001:00026c50       ?SupprimeTout@CListMessSecure@@QEAAXXZ 0000000140027c50 f   ListMessSecure.obj
 0001:00026d50       ?DmdeArret@CListeMessTermEth@@QEAAXXZ 0000000140027d50 f   ListeMessTermEth.obj
 0001:00026d90       ?FonctionDeLancementDUnThread@@YAHPEAX@Z 0000000140027d90 f   ListeMessTermEth.obj
 0001:00026da0       ?Boucle@CListeMessTermEth@@QEAAXXZ 0000000140027da0 f   ListeMessTermEth.obj
 0001:00026fc0       ?ArretThread@CListeMessTermEth@@QEAAXXZ 0000000140027fc0 f   ListeMessTermEth.obj
 0001:00026fc0       ?ArretThread@CListMessSecure@@QEAAXXZ 0000000140027fc0 f   ListMessSecure.obj
 0001:00027040       ??_ECListeTermFiltre@@UEAAPEAXI@Z 0000000140028040 f i  CIL library: CIL module
 0001:00027040       ??_GCListeTermFiltre@@UEAAPEAXI@Z 0000000140028040 f i ListeTermFiltre.obj
 0001:000270c0       ?InitListeTermFiltre@CListeTermFiltre@@QEAAHPEBD@Z 00000001400280c0 f   ListeTermFiltre.obj
 0001:00027290       ?ExtraitTermMinMax@CListeTermFiltre@@QEAAHAEAVCString@@AEAH1@Z 0000000140028290 f   ListeTermFiltre.obj
 0001:00027430       ?DecomposeChaineIntervalle@CListeTermFiltre@@QEAAHVCString@@AEAH1@Z 0000000140028430 f   ListeTermFiltre.obj
 0001:000278a0       ??_ECListInfoSocketTcp@@UEAAPEAXI@Z 00000001400288a0 f i  CIL library: CIL module
 0001:000278a0       ??_GCListInfoSocketTcp@@UEAAPEAXI@Z 00000001400288a0 f i ListInfoSocketTcp.obj
 0001:000278d0       ??1CListInfoSocketTcp@@UEAA@XZ 00000001400288d0 f   ListInfoSocketTcp.obj
 0001:00027950       ?GetInfoSocketTcp@CListInfoSocketTcp@@QEAAPEAVCInfoSocketTcp@@H@Z 0000000140028950 f   ListInfoSocketTcp.obj
 0001:00027a00       ?Raz@CListInfoSocketTcp@@QEAAXXZ 0000000140028a00 f   ListInfoSocketTcp.obj
 0001:00027af0       ?IsProblemAllSocket@CListInfoSocketTcp@@QEAAHXZ 0000000140028af0 f   ListInfoSocketTcp.obj
 0001:00027bd0       ?RazCompteurs24hInfoSocket@CListInfoSocketTcp@@QEAAXXZ 0000000140028bd0 f   ListInfoSocketTcp.obj
 0001:00027c70       ??0CListMessSecure@@QEAA@PEAVCGestModeSecure@@@Z 0000000140028c70 f   ListMessSecure.obj
 0001:00027d10       ??1CListMessSecure@@QEAA@XZ 0000000140028d10 f   ListMessSecure.obj
 0001:00027db0       ?AjoutMess@CListMessSecure@@QEAAXPEAD@Z 0000000140028db0 f   ListMessSecure.obj
 0001:00027e60       ?FonctionDeLancementDUnThreadSecure@@YAHPEAX@Z 0000000140028e60 f   ListMessSecure.obj
 0001:00027e70       ?Boucle@CListMessSecure@@QEAAXXZ 0000000140028e70 f   ListMessSecure.obj
 0001:000280e0       ?ActiveGestionTCP@@YAXXZ   00000001400290e0 f   scrutateur.obj
 0001:00028430       ?DesactiveGestionTCP@@YAXXZ 0000000140029430 f   scrutateur.obj
 0001:00028730       ??_GCListeTerminauxTCP@@QEAAPEAXI@Z 0000000140029730 f i scrutateur.obj
 0001:000287b0       ??_GCScrutClientSRV@@UEAAPEAXI@Z 00000001400297b0 f i ScrutClientSRV.obj
 0001:000287b0       ??_ECScrutClientSRV@@UEAAPEAXI@Z 00000001400297b0 f i  CIL library: CIL module
 0001:000287f0       ?EventData@CScrutClientSRV@@UEAAXPEAVCDataArchive@@@Z 00000001400297f0 f   ScrutClientSRV.obj
 0001:00028ee0       ?AttentReconnexion@CScrutClientSRV@@UEAAXXZ 0000000140029ee0 f   ScrutClientSRV.obj
 0001:00029090       ??_GCSerial@@UEAAPEAXI@Z   000000014002a090 f i Serial.obj
 0001:00029090       ??_ECSerial@@UEAAPEAXI@Z   000000014002a090 f i  CIL library: CIL module
 0001:00029100       ??1CSerial@@UEAA@XZ        000000014002a100 f   Serial.obj
 0001:00029150       ?Open@CSerial@@UEAAJPEBDKK_N@Z 000000014002a150 f   Serial.obj
 0001:000292f0       ?Close@CSerial@@UEAAJXZ    000000014002a2f0 f   Serial.obj
 0001:00029350       ?Setup@CSerial@@UEAAJW4EBaudrate@1@W4EDataBits@1@W4EParity@1@W4EStopBits@1@@Z 000000014002a350 f   Serial.obj
 0001:00029410       ?SetEventChar@CSerial@@UEAAJE_N@Z 000000014002a410 f   Serial.obj
 0001:000294d0       ?SetMask@CSerial@@UEAAJK@Z 000000014002a4d0 f   Serial.obj
 0001:00029540       ?WaitEvent@CSerial@@UEAAJPEAU_OVERLAPPED@@K@Z 000000014002a540 f   Serial.obj
 0001:00029680       ?SetupHandshaking@CSerial@@UEAAJW4EHandshake@1@@Z 000000014002a680 f   Serial.obj
 0001:00029760       ?SetupReadTimeouts@CSerial@@UEAAJW4EReadTimeout@1@@Z 000000014002a760 f   Serial.obj
 0001:00029820       ?GetBaudrate@CSerial@@UEAA?AW4EBaudrate@1@XZ 000000014002a820 f   Serial.obj
 0001:000298c0       ?GetDataBits@CSerial@@UEAA?AW4EDataBits@1@XZ 000000014002a8c0 f   Serial.obj
 0001:00029960       ?GetParity@CSerial@@UEAA?AW4EParity@1@XZ 000000014002a960 f   Serial.obj
 0001:00029a10       ?GetStopBits@CSerial@@UEAA?AW4EStopBits@1@XZ 000000014002aa10 f   Serial.obj
 0001:00029ab0       ?GetEventMask@CSerial@@UEAAKXZ 000000014002aab0 f   Serial.obj
 0001:00029ad0       ?GetEventChar@CSerial@@UEAAEXZ 000000014002aad0 f   Serial.obj
 0001:00029b70       ?GetHandshaking@CSerial@@UEAA?AW4EHandshake@1@XZ 000000014002ab70 f   Serial.obj
 0001:00029c60       ?Write@CSerial@@UEAAJPEBX_KPEAKPEAU_OVERLAPPED@@K@Z 000000014002ac60 f   Serial.obj
 0001:00029dd0       ?Write@CSerial@@UEAAJPEBDPEAKPEAU_OVERLAPPED@@K@Z 000000014002add0 f   Serial.obj
 0001:00029e20       ?Read@CSerial@@UEAAJPEAX_KPEAKPEAU_OVERLAPPED@@K@Z 000000014002ae20 f   Serial.obj
 0001:00029f90       ??_ECServTestScrut@@UEAAPEAXI@Z 000000014002af90 f i  CIL library: CIL module
 0001:00029f90       ??_GCServTestScrut@@UEAAPEAXI@Z 000000014002af90 f i ServTestScrut.obj
 0001:00029fd0       ?NewClient@CServTestScrut@@UEAAPEAVCSocketServeurArchive@@XZ 000000014002afd0 f   ServTestScrut.obj
 0001:0002a020       ?EnvoiMessageTerminal@CServTestScrut@@QEAAHHPEAD_JH@Z 000000014002b020 f   ServTestScrut.obj
 0001:0002a3f0       ?EnvoiCommandeTerminal@CServTestScrut@@QEAAHPEBD_J@Z 000000014002b3f0 f   ServTestScrut.obj
 0001:0002a760       ??0CNTService@@QEAA@PEBD0@Z 000000014002b760 f   NTService.obj
 0001:0002a960       ?RegisterService@CNTService@@UEAAHHPEAPEAD@Z 000000014002b960 f   NTService.obj
 0001:0002aae0       ?StartDispatcher@CNTService@@UEAAHXZ 000000014002bae0 f   NTService.obj
 0001:0002aba0       ?InstallService@CNTService@@UEAAHXZ 000000014002bba0 f   NTService.obj
 0001:0002ae30       ?RemoveService@CNTService@@UEAAHXZ 000000014002be30 f   NTService.obj
 0001:0002b070       ?EndService@CNTService@@UEAAHXZ 000000014002c070 f   NTService.obj
 0001:0002b200       ?StartupService@CNTService@@UEAAHXZ 000000014002c200 f   NTService.obj
 0001:0002b3c0       ?_FacelessWndProc_@@YA_JPEAUHWND__@@I_K_J@Z 000000014002c3c0 f   NTService.obj
 0001:0002b410       ?DebugService@CNTService@@UEAAHHPEAPEADH@Z 000000014002c410 f   NTService.obj
 0001:0002b590       ?ServiceMain@CNTService@@SAXKPEAPEAD@Z 000000014002c590 f   NTService.obj
 0001:0002b6a0       ?ServiceCtrl@CNTService@@SAXK@Z 000000014002c6a0 f   NTService.obj
 0001:0002b730       ?ControlHandler@CNTService@@SAHK@Z 000000014002c730 f   NTService.obj
 0001:0002b770       ?ReportStatus@CNTService@@QEAAHKKK@Z 000000014002c770 f   NTService.obj
 0001:0002b800       ?AddToMessageLog@CNTService@@UEAAXPEADGK@Z 000000014002c800 f   NTService.obj
 0001:0002b8d0       ?GetLastErrorText@CNTService@@QEAAPEADPEADK@Z 000000014002c8d0 f   NTService.obj
 0001:0002b990       ?RegisterApplicationLog@CNTService@@MEAAXPEBDK@Z 000000014002c990 f   NTService.obj
 0001:0002bc20       ?DeregisterApplicationLog@CNTService@@MEAAXXZ 000000014002cc20 f   NTService.obj
 0001:0002be80       ?SetupConsole@CNTService@@QEAAXXZ 000000014002ce80 f   NTService.obj
 0001:0002bfc0       ??_9CNTService@@$BEI@AA    000000014002cfc0 f i NTService.obj
 0001:0002bfd0       ??_9CNTService@@$BDA@AA    000000014002cfd0 f i NTService.obj
 0001:0002bfe0       ??_9CNTService@@$BEA@AA    000000014002cfe0 f i NTService.obj
 0001:0002bff0       ??_9CNTService@@$BFA@AA    000000014002cff0 f i NTService.obj
 0001:0002c000       ??_9CNTService@@$BDI@AA    000000014002d000 f i NTService.obj
 0001:0002c010       ?LitListeTermFiltre@CConfigurationDriver@@QEAA?AVCString@@XZ 000000014002d010 f i ServiceScrut.obj
 0001:0002c070       ?Run@CServiceScrut@@UEAAXKPEAPEAD@Z 000000014002d070 f   ServiceScrut.obj
 0001:0002c190       ?Stop@CServiceScrut@@UEAAXXZ 000000014002d190 f   ServiceScrut.obj
 0001:0002c260       ?Scrutation@CServiceScrut@@AEAAXXZ 000000014002d260 f   ServiceScrut.obj
 0001:0002cf50       ?LanceScrut@CServiceScrut@@AEAAXXZ 000000014002df50 f   ServiceScrut.obj
 0001:0002ea00       main                       000000014002fa00 f   Osysscrut.obj
 0001:0002ead0       __security_check_cookie    000000014002fad0 f   LIBCMT:amdsecgs.obj
 0001:0002eaf0       ??3@YAXPEAX@Z              000000014002faf0 f   LIBCMT:delete.obj
 0001:0002eaf8       ??_Etype_info@@UEAAPEAXI@Z 000000014002faf8 f i LIBCMT:typinfo.obj
 0001:0002eaf8       ??_Gtype_info@@UEAAPEAXI@Z 000000014002faf8 f i LIBCMT:typinfo.obj
 0001:0002eb34       ??8type_info@@QEBA_NAEBV0@@Z 000000014002fb34 f   LIBCMT:typinfo.obj
 0001:0002eb54       div                        000000014002fb54 f   LIBCMT:div.obj
 0001:0002eb6c       printf                     000000014002fb6c f   LIBCMT:printf.obj
 0001:0002ec18       _get_printf_count_output   000000014002fc18 f   LIBCMT:printf.obj
 0001:0002ec84       _itoa                      000000014002fc84 f   LIBCMT:xtoa.obj
 0001:0002ecb0       free                       000000014002fcb0 f   LIBCMT:free.obj
 0001:0002ecf0       malloc                     000000014002fcf0 f   LIBCMT:malloc.obj
 0001:0002edc0       strncpy                    000000014002fdc0 f   LIBCMT:strncpy.obj
 0001:0002ef24       ??0_LocaleUpdate@@QEAA@PEAUlocaleinfo_struct@@@Z 000000014002ff24 f i LIBCMT:toupper.obj
 0001:0002efc8       _toupper_l                 000000014002ffc8 f   LIBCMT:toupper.obj
 0001:0002f118       toupper                    0000000140030118 f   LIBCMT:toupper.obj
 0001:0002f138       realloc                    0000000140030138 f   LIBCMT:realloc.obj
 0001:0002f20c       ??_U@YAPEAX_K@Z            000000014003020c f   LIBCMT:new2.obj
 0001:0002f214       ??_V@YAXPEAX@Z             0000000140030214 f   LIBCMT:delete2.obj
 0001:0002f21c       __ascii_stricmp            000000014003021c f   LIBCMT:stricmp.obj
 0001:0002f258       _stricmp_l                 0000000140030258 f   LIBCMT:stricmp.obj
 0001:0002f330       _stricmp                   0000000140030330 f   LIBCMT:stricmp.obj
 0001:0002f390       memmove                    0000000140030390     LIBCMT:memcpy.obj
 0001:0002f390       memcpy                     0000000140030390 f   LIBCMT:memcpy.obj
 0001:0002f6c4       strchr                     00000001400306c4 f   LIBCMT:strchr.obj
 0001:0002f6e0       _tolower_l                 00000001400306e0 f   LIBCMT:tolower.obj
 0001:0002f830       _initp_heap_handler        0000000140030830 f   LIBCMT:handler.obj
 0001:0002f838       ?_set_new_handler@@YAP6AH_K@ZP6AH0@Z@Z 0000000140030838 f   LIBCMT:handler.obj
 0001:0002f888       _callnewh                  0000000140030888 f   LIBCMT:handler.obj
 0001:0002f8bc       strrchr                    00000001400308bc f   LIBCMT:strrchr.obj
 0001:0002f8e4       strpbrk                    00000001400308e4 f   LIBCMT:strpbrk.obj
 0001:0002f980       _snprintf                  0000000140030980 f   LIBCMT:snprintf.obj
 0001:0002fa34       ??1bad_alloc@std@@UEAA@XZ  0000000140030a34 f i LIBCMT:new.obj
 0001:0002fa44       ??_Gbad_alloc@std@@UEAAPEAXI@Z 0000000140030a44 f i LIBCMT:new.obj
 0001:0002fa44       ??_Ebad_alloc@std@@UEAAPEAXI@Z 0000000140030a44 f i LIBCMT:new.obj
 0001:0002fa80       ??0bad_alloc@std@@QEAA@AEBV01@@Z 0000000140030a80 f i LIBCMT:new.obj
 0001:0002faa4       ??2@YAPEAX_K@Z             0000000140030aa4 f   LIBCMT:new.obj
 0001:0002fb48       __crtCorExitProcess        0000000140030b48 f   LIBCMT:crt0dat.obj
 0001:0002fb84       __crtExitProcess           0000000140030b84 f   LIBCMT:crt0dat.obj
 0001:0002fb9c       _lockexit                  0000000140030b9c f   LIBCMT:crt0dat.obj
 0001:0002fba8       _unlockexit                0000000140030ba8 f   LIBCMT:crt0dat.obj
 0001:0002fbb4       _init_pointers             0000000140030bb4 f   LIBCMT:crt0dat.obj
 0001:0002fc2c       _initterm_e                0000000140030c2c f   LIBCMT:crt0dat.obj
 0001:0002fc68       _cinit                     0000000140030c68 f   LIBCMT:crt0dat.obj
 0001:0002fea8       exit                       0000000140030ea8 f   LIBCMT:crt0dat.obj
 0001:0002feb4       _exit                      0000000140030eb4 f   LIBCMT:crt0dat.obj
 0001:0002fec0       _cexit                     0000000140030ec0 f   LIBCMT:crt0dat.obj
 0001:0002fed0       _c_exit                    0000000140030ed0 f   LIBCMT:crt0dat.obj
 0001:0002fee0       _amsg_exit                 0000000140030ee0 f   LIBCMT:crt0dat.obj
 0001:0002ff08       sprintf                    0000000140030f08 f   LIBCMT:sprintf.obj
 0001:0002ffa8       _vsnprintf_l               0000000140030fa8 f   LIBCMT:vsnprint.obj
 0001:00030074       _vsnprintf                 0000000140031074 f   LIBCMT:vsnprint.obj
 0001:00030134       sscanf                     0000000140031134 f   LIBCMT:sscanf.obj
 0001:0003016c       fputc                      000000014003116c f   LIBCMT:fputc.obj
 0001:00030284       fgetc                      0000000140031284 f   LIBCMT:fgetc.obj
 0001:00030388       _fsopen                    0000000140031388 f   LIBCMT:fopen.obj
 0001:00030460       fopen                      0000000140031460 f   LIBCMT:fopen.obj
 0001:0003046c       _fread_nolock_s            000000014003146c f   LIBCMT:fread.obj
 0001:000306a4       fread_s                    00000001400316a4 f   LIBCMT:fread.obj
 0001:0003074c       fread                      000000014003174c f   LIBCMT:fread.obj
 0001:0003076c       _fwrite_nolock             000000014003176c f   LIBCMT:fwrite.obj
 0001:000308f8       fwrite                     00000001400318f8 f   LIBCMT:fwrite.obj
 0001:00030988       _fclose_nolock             0000000140031988 f   LIBCMT:fclose.obj
 0001:00030a04       fclose                     0000000140031a04 f   LIBCMT:fclose.obj
 0001:00030a6c       _msize                     0000000140031a6c f   LIBCMT:msize.obj
 0001:00030aa8       _getdrive                  0000000140031aa8 f   LIBCMT:drive.obj
 0001:00030b98       remove                     0000000140031b98 f   LIBCMT:unlink.obj
 0001:00030bc8       __time64_t_from_ft         0000000140031bc8 f   LIBCMT:findfi32.obj
 0001:00030c58       _findfirst64i32            0000000140031c58 f   LIBCMT:findfi32.obj
 0001:00030da0       _findnext64i32             0000000140031da0 f   LIBCMT:findfi32.obj
 0001:00030ec4       _findclose                 0000000140031ec4 f   LIBCMT:findfile.obj
 0001:00030eec       _mkdir                     0000000140031eec f   LIBCMT:mkdir.obj
 0001:00030f20       _stat64i32                 0000000140031f20 f   LIBCMT:stati32.obj
 0001:00031420       vprintf_helper             0000000140032420 f   LIBCMT:vprintf.obj
 0001:000314c8       vprintf                    00000001400324c8 f   LIBCMT:vprintf.obj
 0001:000314e0       perror                     00000001400324e0 f   LIBCMT:perror.obj
 0001:00031590       __iob_func                 0000000140032590 f   LIBCMT:_file.obj
 0001:00031598       __initstdio                0000000140032598 f   LIBCMT:_file.obj
 0001:00031678       __endstdio                 0000000140032678 f   LIBCMT:_file.obj
 0001:000316a0       _lock_file                 00000001400326a0 f   LIBCMT:_file.obj
 0001:00031704       _lock_file2                0000000140032704 f   LIBCMT:_file.obj
 0001:00031738       _unlock_file               0000000140032738 f   LIBCMT:_file.obj
 0001:00031784       _unlock_file2              0000000140032784 f   LIBCMT:_file.obj
 0001:000317a4       fprintf                    00000001400327a4 f   LIBCMT:fprintf.obj
 0001:000318d4       _time64                    00000001400328d4 f   LIBCMT:time64.obj
 0001:00031934       fputs                      0000000140032934 f   LIBCMT:fputs.obj
 0001:00031a68       _flush                     0000000140032a68 f   LIBCMT:fflush.obj
 0001:00031ae4       _fflush_nolock             0000000140032ae4 f   LIBCMT:fflush.obj
 0001:00031c1c       fflush                     0000000140032c1c f   LIBCMT:fflush.obj
 0001:00031c60       _flushall                  0000000140032c60 f   LIBCMT:fflush.obj
 0001:00031c6c       _ftell_nolock              0000000140032c6c f   LIBCMT:ftell.obj
 0001:00031e24       ftell                      0000000140032e24 f   LIBCMT:ftell.obj
 0001:00031e7c       _purecall                  0000000140032e7c f   LIBCMT:purevirt.obj
 0001:00031eb4       atoi                       0000000140032eb4 f   LIBCMT:atox.obj
 0001:00031eb4       atol                       0000000140032eb4 f   LIBCMT:atox.obj
 0001:00031ec0       isalpha                    0000000140032ec0 f i LIBCMT:_ctype.obj
 0001:00031f44       isdigit                    0000000140032f44 f i LIBCMT:_ctype.obj
 0001:00031fc4       isxdigit                   0000000140032fc4 f i LIBCMT:_ctype.obj
 0001:00032048       isspace                    0000000140033048 f i LIBCMT:_ctype.obj
 0001:000320c8       _getextendedkeycode        00000001400330c8 f   LIBCMT:getch.obj
 0001:00032174       _getch_nolock              0000000140033174 f   LIBCMT:getch.obj
 0001:00032274       _kbhit_nolock              0000000140033274 f   LIBCMT:getch.obj
 0001:00032414       _getch                     0000000140033414 f   LIBCMT:getch.obj
 0001:00032440       _kbhit                     0000000140033440 f   LIBCMT:getch.obj
 0001:0003246c       _localtime64_s             000000014003346c f   LIBCMT:loctim64.obj
 0001:00032788       _localtime64               0000000140033788 f   LIBCMT:loctim64.obj
 0001:00032a84       _mktime64                  0000000140033a84 f   LIBCMT:mktime64.obj
 0001:00032aa0       strncmp                    0000000140033aa0 f   LIBCMT:strncmp.obj
 0001:00032b58       _ftime64_s                 0000000140033b58 f   LIBCMT:ftime64.obj
 0001:00032cec       _ftime64                   0000000140033cec f   LIBCMT:ftime64.obj
 0001:00033974       _Strftime_l                0000000140034974 f   LIBCMT:strftime.obj
 0001:00033b44       strftime                   0000000140034b44 f   LIBCMT:strftime.obj
 0001:00033b60       setvbuf                    0000000140034b60 f   LIBCMT:setvbuf.obj
 0001:00033c70       _set_osfhnd                0000000140034c70 f   LIBCMT:osfinfo.obj
 0001:00033d20       _free_osfhnd               0000000140034d20 f   LIBCMT:osfinfo.obj
 0001:00033dcc       _get_osfhandle             0000000140034dcc f   LIBCMT:osfinfo.obj
 0001:00033e40       __lock_fhandle             0000000140034e40 f   LIBCMT:osfinfo.obj
 0001:00033ee8       _unlock_fhandle            0000000140034ee8 f   LIBCMT:osfinfo.obj
 0001:00033f10       _alloc_osfhnd              0000000140034f10 f   LIBCMT:osfinfo.obj
 0001:00034118       _open_osfhandle            0000000140035118 f   LIBCMT:osfinfo.obj
 0001:00034214       _fdopen                    0000000140035214 f   LIBCMT:fdopen.obj
 0001:00034538       mainCRTStartup             0000000140035538 f   LIBCMT:crt0.obj
 0001:0003454c       __report_gsfailure         000000014003554c f   LIBCMT:gs_report.obj
 0001:00034698       ?_Type_info_dtor@type_info@@CAXPEAV1@@Z 0000000140035698 f   LIBCMT:typname.obj
 0001:00034720       strcmp                     0000000140035720 f   LIBCMT:strcmp.obj
 0001:000347d0       __C_specific_handler       00000001400357d0 f   LIBCMT:chandler.obj
 0001:000349d0       _stbuf                     00000001400359d0 f   LIBCMT:_sftbuf.obj
 0001:00034aa4       _ftbuf                     0000000140035aa4 f   LIBCMT:_sftbuf.obj
 0001:00034bf8       _output_l                  0000000140035bf8 f   LIBCMT:output.obj
 0001:0003565c       _initp_misc_invarg         000000014003665c f   LIBCMT:invarg.obj
 0001:00035664       _call_reportfault          0000000140036664 f   LIBCMT:invarg.obj
 0001:000357b0       _invoke_watson             00000001400367b0 f   LIBCMT:invarg.obj
 0001:000357e4       _invalid_parameter         00000001400367e4 f   LIBCMT:invarg.obj
 0001:00035854       _invalid_parameter_noinfo  0000000140036854 f   LIBCMT:invarg.obj
 0001:00035874       _get_errno_from_oserr      0000000140036874 f   LIBCMT:dosmap.obj
 0001:000358bc       _errno                     00000001400368bc f   LIBCMT:dosmap.obj
 0001:000358dc       __doserrno                 00000001400368dc f   LIBCMT:dosmap.obj
 0001:000358fc       _dosmaperr                 00000001400368fc f   LIBCMT:dosmap.obj
 0001:00035944       _heap_init                 0000000140036944 f   LIBCMT:heapinit.obj
 0001:0003599c       _GET_RTERRMSG              000000014003699c f   LIBCMT:crt0msg.obj
 0001:000359c8       _NMSG_WRITE                00000001400369c8 f   LIBCMT:crt0msg.obj
 0001:00035c28       _FF_MSGBANNER              0000000140036c28 f   LIBCMT:crt0msg.obj
 0001:00035ee8       __updatetmbcinfo           0000000140036ee8 f   LIBCMT:mbctype.obj
 0001:00036034       _setmbcp_nolock            0000000140037034 f   LIBCMT:mbctype.obj
 0001:000362ac       _setmbcp                   00000001400372ac f   LIBCMT:mbctype.obj
 0001:0003648c       __initmbctable             000000014003748c f   LIBCMT:mbctype.obj
 0001:000364b4       __addlocaleref             00000001400374b4 f   LIBCMT:localref.obj
 0001:00036540       __removelocaleref          0000000140037540 f   LIBCMT:localref.obj
 0001:000365e4       __freetlocinfo             00000001400375e4 f   LIBCMT:localref.obj
 0001:00036760       _updatetlocinfoEx_nolock   0000000140037760 f   LIBCMT:localref.obj
 0001:000367b8       __updatetlocinfo           00000001400377b8 f   LIBCMT:localref.obj
 0001:00036830       _encoded_null              0000000140037830 f   LIBCMT:tidtable.obj
 0001:0003683c       _mtterm                    000000014003783c f   LIBCMT:tidtable.obj
 0001:00036864       _initptd                   0000000140037864 f   LIBCMT:tidtable.obj
 0001:0003691c       _getptd_noexit             000000014003791c f   LIBCMT:tidtable.obj
 0001:000369a0       _getptd                    00000001400379a0 f   LIBCMT:tidtable.obj
 0001:000369c4       _freefls                   00000001400379c4 f   LIBCMT:tidtable.obj
 0001:00036af8       _mtinit                    0000000140037af8 f   LIBCMT:tidtable.obj
 0001:00036e48       __crtLCMapStringA          0000000140037e48 f   LIBCMT:a_map.obj
 0001:00036ee0       _isleadbyte_l              0000000140037ee0 f i LIBCMT:_wctype.obj
 0001:00036f28       isleadbyte                 0000000140037f28 f i LIBCMT:_wctype.obj
 0001:00036f70       _isctype_l                 0000000140037f70 f   LIBCMT:isctype.obj
 0001:0003739c       __crtCompareStringA        000000014003839c f   LIBCMT:a_cmp.obj
 0001:00037428       _mtinitlocks               0000000140038428 f   LIBCMT:mlock.obj
 0001:000374ac       _mtdeletelocks             00000001400384ac f   LIBCMT:mlock.obj
 0001:00037534       _unlock                    0000000140038534 f   LIBCMT:mlock.obj
 0001:0003754c       _mtinitlocknum             000000014003854c f   LIBCMT:mlock.obj
 0001:00037634       _lock                      0000000140038634 f   LIBCMT:mlock.obj
 0001:00037678       __GSHandlerCheckCommon     0000000140038678 f   LIBCMT:gshandler.obj
 0001:000376dc       __GSHandlerCheck           00000001400386dc f   LIBCMT:gshandler.obj
 0001:000376fc       _flsbuf                    00000001400386fc f   LIBCMT:_flsbuf.obj
 0001:000378a0       memset                     00000001400388a0 f   LIBCMT:memset.obj
 0001:0003798c       ??0exception@std@@QEAA@AEBQEBDH@Z 000000014003898c f   LIBCMT:stdexcpt.obj
 0001:000379a8       ?what@exception@std@@UEBAPEBDXZ 00000001400389a8 f   LIBCMT:stdexcpt.obj
 0001:000379bc       ?_Copy_str@exception@std@@AEAAXPEBD@Z 00000001400389bc f   LIBCMT:stdexcpt.obj
 0001:00037a18       ?_Tidy@exception@std@@AEAAXXZ 0000000140038a18 f   LIBCMT:stdexcpt.obj
 0001:00037a40       ??0exception@std@@QEAA@AEBQEBD@Z 0000000140038a40 f   LIBCMT:stdexcpt.obj
 0001:00037a70       ??4exception@std@@QEAAAEAV01@AEBV01@@Z 0000000140038a70 f   LIBCMT:stdexcpt.obj
 0001:00037ab4       ??1exception@std@@UEAA@XZ  0000000140038ab4 f   LIBCMT:stdexcpt.obj
 0001:00037ac4       ??_Gexception@std@@UEAAPEAXI@Z 0000000140038ac4 f i LIBCMT:stdexcpt.obj
 0001:00037ac4       ??_Eexception@std@@UEAAPEAXI@Z 0000000140038ac4 f i LIBCMT:stdexcpt.obj
 0001:00037b00       ??0exception@std@@QEAA@AEBV01@@Z 0000000140038b00 f   LIBCMT:stdexcpt.obj
 0001:00037b2c       __onexitinit               0000000140038b2c f   LIBCMT:onexit.obj
 0001:00037b70       _onexit                    0000000140038b70 f   LIBCMT:onexit.obj
 0001:00037c7c       atexit                     0000000140038c7c f   LIBCMT:onexit.obj
 0001:00037c94       _CxxThrowException         0000000140038c94 f   LIBCMT:throw.obj
 0001:00037d28       ?terminate@@YAXXZ          0000000140038d28 f   LIBCMT:hooks.obj
 0001:00037d4c       ?_inconsistency@@YAXXZ     0000000140038d4c f   LIBCMT:hooks.obj
 0001:00037d74       _initp_eh_hooks            0000000140038d74 f   LIBCMT:hooks.obj
 0001:00037d94       _initp_misc_winsig         0000000140038d94 f   LIBCMT:winsig.obj
 0001:00037db4       __get_sigabrt              0000000140038db4 f   LIBCMT:winsig.obj
 0001:00037dc4       raise                      0000000140038dc4 f   LIBCMT:winsig.obj
 0001:00037ff8       _initp_misc_rand_s         0000000140038ff8 f   LIBCMT:rand_s.obj
 0001:00038000       _initp_misc_purevirt       0000000140039000 f   LIBCMT:inithelp.obj
 0001:00038008       _RTC_Initialize            0000000140039008 f   LIBCMT:_initsect_.obj
 0001:00038040       _RTC_Terminate             0000000140039040 f   LIBCMT:_initsect_.obj
 0001:00038078       _initp_misc_cfltcvt_tab    0000000140039078 f   LIBCMT:cmiscdat.obj
 0001:000380b0       _ValidateImageBase         00000001400390b0 f   LIBCMT:pesect.obj
 0001:000380e0       _FindPESection             00000001400390e0 f   LIBCMT:pesect.obj
 0001:00038130       _IsNonwritableInCurrentImage 0000000140039130 f   LIBCMT:pesect.obj
 0001:00038190       strlen                     0000000140039190 f   LIBCMT:strlen.obj
 0001:000382f8       _input_l                   00000001400392f8 f   LIBCMT:input.obj
 0001:0003936c       _ioinit                    000000014003a36c f   LIBCMT:ioinit.obj
 0001:00039640       _fileno                    000000014003a640 f   LIBCMT:fileno.obj
 0001:00039668       _filbuf                    000000014003a668 f   LIBCMT:_filbuf.obj
 0001:000397bc       _openfile                  000000014003a7bc f   LIBCMT:_open.obj
 0001:00039a74       _getstream                 000000014003aa74 f   LIBCMT:stream.obj
 0001:00039be0       _local_unwind              000000014003abe0 f   LIBCMT:jmpuwind.obj
 0001:00039c10       _NLG_Notify                000000014003ac10 f   LIBCMT:jmpuwind.obj
 0001:00039c30       __NLG_Dispatch2            000000014003ac30 f   LIBCMT:jmpuwind.obj
 0001:00039c40       __NLG_Return2              000000014003ac40 f   LIBCMT:jmpuwind.obj
 0001:00039c44       _read_nolock               000000014003ac44 f   LIBCMT:read.obj
 0001:0003a368       _read                      000000014003b368 f   LIBCMT:read.obj
 0001:0003a484       memcpy_s                   000000014003b484 f   LIBCMT:memcpy_s.obj
 0001:0003a50c       _write_nolock              000000014003b50c f   LIBCMT:write.obj
 0001:0003ac6c       _write                     000000014003bc6c f   LIBCMT:write.obj
 0001:0003ad4c       _close_nolock              000000014003bd4c f   LIBCMT:close.obj
 0001:0003ae08       _close                     000000014003be08 f   LIBCMT:close.obj
 0001:0003aecc       _freebuf                   000000014003becc f   LIBCMT:_freebuf.obj
 0001:0003af04       _malloc_crt                000000014003bf04 f   LIBCMT:crtheap.obj
 0001:0003af84       _calloc_crt                000000014003bf84 f   LIBCMT:crtheap.obj
 0001:0003b008       _realloc_crt               000000014003c008 f   LIBCMT:crtheap.obj
 0001:0003b090       _recalloc_crt              000000014003c090 f   LIBCMT:crtheap.obj
 0001:0003b118       __GSHandlerCheck_SEH       000000014003c118 f   LIBCMT:gshandlerseh.obj
 0001:0003b1ac       __loctotime64_t            000000014003c1ac f   LIBCMT:dtoxtm64.obj
 0001:0003b478       strcpy_s                   000000014003c478 f   LIBCMT:strcpy_s.obj
 0001:0003b4dc       _fullpath                  000000014003c4dc f   LIBCMT:fullpath.obj
 0001:0003b608       __dtoxmode                 000000014003c608 f   LIBCMT:stat.obj
 0001:0003b6f0       _fstat64i32                000000014003c6f0 f   LIBCMT:fstati32.obj
 0001:0003c24c       _sopen_helper              000000014003d24c f   LIBCMT:open.obj
 0001:0003c320       _sopen_s                   000000014003d320 f   LIBCMT:open.obj
 0001:0003c354       _mbctolower_l              000000014003d354 f   LIBCMT:mbtolwr.obj
 0001:0003c438       _mbctolower                000000014003d438 f   LIBCMT:mbtolwr.obj
 0001:0003c440       _mbspbrk_l                 000000014003d440 f   LIBCMT:mbspbrk.obj
 0001:0003c534       _mbspbrk                   000000014003d534 f   LIBCMT:mbspbrk.obj
 0001:0003c53c       __sys_nerr                 000000014003d53c f   LIBCMT:syserr.obj
 0001:0003c544       __sys_errlist              000000014003d544 f   LIBCMT:syserr.obj
 0001:0003c54c       _fcloseall                 000000014003d54c f   LIBCMT:closeall.obj
 0001:0003c5f8       _commit                    000000014003d5f8 f   LIBCMT:commit.obj
 0001:0003c6d0       _lseek_nolock              000000014003d6d0 f   LIBCMT:lseek.obj
 0001:0003c768       _lseek                     000000014003d768 f   LIBCMT:lseek.obj
 0001:0003c848       abort                      000000014003d848 f   LIBCMT:abort.obj
 0001:0003c888       _set_abort_behavior        000000014003d888 f   LIBCMT:abort.obj
 0001:0003cb10       strtol                     000000014003db10 f   LIBCMT:strtol.obj
 0001:0003cb40       __initconin                000000014003db40 f   LIBCMT:initconin.obj
 0001:0003cb7c       __termconin                000000014003db7c f   LIBCMT:initconin.obj
 0001:0003cbb0       _alloca_probe              000000014003dbb0     LIBCMT:chkstk.obj
 0001:0003cbb0       __chkstk                   000000014003dbb0 f   LIBCMT:chkstk.obj
 0001:0003d600       __tzset                    000000014003e600 f   LIBCMT:tzset.obj
 0001:0003d63c       _isindst                   000000014003e63c f   LIBCMT:tzset.obj
 0001:0003d66c       _gmtime64_s                000000014003e66c f   LIBCMT:gmtime64.obj
 0001:0003d93c       _get_daylight              000000014003e93c f   LIBCMT:timeset.obj
 0001:0003d96c       _get_dstbias               000000014003e96c f   LIBCMT:timeset.obj
 0001:0003d99c       _get_timezone              000000014003e99c f   LIBCMT:timeset.obj
 0001:0003d9cc       __daylight                 000000014003e9cc f   LIBCMT:timeset.obj
 0001:0003d9d4       __dstbias                  000000014003e9d4 f   LIBCMT:timeset.obj
 0001:0003d9dc       __timezone                 000000014003e9dc f   LIBCMT:timeset.obj
 0001:0003d9e4       __tzname                   000000014003e9e4 f   LIBCMT:timeset.obj
 0001:0003d9ec       __getgmtimebuf             000000014003e9ec f   LIBCMT:gmtime.obj
 0001:0003da34       ?__CxxUnhandledExceptionFilter@@YAJPEAU_EXCEPTION_POINTERS@@@Z 000000014003ea34 f   LIBCMT:unhandld.obj
 0001:0003da78       __CxxSetUnhandledExceptionFilter 000000014003ea78 f   LIBCMT:unhandld.obj
 0001:0003da90       _XcptFilter                000000014003ea90 f   LIBCMT:winxfltr.obj
 0001:0003dc60       _setenvp                   000000014003ec60 f   LIBCMT:stdenvp.obj
 0001:0003df60       _setargv                   000000014003ef60 f   LIBCMT:stdargv.obj
 0001:0003e058       __crtGetEnvironmentStringsA 000000014003f058 f   LIBCMT:a_env.obj
 0001:0003e14c       __security_init_cookie     000000014003f14c f   LIBCMT:gs_support.obj
 0001:0003e200       __crt_debugger_hook        000000014003f200 f   LIBCMT:dbghook.obj
 0001:0003e208       _isatty                    000000014003f208 f   LIBCMT:isatty.obj
 0001:0003e268       _wctomb_s_l                000000014003f268 f   LIBCMT:wctomb.obj
 0001:0003e42c       wctomb_s                   000000014003f42c f   LIBCMT:wctomb.obj
 0001:0003e440       __crtMessageBoxW           000000014003f440 f   LIBCMT:crtmboxw.obj
 0001:0003e648       wcscat_s                   000000014003f648 f   LIBCMT:wcscat_s.obj
 0001:0003e6d0       wcsncpy_s                  000000014003f6d0 f   LIBCMT:wcsncpy_s.obj
 0001:0003e7a0       wcslen                     000000014003f7a0 f   LIBCMT:wcslen.obj
 0001:0003e7bc       wcscpy_s                   000000014003f7bc f   LIBCMT:wcscpy_s.obj
 0001:0003e828       _set_error_mode            000000014003f828 f   LIBCMT:errmode.obj
 0001:0003e9c8       __crtGetStringTypeA        000000014003f9c8 f   LIBCMT:a_str.obj
 0001:0003ea48       __free_lc_time             000000014003fa48 f   LIBCMT:inittime.obj
 0001:0003ee38       __free_lconv_num           000000014003fe38 f   LIBCMT:initnum.obj
 0001:0003eea4       __free_lconv_mon           000000014003fea4 f   LIBCMT:initmon.obj
 0001:0003efb0       ___lc_codepage_func        000000014003ffb0 f   LIBCMT:initctyp.obj
 0001:0003efe8       strncpy_s                  000000014003ffe8 f   LIBCMT:strncpy_s.obj
 0001:0003f0c0       memcmp                     00000001400400c0 f   LIBCMT:memcmp.obj
 0001:0003f188       _lseeki64_nolock           0000000140040188 f   LIBCMT:lseeki64.obj
 0001:0003f220       _lseeki64                  0000000140040220 f   LIBCMT:lseeki64.obj
 0001:0003f304       _getbuf                    0000000140040304 f   LIBCMT:_getbuf.obj
 0001:0003f358       _fptrap                    0000000140040358 f   LIBCMT:crt0fp.obj
 0001:0003f364       _ungetc_nolock             0000000140040364 f   LIBCMT:ungetc.obj
 0001:0003f470       _mbtowc_l                  0000000140040470 f   LIBCMT:mbtowc.obj
 0001:0003f5e8       mbtowc                     00000001400405e8 f   LIBCMT:mbtowc.obj
 0001:0003f5f0       _mbsnbicmp_l               00000001400405f0 f   LIBCMT:mbsnbicm.obj
 0001:0003f7d8       _mbsnbicmp                 00000001400407d8 f   LIBCMT:mbsnbicm.obj
 0001:0003f7e0       _mbsnbcmp_l                00000001400407e0 f   LIBCMT:mbsnbcmp.obj
 0001:0003f940       _mbsnbcmp                  0000000140040940 f   LIBCMT:mbsnbcmp.obj
 0001:0003f948       _putwch_nolock             0000000140040948 f   LIBCMT:putwch.obj
 0001:0003f9a4       _calloc_impl               00000001400409a4 f   LIBCMT:calloc_impl.obj
 0001:0003fa40       _recalloc                  0000000140040a40 f   LIBCMT:recalloc.obj
 0001:0003fac8       _validdrive                0000000140040ac8 f   LIBCMT:getcwd.obj
 0001:0003fb2c       _getdcwd_nolock            0000000140040b2c f   LIBCMT:getcwd.obj
 0001:0003fc58       _getcwd                    0000000140040c58 f   LIBCMT:getcwd.obj
 0001:0003fc9c       calloc                     0000000140040c9c f   LIBCMT:calloc.obj
 0001:0003fce0       _mbsicmp_l                 0000000140040ce0 f   LIBCMT:mbsicmp.obj
 0001:0003feec       _mbsicmp                   0000000140040eec f   LIBCMT:mbsicmp.obj
 0001:0003fef4       _mbsrchr_l                 0000000140040ef4 f   LIBCMT:mbsrchr.obj
 0001:0003ffd4       _mbsrchr                   0000000140040fd4 f   LIBCMT:mbsrchr.obj
 0001:0003ffdc       _chsize_nolock             0000000140040fdc f   LIBCMT:chsize.obj
 0001:00040174       _setmode_nolock            0000000140041174 f   LIBCMT:setmode.obj
 0001:00040244       _get_fmode                 0000000140041244 f   LIBCMT:setmode.obj
 0001:00040274       _getenv_helper_nolock      0000000140041274 f   LIBCMT:getenv.obj
 0001:00040394       _ismbblead                 0000000140041394 f   LIBCMT:ismbbyte.obj
 0001:000403a8       __ascii_strnicmp           00000001400413a8 f   LIBCMT:strnicmp.obj
 0001:000403f0       _strnicmp_l                00000001400413f0 f   LIBCMT:strnicmp.obj
 0001:000404f4       _strnicmp                  00000001400414f4 f   LIBCMT:strnicmp.obj
 0001:00040544       __initconout               0000000140041544 f   LIBCMT:initcon.obj
 0001:00040580       __termconout               0000000140041580 f   LIBCMT:initcon.obj
 0001:000405a4       _mbsnbicoll_l              00000001400415a4 f   LIBCMT:mbsnbico.obj
 0001:000406a8       _mbsnbicoll                00000001400416a8 f   LIBCMT:mbsnbico.obj
 0001:000406b0       __wtomb_environ            00000001400416b0 f   LIBCMT:wtombenv.obj
 0001:000407a4       _strnicoll_l               00000001400417a4 f   LIBCMT:strnicol.obj
 0001:000408a8       __crtsetenv                00000001400418a8 f   LIBCMT:setenv.obj
 0001:00040c44       _strdup                    0000000140041c44 f   LIBCMT:strdup.obj
 0001:00040cb4       _mbschr_l                  0000000140041cb4 f   LIBCMT:mbschr.obj
 0001:00040da0       _mbschr                    0000000140041da0 f   LIBCMT:mbschr.obj
 0001:00040da8       RtlVirtualUnwind           0000000140041da8 f   kernel32:KERNEL32.dll
 0001:00040dae       RtlLookupFunctionEntry     0000000140041dae f   kernel32:KERNEL32.dll
 0001:00040db4       RtlUnwindEx                0000000140041db4 f   kernel32:KERNEL32.dll
 0001:00040dba       RtlPcToFileHeader          0000000140041dba f   kernel32:KERNEL32.dll
 0001:00040dc0       ?_GetEstablisherFrame@@YAPEA_KPEA_KPEAU_xDISPATCHER_CONTEXT@@PEBU_s_FuncInfo@@0@Z 0000000140041dc0 f   LIBCMT:trnsctrl.obj
 0001:00040eac       _GetImageBase              0000000140041eac f   LIBCMT:trnsctrl.obj
 0001:00040ec4       _GetThrowImageBase         0000000140041ec4 f   LIBCMT:trnsctrl.obj
 0001:00040edc       _SetImageBase              0000000140041edc f   LIBCMT:trnsctrl.obj
 0001:00040ef8       _SetThrowImageBase         0000000140041ef8 f   LIBCMT:trnsctrl.obj
 0001:00040f14       ?__FrameUnwindToEmptyState@@YAXPEA_KPEAU_xDISPATCHER_CONTEXT@@PEBU_s_FuncInfo@@@Z 0000000140041f14 f   LIBCMT:trnsctrl.obj
 0001:00040fc0       __CxxFrameHandler3         0000000140041fc0 f   LIBCMT:trnsctrl.obj
 0001:00041048       ?__SehTransFilter@@YAHPEAU_EXCEPTION_POINTERS@@PEAUEHExceptionRecord@@PEA_KPEAU_CONTEXT@@PEAU_xDISPATCHER_CONTEXT@@PEBU_s_FuncInfo@@PEAH@Z 0000000140042048 f   LIBCMT:trnsctrl.obj
 0001:000410ec       _CallSETranslator          00000001400420ec f   LIBCMT:trnsctrl.obj
 0001:00041140       ?_GetRangeOfTrysToCheck@@YAPEBU_s_TryBlockMapEntry@@PEA_KPEBU_s_FuncInfo@@HHPEAI2PEAU_xDISPATCHER_CONTEXT@@@Z 0000000140042140 f   LIBCMT:trnsctrl.obj
 0001:0004126c       _CreateFrameInfo           000000014004226c f   LIBCMT:trnsctrl.obj
 0001:000412b0       _IsExceptionObjectToBeDestroyed 00000001400422b0 f   LIBCMT:trnsctrl.obj
 0001:000412e4       _FindAndUnlinkFrame        00000001400422e4 f   LIBCMT:trnsctrl.obj
 0001:00041344       _UnwindNestedFrames        0000000140042344 f   LIBCMT:trnsctrl.obj
 0001:00041434       __GSHandlerCheck_EH        0000000140042434 f   LIBCMT:gshandlereh.obj
 0001:000414c4       ?__StateFromIp@@YAHPEBU_s_FuncInfo@@PEAU_xDISPATCHER_CONTEXT@@_J@Z 00000001400424c4 f   LIBCMT:ehstate.obj
 0001:00041550       ?__StateFromControlPc@@YAHPEBU_s_FuncInfo@@PEAU_xDISPATCHER_CONTEXT@@@Z 0000000140042550 f   LIBCMT:ehstate.obj
[...]
 0001:000446e0       ?dtor$2@?0??LitArchive@CDataArchive@@QEAAHAEAVCInputArchive@@@Z@4HA 00000001400456e0 f    CIL library: CIL module
 0001:000446f0       ?dtor$3@?0??LitArchive@CDataArchive@@QEAAHAEAVCInputArchive@@@Z@4HA 00000001400456f0 f    CIL library: CIL module
 0001:00044700       ?dtor$0@?0??EcritFichierTrace@CFichierTrace@@QEAAXPEADPEAPEADH@Z@4HA 0000000140045700 f    CIL library: CIL module
 0001:00044710       ?dtor$1@?0??EcritFichierTrace@CFichierTrace@@QEAAXPEADPEAPEADH@Z@4HA 0000000140045710 f    CIL library: CIL module
 0001:00044720       ?dtor$2@?0??EcritFichierTrace@CFichierTrace@@QEAAXPEADPEAPEADH@Z@4HA 0000000140045720 f    CIL library: CIL module
 0001:00044730       ?dtor$0@?0??Create@CSocketTerminal@@UEAAHHPEAVCServeurTCP@@@Z@4HA 0000000140045730 f    CIL library: CIL module
 0001:00044740       ?dtor$1@?0??Create@CSocketTerminal@@UEAAHHPEAVCServeurTCP@@@Z@4HA 0000000140045740 f    CIL library: CIL module
 0001:00044750       ?dtor$2@?0??Create@CSocketTerminal@@UEAAHHPEAVCServeurTCP@@@Z@4HA 0000000140045750 f    CIL library: CIL module
 0001:00044760       ?dtor$0@?0??ServeurDeconnecte@CSocketTerminal@@UEAAXXZ@4HA 0000000140045760 f    CIL library: CIL module
 0001:00044770       ?dtor$1@?0??ServeurDeconnecte@CSocketTerminal@@UEAAXXZ@4HA 0000000140045770 f    CIL library: CIL module
 0001:00044780       ?dtor$2@?0??ServeurDeconnecte@CSocketTerminal@@UEAAXXZ@4HA 0000000140045780 f    CIL library: CIL module
 0001:00044790       ?dtor$3@?0??ServeurDeconnecte@CSocketTerminal@@UEAAXXZ@4HA 0000000140045790 f    CIL library: CIL module
 0001:000447a0       ?dtor$0@?0??EcritMessage@CServeurTerminal@@QEAAHHHVCString@@@Z@4HA 00000001400457a0 f    CIL library: CIL module
 0001:000447b0       ?dtor$1@?0??EcritMessage@CServeurTerminal@@QEAAHHHVCString@@@Z@4HA 00000001400457b0 f    CIL library: CIL module
 0001:000447c0       ?dtor$2@?0??EcritMessage@CServeurTerminal@@QEAAHHHVCString@@@Z@4HA 00000001400457c0 f    CIL library: CIL module
 0001:000447d0       ?dtor$3@?0??EcritMessage@CServeurTerminal@@QEAAHHHVCString@@@Z@4HA 00000001400457d0 f    CIL library: CIL module
 0001:000447e0       ?dtor$4@?0??EcritMessage@CServeurTerminal@@QEAAHHHVCString@@@Z@4HA 00000001400457e0 f    CIL library: CIL module
 0001:000447f0       ?dtor$5@?0??EcritMessage@CServeurTerminal@@QEAAHHHVCString@@@Z@4HA 00000001400457f0 f    CIL library: CIL module
 0001:00044800       ?dtor$6@?0??EcritMessage@CServeurTerminal@@QEAAHHHVCString@@@Z@4HA 0000000140045800 f    CIL library: CIL module
 0001:00044810       ?dtor$0@?0???1CServeurTerminal@@UEAA@XZ@4HA 0000000140045810 f    CIL library: CIL module
 0001:00044810       ?dtor$0@?0???0CServeurTerminal@@QEAA@XZ@4HA 0000000140045810 f    CIL library: CIL module
 0001:00044820       ?dtor$1@?0???0CServeurTerminal@@QEAA@XZ@4HA 0000000140045820 f    CIL library: CIL module
 0001:00044820       ?dtor$1@?0???1CServeurTerminal@@UEAA@XZ@4HA 0000000140045820 f    CIL library: CIL module
 0001:00044830       ?dtor$0@?0???1CCom@@QEAA@XZ@4HA 0000000140045830 f    CIL library: CIL module
 0001:00044840       ?dtor$1@?0???1CCom@@QEAA@XZ@4HA 0000000140045840 f    CIL library: CIL module
 0001:00044850       ?dtor$0@?0??LitUnMessage@CCom@@QEAAHPEADHPEAH1@Z@4HA 0000000140045850 f    CIL library: CIL module
 0001:00044860       ?dtor$1@?0??LitUnMessage@CCom@@QEAAHPEADHPEAH1@Z@4HA 0000000140045860 f    CIL library: CIL module
 0001:00044870       ?dtor$2@?0??LitUnMessage@CCom@@QEAAHPEADHPEAH1@Z@4HA 0000000140045870 f    CIL library: CIL module
 0001:00044880       ?dtor$3@?0??LitUnMessage@CCom@@QEAAHPEADHPEAH1@Z@4HA 0000000140045880 f    CIL library: CIL module
 0001:00044890       ?dtor$4@?0??LitUnMessage@CCom@@QEAAHPEADHPEAH1@Z@4HA 0000000140045890 f    CIL library: CIL module
 0001:000448a0       ?dtor$5@?0??LitUnMessage@CCom@@QEAAHPEADHPEAH1@Z@4HA 00000001400458a0 f    CIL library: CIL module
 0001:000448b0       ?dtor$6@?0??LitUnMessage@CCom@@QEAAHPEADHPEAH1@Z@4HA 00000001400458b0 f    CIL library: CIL module
 0001:000448c0       ?dtor$7@?0??LitUnMessage@CCom@@QEAAHPEADHPEAH1@Z@4HA 00000001400458c0 f    CIL library: CIL module
 0001:000448d0       ?dtor$8@?0??LitUnMessage@CCom@@QEAAHPEADHPEAH1@Z@4HA 00000001400458d0 f    CIL library: CIL module
 0001:000448e0       ?dtor$9@?0??LitUnMessage@CCom@@QEAAHPEADHPEAH1@Z@4HA 00000001400458e0 f    CIL library: CIL module
 0001:000448f0       ?dtor$0@?0??EnvoiMessage@CCom@@QEAAHPEADHPEAH@Z@4HA 00000001400458f0 f    CIL library: CIL module
 0001:00044900       ?dtor$1@?0??EnvoiMessage@CCom@@QEAAHPEADHPEAH@Z@4HA 0000000140045900 f    CIL library: CIL module
 0001:00044910       ?dtor$2@?0??EnvoiMessage@CCom@@QEAAHPEADHPEAH@Z@4HA 0000000140045910 f    CIL library: CIL module
 0001:00044920       ?dtor$3@?0??EnvoiMessage@CCom@@QEAAHPEADHPEAH@Z@4HA 0000000140045920 f    CIL library: CIL module
 0001:00044930       ?dtor$4@?0??EnvoiMessage@CCom@@QEAAHPEADHPEAH@Z@4HA 0000000140045930 f    CIL library: CIL module
 0001:00044940       ?dtor$5@?0??EnvoiMessage@CCom@@QEAAHPEADHPEAH@Z@4HA 0000000140045940 f    CIL library: CIL module
 0001:00044950       ?dtor$6@?0??EnvoiMessage@CCom@@QEAAHPEADHPEAH@Z@4HA 0000000140045950 f    CIL library: CIL module
 0001:00044960       ?dtor$7@?0??EnvoiMessage@CCom@@QEAAHPEADHPEAH@Z@4HA 0000000140045960 f    CIL library: CIL module
 0001:00044970       ?dtor$8@?0??EnvoiMessage@CCom@@QEAAHPEADHPEAH@Z@4HA 0000000140045970 f    CIL library: CIL module
 0001:00044980       ?dtor$9@?0??EnvoiMessage@CCom@@QEAAHPEADHPEAH@Z@4HA 0000000140045980 f    CIL library: CIL module
 0001:00044990       ?dtor$10@?0??EnvoiMessage@CCom@@QEAAHPEADHPEAH@Z@4HA 0000000140045990 f    CIL library: CIL module
 0001:000449a0       ?dtor$11@?0??EnvoiMessage@CCom@@QEAAHPEADHPEAH@Z@4HA 00000001400459a0 f    CIL library: CIL module
 0001:000449b0       ?dtor$12@?0??EnvoiMessage@CCom@@QEAAHPEADHPEAH@Z@4HA 00000001400459b0 f    CIL library: CIL module
 0001:000449c0       ?dtor$13@?0??EnvoiMessage@CCom@@QEAAHPEADHPEAH@Z@4HA 00000001400459c0 f    CIL library: CIL module
 0001:000449d0       ?dtor$14@?0??EnvoiMessage@CCom@@QEAAHPEADHPEAH@Z@4HA 00000001400459d0 f    CIL library: CIL module
 0001:000449e0       ?dtor$0@?0??Init@CCom@@QEAAHVCString@@HHDHHH@Z@4HA 00000001400459e0 f    CIL library: CIL module
 0001:000449f0       ?dtor$1@?0??Init@CCom@@QEAAHVCString@@HHDHHH@Z@4HA 00000001400459f0 f    CIL library: CIL module
 0001:00044a00       ?dtor$0@?0??Ajoute@CListeTerminauxTCP@@QEAAXFPEAVCSocketTerminal@@@Z@4HA 0000000140045a00 f    CIL library: CIL module
 0001:00044a10       ?dtor$1@?0??Ajoute@CListeTerminauxTCP@@QEAAXFPEAVCSocketTerminal@@@Z@4HA 0000000140045a10 f    CIL library: CIL module
 0001:00044a20       ?dtor$2@?0??Ajoute@CListeTerminauxTCP@@QEAAXFPEAVCSocketTerminal@@@Z@4HA 0000000140045a20 f    CIL library: CIL module
 0001:00044a30       ?dtor$0@?0??LitCommande@CListeCommandeTerminal@@QEAAPEAVCCommandeTerminal@@XZ@4HA 0000000140045a30 f    CIL library: CIL module
 0001:00044a40       ?dtor$1@?0??LitCommande@CListeCommandeTerminal@@QEAAPEAVCCommandeTerminal@@XZ@4HA 0000000140045a40 f    CIL library: CIL module
 0001:00044a50       ?dtor$2@?0??LitCommande@CListeCommandeTerminal@@QEAAPEAVCCommandeTerminal@@XZ@4HA 0000000140045a50 f    CIL library: CIL module
 0001:00044a60       ?dtor$0@?0???1CListeCommandeTerminal@@QEAA@XZ@4HA 0000000140045a60 f    CIL library: CIL module
 0001:00044a70       ?dtor$0@?0??Reception@ClientOsysSrv@@UEAAXXZ@4HA 0000000140045a70 f    CIL library: CIL module
 0001:00044a80       ?catch$0@?0??Reception@ClientOsysSrv@@UEAAXXZ@4HA 0000000140045a80 f    CIL library: CIL module
 0001:00044a94       __catch$?Reception@ClientOsysSrv@@UEAAXXZ$0 0000000140045a94 f    CIL library: CIL module
 0001:00044ca0       ?dtor$2@?0??Reception@ClientOsysSrv@@UEAAXXZ@4HA 0000000140045ca0 f    CIL library: CIL module
 0001:00044cb0       ?dtor$0@?0??AttentReconnexion@CScrutClientSRV@@UEAAXXZ@4HA 0000000140045cb0 f    CIL library: CIL module
 0001:00044cc0       ?dtor$1@?0??AttentReconnexion@CScrutClientSRV@@UEAAXXZ@4HA 0000000140045cc0 f    CIL library: CIL module
 0001:00044cd0       ?dtor$0@?0??DesactiveGestionTCP@@YAXXZ@4HA 0000000140045cd0 f    CIL library: CIL module
 0001:00044ce0       ?dtor$1@?0??DesactiveGestionTCP@@YAXXZ@4HA 0000000140045ce0 f    CIL library: CIL module
 0001:00044cf0       ?dtor$2@?0??DesactiveGestionTCP@@YAXXZ@4HA 0000000140045cf0 f    CIL library: CIL module
 0001:00044d00       ?dtor$0@?0??Init@CScrutationEnqAck@@QEAAHVCString@@HHDH@Z@4HA 0000000140045d00 f    CIL library: CIL module
 0001:00044d00       ?dtor$0@?0??Init@CScrutationXonXoff@@QEAAHVCString@@HHDH@Z@4HA 0000000140045d00 f    CIL library: CIL module
 0001:00044d10       ?dtor$2@?0??Init@CScrutationEnqAck@@QEAAHVCString@@HHDH@Z@4HA 0000000140045d10 f    CIL library: CIL module
 0001:00044d10       ?dtor$2@?0??Init@CScrutationXonXoff@@QEAAHVCString@@HHDH@Z@4HA 0000000140045d10 f    CIL library: CIL module
 0001:00044d20       ?dtor$0@?0??EnvoiCommande@CScrutationEnqAck@@QEAAHAEAVCCommandeTerminal@@@Z@4HA 0000000140045d20 f    CIL library: CIL module
 0001:00044d20       ?dtor$0@?0??EnvoiCommande@CScrutationXonXoff@@QEAAHAEAVCCommandeTerminal@@@Z@4HA 0000000140045d20 f    CIL library: CIL module
 0001:00044d30       ?dtor$1@?0??EnvoiCommande@CScrutationEnqAck@@QEAAHAEAVCCommandeTerminal@@@Z@4HA 0000000140045d30 f    CIL library: CIL module
 0001:00044d30       ?dtor$1@?0??EnvoiCommande@CScrutationXonXoff@@QEAAHAEAVCCommandeTerminal@@@Z@4HA 0000000140045d30 f    CIL library: CIL module
 0001:00044d40       ?dtor$0@?0??LitUneTrame@CScrutationEnqAck@@QEAAHPEADPEAH@Z@4HA 0000000140045d40 f    CIL library: CIL module
 0001:00044d40       ?dtor$0@?0??LitUneTrame@CScrutationXonXoff@@QEAAHPEAD@Z@4HA 0000000140045d40 f    CIL library: CIL module
 0001:00044d50       ?dtor$1@?0??LitUneTrame@CScrutationEnqAck@@QEAAHPEADPEAH@Z@4HA 0000000140045d50 f    CIL library: CIL module
 0001:00044d50       ?dtor$1@?0??LitUneTrame@CScrutationXonXoff@@QEAAHPEAD@Z@4HA 0000000140045d50 f    CIL library: CIL module
 0001:00044d60       ?dtor$2@?0??LitUneTrame@CScrutationEnqAck@@QEAAHPEADPEAH@Z@4HA 0000000140045d60 f    CIL library: CIL module
 0001:00044d60       ?dtor$2@?0??LitUneTrame@CScrutationXonXoff@@QEAAHPEAD@Z@4HA 0000000140045d60 f    CIL library: CIL module
 0001:00044d70       ?dtor$0@?0??DecoupeReponseScrut@CScrutationEnqAck@@QEAAXPEAD@Z@4HA 0000000140045d70 f    CIL library: CIL module
 0001:00044d80       ?dtor$1@?0??DecoupeReponseScrut@CScrutationEnqAck@@QEAAXPEAD@Z@4HA 0000000140045d80 f    CIL library: CIL module
 0001:00044d90       ?dtor$2@?0??DecoupeReponseScrut@CScrutationEnqAck@@QEAAXPEAD@Z@4HA 0000000140045d90 f    CIL library: CIL module
 0001:00044da0       ?dtor$3@?0??DecoupeReponseScrut@CScrutationEnqAck@@QEAAXPEAD@Z@4HA 0000000140045da0 f    CIL library: CIL module
 0001:00044db0       ?dtor$4@?0??DecoupeReponseScrut@CScrutationEnqAck@@QEAAXPEAD@Z@4HA 0000000140045db0 f    CIL library: CIL module
 0001:00044dc0       ?dtor$5@?0??DecoupeReponseScrut@CScrutationEnqAck@@QEAAXPEAD@Z@4HA 0000000140045dc0 f    CIL library: CIL module
 0001:00044dd0       ?dtor$6@?0??DecoupeReponseScrut@CScrutationEnqAck@@QEAAXPEAD@Z@4HA 0000000140045dd0 f    CIL library: CIL module
 0001:00044de0       ?dtor$0@?0??Receive@CGestModeSecure@@QEAAHPEAD@Z@4HA 0000000140045de0 f    CIL library: CIL module
 0001:00044df0       ?dtor$1@?0??Receive@CGestModeSecure@@QEAAHPEAD@Z@4HA 0000000140045df0 f    CIL library: CIL module
 0001:00044e00       ?dtor$2@?0??Receive@CGestModeSecure@@QEAAHPEAD@Z@4HA 0000000140045e00 f    CIL library: CIL module
 0001:00044e10       ?dtor$3@?0??Receive@CGestModeSecure@@QEAAHPEAD@Z@4HA 0000000140045e10 f    CIL library: CIL module
 0001:00044e20       ?dtor$4@?0??Receive@CGestModeSecure@@QEAAHPEAD@Z@4HA 0000000140045e20 f    CIL library: CIL module
 0001:00044e30       ?dtor$5@?0??Receive@CGestModeSecure@@QEAAHPEAD@Z@4HA 0000000140045e30 f    CIL library: CIL module
 0001:00044e40       ?dtor$6@?0??Receive@CGestModeSecure@@QEAAHPEAD@Z@4HA 0000000140045e40 f    CIL library: CIL module
 0001:00044e50       ?dtor$7@?0??Receive@CGestModeSecure@@QEAAHPEAD@Z@4HA 0000000140045e50 f    CIL library: CIL module
 0001:00044e60       ?dtor$8@?0??Receive@CGestModeSecure@@QEAAHPEAD@Z@4HA 0000000140045e60 f    CIL library: CIL module
 0001:00044e70       ?dtor$0@?0??Receive@CSocketTerminal@@UEAAHPEAD@Z@4HA 0000000140045e70 f    CIL library: CIL module
 0001:00044e80       ?dtor$1@?0??Receive@CSocketTerminal@@UEAAHPEAD@Z@4HA 0000000140045e80 f    CIL library: CIL module
 0001:00044e90       ?dtor$2@?0??Receive@CSocketTerminal@@UEAAHPEAD@Z@4HA 0000000140045e90 f    CIL library: CIL module
 0001:00044ea0       ?dtor$3@?0??Receive@CSocketTerminal@@UEAAHPEAD@Z@4HA 0000000140045ea0 f    CIL library: CIL module
 0001:00044eb0       ?dtor$4@?0??Receive@CSocketTerminal@@UEAAHPEAD@Z@4HA 0000000140045eb0 f    CIL library: CIL module
 0001:00044ec0       ?dtor$5@?0??Receive@CSocketTerminal@@UEAAHPEAD@Z@4HA 0000000140045ec0 f    CIL library: CIL module
 0001:00044ed0       ?dtor$6@?0??Receive@CSocketTerminal@@UEAAHPEAD@Z@4HA 0000000140045ed0 f    CIL library: CIL module
 0001:00044ee0       ?dtor$7@?0??Receive@CSocketTerminal@@UEAAHPEAD@Z@4HA 0000000140045ee0 f    CIL library: CIL module
 0001:00044ef0       ?dtor$8@?0??Receive@CSocketTerminal@@UEAAHPEAD@Z@4HA 0000000140045ef0 f    CIL library: CIL module
 0001:00044f00       ?dtor$9@?0??Receive@CSocketTerminal@@UEAAHPEAD@Z@4HA 0000000140045f00 f    CIL library: CIL module
 0001:00044f10       ?dtor$10@?0??Receive@CSocketTerminal@@UEAAHPEAD@Z@4HA 0000000140045f10 f    CIL library: CIL module
 0001:00044f20       ?dtor$11@?0??Receive@CSocketTerminal@@UEAAHPEAD@Z@4HA 0000000140045f20 f    CIL library: CIL module
 0001:00044f30       ?dtor$12@?0??Receive@CSocketTerminal@@UEAAHPEAD@Z@4HA 0000000140045f30 f    CIL library: CIL module
 0001:00044f40       ?dtor$13@?0??Receive@CSocketTerminal@@UEAAHPEAD@Z@4HA 0000000140045f40 f    CIL library: CIL module
 0001:00044f50       ?dtor$14@?0??Receive@CSocketTerminal@@UEAAHPEAD@Z@4HA 0000000140045f50 f    CIL library: CIL module
 0001:00044f60       ?dtor$15@?0??Receive@CSocketTerminal@@UEAAHPEAD@Z@4HA 0000000140045f60 f    CIL library: CIL module
 0001:00044f70       ?dtor$16@?0??Receive@CSocketTerminal@@UEAAHPEAD@Z@4HA 0000000140045f70 f    CIL library: CIL module
 0001:00044f80       ?dtor$17@?0??Receive@CSocketTerminal@@UEAAHPEAD@Z@4HA 0000000140045f80 f    CIL library: CIL module
 0001:00044f90       ?dtor$18@?0??Receive@CSocketTerminal@@UEAAHPEAD@Z@4HA 0000000140045f90 f    CIL library: CIL module
 0001:00044fa0       ?dtor$19@?0??Receive@CSocketTerminal@@UEAAHPEAD@Z@4HA 0000000140045fa0 f    CIL library: CIL module
 0001:00044fb0       ?dtor$20@?0??Receive@CSocketTerminal@@UEAAHPEAD@Z@4HA 0000000140045fb0 f    CIL library: CIL module
 0001:00044fc0       ?dtor$21@?0??Receive@CSocketTerminal@@UEAAHPEAD@Z@4HA 0000000140045fc0 f    CIL library: CIL module
 0001:00044fd0       ?dtor$22@?0??Receive@CSocketTerminal@@UEAAHPEAD@Z@4HA 0000000140045fd0 f    CIL library: CIL module
 0001:00044fe0       ?dtor$23@?0??Receive@CSocketTerminal@@UEAAHPEAD@Z@4HA 0000000140045fe0 f    CIL library: CIL module
 0001:00044ff0       ?dtor$24@?0??Receive@CSocketTerminal@@UEAAHPEAD@Z@4HA 0000000140045ff0 f    CIL library: CIL module
 0001:00045000       ?dtor$25@?0??Receive@CSocketTerminal@@UEAAHPEAD@Z@4HA 0000000140046000 f    CIL library: CIL module
 0001:00045010       ?dtor$26@?0??Receive@CSocketTerminal@@UEAAHPEAD@Z@4HA 0000000140046010 f    CIL library: CIL module
 0001:00045020       ?dtor$27@?0??Receive@CSocketTerminal@@UEAAHPEAD@Z@4HA 0000000140046020 f    CIL library: CIL module
 0001:00045030       ?dtor$0@?0??ActiveGestionTCP@@YAXXZ@4HA 0000000140046030 f    CIL library: CIL module
 0001:00045040       ?dtor$3@?0??ActiveGestionTCP@@YAXXZ@4HA 0000000140046040 f    CIL library: CIL module
 0001:00045050       ?dtor$4@?0??ActiveGestionTCP@@YAXXZ@4HA 0000000140046050 f    CIL library: CIL module
 0001:00045060       ?dtor$0@?0??ScrutationXonXoff@CScrutationXonXoff@@QEAAXXZ@4HA 0000000140046060 f    CIL library: CIL module
 0001:00045060       ?dtor$0@?0??ScrutationEnqAck@CScrutationEnqAck@@QEAAXXZ@4HA 0000000140046060 f    CIL library: CIL module
 0001:00045070       ?dtor$1@?0??ScrutationEnqAck@CScrutationEnqAck@@QEAAXXZ@4HA 0000000140046070 f    CIL library: CIL module
 0001:00045070       ?dtor$1@?0??ScrutationXonXoff@CScrutationXonXoff@@QEAAXXZ@4HA 0000000140046070 f    CIL library: CIL module
 0001:00045080       ?dtor$0@?0??Scrutation@CServiceScrut@@AEAAXXZ@4HA 0000000140046080 f    CIL library: CIL module
 0001:00045090       ?dtor$1@?0??Scrutation@CServiceScrut@@AEAAXXZ@4HA 0000000140046090 f    CIL library: CIL module
 0001:000450a0       ?dtor$5@?0??Scrutation@CServiceScrut@@AEAAXXZ@4HA 00000001400460a0 f    CIL library: CIL module
 0001:000450b0       ?dtor$10@?0??Scrutation@CServiceScrut@@AEAAXXZ@4HA 00000001400460b0 f    CIL library: CIL module
 0001:000450c0       ?dtor$7@?0??Scrutation@CServiceScrut@@AEAAXXZ@4HA 00000001400460c0 f    CIL library: CIL module
 0001:000450d0       ?dtor$11@?0??Scrutation@CServiceScrut@@AEAAXXZ@4HA 00000001400460d0 f    CIL library: CIL module
 0001:000450e0       ?dtor$9@?0??Scrutation@CServiceScrut@@AEAAXXZ@4HA 00000001400460e0 f    CIL library: CIL module
 0001:000450f0       ?dtor$0@?0??LanceScrut@CServiceScrut@@AEAAXXZ@4HA 00000001400460f0 f    CIL library: CIL module
 0001:00045100       ?dtor$1@?0??LanceScrut@CServiceScrut@@AEAAXXZ@4HA 0000000140046100 f    CIL library: CIL module
 0001:00045110       ?dtor$2@?0??LanceScrut@CServiceScrut@@AEAAXXZ@4HA 0000000140046110 f    CIL library: CIL module
 0001:00045120       ?dtor$3@?0??LanceScrut@CServiceScrut@@AEAAXXZ@4HA 0000000140046120 f    CIL library: CIL module
 0001:00045130       ?dtor$4@?0??LanceScrut@CServiceScrut@@AEAAXXZ@4HA 0000000140046130 f    CIL library: CIL module
 0001:00045140       ?dtor$6@?0??LanceScrut@CServiceScrut@@AEAAXXZ@4HA 0000000140046140 f    CIL library: CIL module
 0001:00045150       ?dtor$7@?0??LanceScrut@CServiceScrut@@AEAAXXZ@4HA 0000000140046150 f    CIL library: CIL module
 0001:00045160       ?dtor$8@?0??LanceScrut@CServiceScrut@@AEAAXXZ@4HA 0000000140046160 f    CIL library: CIL module
 0001:00045170       ?dtor$9@?0??LanceScrut@CServiceScrut@@AEAAXXZ@4HA 0000000140046170 f    CIL library: CIL module
 0001:00045180       ?dtor$10@?0??LanceScrut@CServiceScrut@@AEAAXXZ@4HA 0000000140046180 f    CIL library: CIL module
 0001:00045190       ?dtor$11@?0??LanceScrut@CServiceScrut@@AEAAXXZ@4HA 0000000140046190 f    CIL library: CIL module
 0001:000451a0       ?dtor$12@?0??LanceScrut@CServiceScrut@@AEAAXXZ@4HA 00000001400461a0 f    CIL library: CIL module
 0001:000451b0       ?dtor$13@?0??LanceScrut@CServiceScrut@@AEAAXXZ@4HA 00000001400461b0 f    CIL library: CIL module
 0001:000451c0       ?dtor$14@?0??LanceScrut@CServiceScrut@@AEAAXXZ@4HA 00000001400461c0 f    CIL library: CIL module
 0001:000451d0       ?dtor$22@?0??LanceScrut@CServiceScrut@@AEAAXXZ@4HA 00000001400461d0 f    CIL library: CIL module
 0001:000451e0       ?dtor$18@?0??LanceScrut@CServiceScrut@@AEAAXXZ@4HA 00000001400461e0 f    CIL library: CIL module
 0001:000451f0       ?dtor$24@?0??LanceScrut@CServiceScrut@@AEAAXXZ@4HA 00000001400461f0 f    CIL library: CIL module
 0001:000451fc       _CallSETranslator$filt$0   00000001400461fc f   LIBCMT:trnsctrl.obj
 0001:00045242       __FrameUnwindToState$filt$0 0000000140046242 f   LIBCMT:frame.obj
 0001:00045262       __FrameUnwindToState$fin$1 0000000140046262 f   LIBCMT:frame.obj
 0001:0004528b       __DestructExceptionObject$filt$0 000000014004628b f   LIBCMT:frame.obj
 0001:000452a3       __CxxCallCatchBlock$filt$0 00000001400462a3 f   LIBCMT:frame.obj
 0001:000453a3       __CxxCallCatchBlock$fin$1  00000001400463a3 f   LIBCMT:frame.obj
 0001:00045434       ??__Fnomem@?5???2@YAPEAX_K@Z@YAXXZ 0000000140046434 f   LIBCMT:new.obj
