 Console

 Timestamp is 595e06a7 (Thu Jul 06 11:45:11 2017)

 Preferred load address is 00400000

 Start         Length     Name                   Class
 0001:00000000 00075529H .text                   CODE
 0001:00075530 000098e7H .text$x                 CODE
 0002:00000000 00004219H .rdata                  DATA
 0002:00004220 00000151H .rdata$r                DATA
 0002:00004378 0000e5edH .xdata$x                DATA
 0002:00012965 00000000H .edata                  DATA
 0003:00000000 00000104H .CRT$XCA                DATA
 0003:00000104 00000104H .CRT$XCL                DATA
 0003:00000208 00000109H .CRT$XCU                DATA
 0003:00000314 00000104H .CRT$XCZ                DATA
 0003:00000418 00000104H .CRT$XIA                DATA
 0003:0000051c 00000104H .CRT$XIZ                DATA
 0003:00000620 00002338H .data                   DATA
 0003:00002958 00000258H .bss                    DATA
 0004:00000000 000000dcH .idata$2                DATA
 0004:000000dc 00000014H .idata$3                DATA
 0004:000000f0 00000e54H .idata$4                DATA
 0004:00000f44 00000e54H .idata$5                DATA
 0004:00001d98 00000ef4H .idata$6                DATA
 0005:00000000 000008f3H .rsrc$01                DATA
 0005:00000900 0001d7bcH .rsrc$02                DATA

  Address         Publics by Value              Rva+Base     Lib:Object

 0001:00004cc0       ?CreateObject@CGridCtrl@@SGPAVCObject@@XZ 00405cc0 f   GridCtrl.obj
 0001:00004d50       ?_GetBaseClass@CGridCtrl@@KGPAUCRuntimeClass@@XZ 00405d50 f   GridCtrl.obj
 0001:00004d70       ?GetRuntimeClass@CGridCtrl@@UBEPAUCRuntimeClass@@XZ 00405d70 f   GridCtrl.obj
 0001:00004d90       ?DDX_GridControl@@YGXPAVCDataExchange@@HAAVCGridCtrl@@@Z 00405d90 f   GridCtrl.obj
 0001:00004e20       ?GetMouseScrollLines@@YAIXZ 00405e20 f   GridCtrl.obj
 0001:00004ec0       ??0CGridCtrl@@QAE@HHHH@Z   00405ec0 f   GridCtrl.obj
 0001:000053b0       ?Serialize@CObject@@UAEXAAVCArchive@@@Z 004063b0 f i GridCtrl.obj
 0001:000053d0       ??3CObject@@SGXPAX@Z       004063d0 f i GridCtrl.obj
 0001:000053f0       ?AssertValid@CObject@@UBEXXZ 004063f0 f i GridCtrl.obj
 0001:00005410       ?Dump@CObject@@UBEXAAVCDumpContext@@@Z 00406410 f i GridCtrl.obj
 0001:00005430       ??_GCGridCtrl@@UAEPAXI@Z   00406430 f i GridCtrl.obj
 0001:00005430       ??_ECGridCtrl@@UAEPAXI@Z   00406430 f i GridCtrl.obj
 0001:00005460       ??1?$CTypedPtrArray@VCObArray@@PAV?$CTypedPtrArray@VCObArray@@PAVCGridCell@@@@@@UAE@XZ 00406460 f i GridCtrl.obj
 0001:00005480       ??_E?$CTypedPtrArray@VCObArray@@PAV?$CTypedPtrArray@VCObArray@@PAVCGridCell@@@@@@UAEPAXI@Z 00406480 f i GridCtrl.obj
 0001:00005480       ??_G?$CTypedPtrArray@VCObArray@@PAV?$CTypedPtrArray@VCObArray@@PAVCGridCell@@@@@@UAEPAXI@Z 00406480 f i GridCtrl.obj
 0001:000054b0       ??1CGridCtrl@@UAE@XZ       004064b0 f   GridCtrl.obj
 0001:00005700       ??_GCObject@@UAEPAXI@Z     00406700 f i GridCtrl.obj
 0001:00005700       ??_ECObject@@UAEPAXI@Z     00406700 f i GridCtrl.obj
 0001:00005730       ??1CObject@@UAE@XZ         00406730 f i GridCtrl.obj
 0001:00005750       ?RegisterWindowClass@CGridCtrl@@IAEHXZ 00406750 f   GridCtrl.obj
 0001:00005820       ?Create@CGridCtrl@@QAEHABUtagRECT@@PAVCWnd@@IK@Z 00406820 f   GridCtrl.obj
 0001:000059d0       ?PreSubclassWindow@CGridCtrl@@MAEXXZ 004069d0 f   GridCtrl.obj
 0001:00005a20       ?SubclassWindow@CGridCtrl@@QAEHPAUHWND__@@@Z 00406a20 f   GridCtrl.obj
 0001:00005aa0       ?SendMessageToParent@CGridCtrl@@IAEJHHH@Z 00406aa0 f   GridCtrl.obj
 0001:00005b60       ?_GetBaseMessageMap@CGridCtrl@@KGPBUAFX_MSGMAP@@XZ 00406b60 f   GridCtrl.obj
 0001:00005b80       ?GetMessageMap@CGridCtrl@@MBEPBUAFX_MSGMAP@@XZ 00406b80 f   GridCtrl.obj
 0001:00005ba0       ?OnPaint@CGridCtrl@@IAEXXZ 00406ba0 f   GridCtrl.obj
 0001:00005e90       ??1CMemDC@@UAE@XZ          00406e90 f i GridCtrl.obj
 0001:00005fb0       ??_ECMemDC@@UAEPAXI@Z      00406fb0 f i GridCtrl.obj
 0001:00005fb0       ??_GCMemDC@@UAEPAXI@Z      00406fb0 f i GridCtrl.obj
 0001:00005fe0       ?OnEraseBkgnd@CGridCtrl@@IAEHPAVCDC@@@Z 00406fe0 f   GridCtrl.obj
 0001:00006000       ?EraseBkgnd@CGridCtrl@@IAEXPAVCDC@@@Z 00407000 f   GridCtrl.obj
 0001:00006360       ?OnSize@CGridCtrl@@IAEXIHH@Z 00407360 f   GridCtrl.obj
 0001:000063d0       ?OnGetDlgCode@CGridCtrl@@IAEIXZ 004073d0 f   GridCtrl.obj
 0001:00006410       ?OnSysColorChange@CGridCtrl@@IAEXXZ 00407410 f   GridCtrl.obj
 0001:000064d0       ?OnCaptureChanged@CGridCtrl@@IAEXPAVCWnd@@@Z 004074d0 f   GridCtrl.obj
 0001:00006550       ?OnSettingChange@CGridCtrl@@IAEXIPBD@Z 00407550 f   GridCtrl.obj
 0001:00006620       ?OnTimer@CGridCtrl@@IAEXI@Z 00407620 f   GridCtrl.obj
 0001:00006820       ?OnKeyDown@CGridCtrl@@IAEXIII@Z 00407820 f   GridCtrl.obj
 0001:00006fa0       ?OnChar@CGridCtrl@@IAEXIII@Z 00407fa0 f   GridCtrl.obj
 0001:00007020       ?OnEndInPlaceEdit@CGridCtrl@@IAEXPAUtagNMHDR@@PAJ@Z 00408020 f   GridCtrl.obj
 0001:00007100       ?OnHScroll@CGridCtrl@@IAEXIIPAVCScrollBar@@@Z 00408100 f   GridCtrl.obj
 0001:000074a0       ?OnVScroll@CGridCtrl@@IAEXIIPAVCScrollBar@@@Z 004084a0 f   GridCtrl.obj
 0001:00007830       ?OnDraw@CGridCtrl@@MAEXPAVCDC@@@Z 00408830 f   GridCtrl.obj
 0001:00007e50       ?IsValid@CGridCtrl@@QBEHHH@Z 00408e50 f   GridCtrl.obj
 0001:00007e90       ?IsValid@CGridCtrl@@QBEHABVCCellID@@@Z 00408e90 f   GridCtrl.obj
 0001:00007ec0       ?IsValid@CGridCtrl@@QBEHABVCCellRange@@@Z 00408ec0 f   GridCtrl.obj
 0001:00007f30       ?SetRedraw@CGridCtrl@@QAEXHH@Z 00408f30 f   GridCtrl.obj
 0001:00007f80       ?RedrawCell@CGridCtrl@@QAEHABVCCellID@@PAVCDC@@@Z 00408f80 f   GridCtrl.obj
 0001:00007fb0       ?RedrawCell@CGridCtrl@@QAEHHHPAVCDC@@@Z 00408fb0 f   GridCtrl.obj
 0001:00008280       ?RedrawRow@CGridCtrl@@QAEHH@Z 00409280 f   GridCtrl.obj
 0001:00008310       ?RedrawColumn@CGridCtrl@@QAEHH@Z 00409310 f   GridCtrl.obj
 0001:000083a0       ?SetFocusCell@CGridCtrl@@IAE?AVCCellID@@HH@Z 004093a0 f   GridCtrl.obj
 0001:000083e0       ?SetFocusCell@CGridCtrl@@IAE?AVCCellID@@V2@@Z 004093e0 f   GridCtrl.obj
 0001:00008640       ?SetSelectedRange@CGridCtrl@@QAEXABVCCellRange@@H@Z 00409640 f   GridCtrl.obj
 0001:00008670       ?SetSelectedRange@CGridCtrl@@QAEXHHHHH@Z 00409670 f   GridCtrl.obj
 0001:00008a30       ?SelectAllCells@CGridCtrl@@IAEXXZ 00409a30 f   GridCtrl.obj
 0001:00008a70       ?SelectColumns@CGridCtrl@@IAEXVCCellID@@@Z 00409a70 f   GridCtrl.obj
 0001:00008b00       ?SelectRows@CGridCtrl@@IAEXVCCellID@@@Z 00409b00 f   GridCtrl.obj
 0001:00008bd0       ?SelectCells@CGridCtrl@@IAEXVCCellID@@@Z 00409bd0 f   GridCtrl.obj
 0001:00008c70       ??0CGdiObject@@QAE@XZ      00409c70 f i GridCtrl.obj
 0001:00008c90       ??_GCGdiObject@@UAEPAXI@Z  00409c90 f i GridCtrl.obj
 0001:00008c90       ??_ECGdiObject@@UAEPAXI@Z  00409c90 f i GridCtrl.obj
 0001:00008cc0       ??1CGdiObject@@UAE@XZ      00409cc0 f i GridCtrl.obj
 0001:00008d30       ?OnSelecting@CGridCtrl@@IAEXABVCCellID@@@Z 00409d30 f   GridCtrl.obj
 0001:00008dc0       ?CutSelectedText@CGridCtrl@@UAEXXZ 00409dc0 f   GridCtrl.obj
 0001:00008f50       ?CopyTextFromGrid@CGridCtrl@@UAEPAVCOleDataSource@@XZ 00409f50 f   GridCtrl.obj
 0001:00009240       ??_GCPen@@UAEPAXI@Z        0040a240 f i GridCtrl.obj
 0001:00009240       ??_ECPen@@UAEPAXI@Z        0040a240 f i GridCtrl.obj
 0001:00009270       ??1CPen@@UAE@XZ            0040a270 f i GridCtrl.obj
 0001:000092e0       ??_ECBrush@@UAEPAXI@Z      0040a2e0 f i GridCtrl.obj
 0001:000092e0       ??_GCBrush@@UAEPAXI@Z      0040a2e0 f i GridCtrl.obj
 0001:00009310       ??1CBrush@@UAE@XZ          0040a310 f i GridCtrl.obj
 0001:00009380       ?PasteTextToGrid@CGridCtrl@@UAEHVCCellID@@PAVCOleDataObject@@@Z 0040a380 f   GridCtrl.obj
 0001:00009800       ??_GCFont@@UAEPAXI@Z       0040a800 f i GridCtrl.obj
 0001:00009800       ??_ECFont@@UAEPAXI@Z       0040a800 f i GridCtrl.obj
 0001:00009830       ??1CFont@@UAE@XZ           0040a830 f i GridCtrl.obj
 0001:000098a0       ?OnBeginDrag@CGridCtrl@@UAEXXZ 0040a8a0 f   GridCtrl.obj
 0001:00009940       ??_ECBitmap@@UAEPAXI@Z     0040a940 f i GridCtrl.obj
 0001:00009940       ??_GCBitmap@@UAEPAXI@Z     0040a940 f i GridCtrl.obj
 0001:00009970       ?OnDragOver@CGridCtrl@@UAEKPAVCOleDataObject@@KVCPoint@@@Z 0040a970 f   GridCtrl.obj
 0001:00009b20       ??1CBitmap@@UAE@XZ         0040ab20 f i GridCtrl.obj
 0001:00009b90       ?OnDragEnter@CGridCtrl@@UAEKPAVCOleDataObject@@KVCPoint@@@Z 0040ab90 f   GridCtrl.obj
 0001:00009c80       ?OnDragLeave@CGridCtrl@@UAEXXZ 0040ac80 f   GridCtrl.obj
 0001:00009cf0       ?OnDrop@CGridCtrl@@UAEHPAVCOleDataObject@@KVCPoint@@@Z 0040acf0 f   GridCtrl.obj
 0001:00009d70       ?OnEditCut@CGridCtrl@@UAEXXZ 0040ad70 f   GridCtrl.obj
 0001:00009db0       ?OnEditCopy@CGridCtrl@@UAEXXZ 0040adb0 f   GridCtrl.obj
 0001:00009de0       ?OnEditPaste@CGridCtrl@@UAEXXZ 0040ade0 f   GridCtrl.obj
 0001:00009ef0       ??1COleDataObject@@QAE@XZ  0040aef0 f i GridCtrl.obj
 0001:00009f10       ?OnEditSelectAll@CGridCtrl@@UAEXXZ 0040af10 f   GridCtrl.obj
 0001:00009f30       ?OnUpdateEditCopy@CGridCtrl@@IAEXPAVCCmdUI@@@Z 0040af30 f   GridCtrl.obj
 0001:00009fd0       ?OnUpdateEditCut@CGridCtrl@@IAEXPAVCCmdUI@@@Z 0040afd0 f   GridCtrl.obj
 0001:0000a070       ?OnUpdateEditPaste@CGridCtrl@@IAEXPAVCCmdUI@@@Z 0040b070 f   GridCtrl.obj
 0001:0000a100       ?OnUpdateEditSelectAll@CGridCtrl@@IAEXPAVCCmdUI@@@Z 0040b100 f   GridCtrl.obj
 0001:0000a130       ?MouseOverRowResizeArea@CGridCtrl@@IBEHAAVCPoint@@@Z 0040b130 f   GridCtrl.obj
 0001:0000a200       ?MouseOverColumnResizeArea@CGridCtrl@@IBEHAAVCPoint@@@Z 0040b200 f   GridCtrl.obj
 0001:0000a2d0       ?GetCellFromPt@CGridCtrl@@IBE?AVCCellID@@VCPoint@@H@Z 0040b2d0 f   GridCtrl.obj
 0001:0000a460       ?GetTopleftNonFixedCell@CGridCtrl@@IBE?AVCCellID@@XZ 0040b460 f   GridCtrl.obj
 0001:0000a520       ?GetVisibleNonFixedCellRange@CGridCtrl@@IBE?AVCCellRange@@PAUtagRECT@@@Z 0040b520 f   GridCtrl.obj
 0001:0000a680       ?GetUnobstructedNonFixedCellRange@CGridCtrl@@IBE?AVCCellRange@@XZ 0040b680 f   GridCtrl.obj
 0001:0000a7b0       ?GetSelectedCellRange@CGridCtrl@@QBE?AVCCellRange@@XZ 0040b7b0 f   GridCtrl.obj
 0001:0000a8f0       ?GetCellRange@CGridCtrl@@QBE?AVCCellRange@@XZ 0040b8f0 f   GridCtrl.obj
 0001:0000a930       ?ResetSelectedRange@CGridCtrl@@IAEXXZ 0040b930 f   GridCtrl.obj
 0001:0000a970       ?GetScrollPos32@CGridCtrl@@IAEHHH@Z 0040b970 f   GridCtrl.obj
 0001:0000a9f0       ?SetScrollPos32@CGridCtrl@@IAEHHHH@Z 0040b9f0 f   GridCtrl.obj
 0001:0000aa40       ?ResetScrollBars@CGridCtrl@@IAEXXZ 0040ba40 f   GridCtrl.obj
 0001:0000ac70       ?GetCellOrigin@CGridCtrl@@QBEHHHPAUtagPOINT@@@Z 0040bc70 f   GridCtrl.obj
 0001:0000ae50       ?PtVisible@CDC@@UBEHHH@Z   0040be50 f i GridCtrl.obj
 0001:0000ae80       ?RectVisible@CDC@@UBEHPBUtagRECT@@@Z 0040be80 f i GridCtrl.obj
 0001:0000aeb0       ?GetCellOrigin@CGridCtrl@@QBEHABVCCellID@@PAUtagPOINT@@@Z 0040beb0 f   GridCtrl.obj
 0001:0000aee0       ?GetCellRect@CGridCtrl@@QBEHABVCCellID@@PAUtagRECT@@@Z 0040bee0 f   GridCtrl.obj
 0001:0000af10       ?GetCellRect@CGridCtrl@@QBEHHHPAUtagRECT@@@Z 0040bf10 f   GridCtrl.obj
 0001:0000afa0       ?GetTextRect@CGridCtrl@@QAEHABVCCellID@@PAUtagRECT@@@Z 0040bfa0 f   GridCtrl.obj
 0001:0000afd0       ?GetTextRect@CGridCtrl@@QAEHHHPAUtagRECT@@@Z 0040bfd0 f   GridCtrl.obj
 0001:0000b140       ??1_GV_ITEM@@QAE@XZ        0040c140 f i GridCtrl.obj
 0001:0000b160       ?GetCellRangeRect@CGridCtrl@@IBEHABVCCellRange@@PAUtagRECT@@@Z 0040c160 f   GridCtrl.obj
 0001:0000b230       ?OnSetFont@CGridCtrl@@IAEJIJ@Z 0040c230 f   GridCtrl.obj
 0001:0000b410       ?OnGetFont@CGridCtrl@@IAEJIJ@Z 0040c410 f   GridCtrl.obj
 0001:0000b440       ?OnSetCursor@CGridCtrl@@IAEHPAVCWnd@@II@Z 0040c440 f   GridCtrl.obj
 0001:0000b4c0       ?SetFixedRowCount@CGridCtrl@@QAEHH@Z 0040c4c0 f   GridCtrl.obj
 0001:0000b550       ?SetFixedColumnCount@CGridCtrl@@QAEHH@Z 0040c550 f   GridCtrl.obj
 0001:0000b5e0       ?SetRowCount@CGridCtrl@@QAEHH@Z 0040c5e0 f   GridCtrl.obj
 0001:0000b890       ??_G?$CTypedPtrArray@VCObArray@@PAVCGridCell@@@@UAEPAXI@Z 0040c890 f i GridCtrl.obj
 0001:0000b890       ??_E?$CTypedPtrArray@VCObArray@@PAVCGridCell@@@@UAEPAXI@Z 0040c890 f i GridCtrl.obj
 0001:0000b8c0       ??1?$CTypedPtrArray@VCObArray@@PAVCGridCell@@@@UAE@XZ 0040c8c0 f i GridCtrl.obj
 0001:0000b8e0       ?SetColumnCount@CGridCtrl@@QAEHH@Z 0040c8e0 f   GridCtrl.obj
 0001:0000bb10       ?TextOutA@CDC@@UAEHHHPBDH@Z 0040cb10 f i GridCtrl.obj
 0001:0000bb50       ?ExtTextOutA@CDC@@UAEHHHIPBUtagRECT@@PBDIPAH@Z 0040cb50 f i GridCtrl.obj
 0001:0000bb90       ?TabbedTextOutA@CDC@@UAE?AVCSize@@HHPBDHHPAHH@Z 0040cb90 f i GridCtrl.obj
 0001:0000bc00       ?InsertColumn@CGridCtrl@@QAEHPBDIH@Z 0040cc00 f   GridCtrl.obj
 0001:0000bde0       ?DrawTextA@CDC@@UAEHPBDHPAUtagRECT@@I@Z 0040cde0 f i GridCtrl.obj
 0001:0000be20       ?InsertRow@CGridCtrl@@QAEHPBDH@Z 0040ce20 f   GridCtrl.obj
 0001:0000c070       ?GrayStringA@CDC@@UAEHPAVCBrush@@P6GHPAUHDC__@@JH@ZJHHHHH@Z 0040d070 f i GridCtrl.obj
 0001:0000c0c0       ?CreateCell@CGridCtrl@@MAEPAVCGridCell@@HH@Z 0040d0c0 f   GridCtrl.obj
 0001:0000c1f0       ??_GCGridCell@@UAEPAXI@Z   0040d1f0 f i GridCtrl.obj
 0001:0000c1f0       ??_ECGridCell@@UAEPAXI@Z   0040d1f0 f i GridCtrl.obj
 0001:0000c220       ??1CGridCell@@UAE@XZ       0040d220 f i GridCtrl.obj
 0001:0000c290       ?EmptyCell@CGridCtrl@@MAEXPAVCGridCell@@HH@Z 0040d290 f   GridCtrl.obj
 0001:0000c2c0       ?DeleteColumn@CGridCtrl@@QAEHH@Z 0040d2c0 f   GridCtrl.obj
 0001:0000c400       ?Escape@CDC@@UAEHHHPBDPAX@Z 0040d400 f i GridCtrl.obj
 0001:0000c440       ?DeleteRow@CGridCtrl@@QAEHH@Z 0040d440 f   GridCtrl.obj
 0001:0000c570       ?DeleteNonFixedRows@CGridCtrl@@QAEHXZ 0040d570 f   GridCtrl.obj
 0001:0000c5b0       ?DeleteAllItems@CGridCtrl@@QAEHXZ 0040d5b0 f   GridCtrl.obj
 0001:0000c6d0       ?GetNextItem@CGridCtrl@@QBE?AVCCellID@@AAV2@H@Z 0040d6d0 f   GridCtrl.obj
 0001:0000cb30       ?SortTextItems@CGridCtrl@@QAEHHH@Z 0040db30 f   GridCtrl.obj
 0001:0000cb80       ?SortTextItems@CGridCtrl@@IAEHHHHH@Z 0040db80 f   GridCtrl.obj
 0001:0000d010       ?SortItems@CGridCtrl@@QAEHP6GHJJJ@ZHHJ@Z 0040e010 f   GridCtrl.obj
 0001:0000d080       ?SortItems@CGridCtrl@@IAEHP6GHJJJ@ZHHJHH@Z 0040e080 f   GridCtrl.obj
 0001:0000d3d0       ?SetItem@CGridCtrl@@QAEHPBU_GV_ITEM@@@Z 0040e3d0 f   GridCtrl.obj
 0001:0000d4f0       ?GetItem@CGridCtrl@@QAEHPAU_GV_ITEM@@@Z 0040e4f0 f   GridCtrl.obj
 0001:0000d650       ?SetItemText@CGridCtrl@@QAEHHHPBD@Z 0040e650 f   GridCtrl.obj
 0001:0000d6d0       ?SetItemData@CGridCtrl@@QAEHHHJ@Z 0040e6d0 f   GridCtrl.obj
 0001:0000d740       ?GetItemData@CGridCtrl@@QBEJHH@Z 0040e740 f   GridCtrl.obj
 0001:0000d7b0       ?SetItemImage@CGridCtrl@@QAEHHHH@Z 0040e7b0 f   GridCtrl.obj
 0001:0000d820       ?GetItemImage@CGridCtrl@@QBEHHH@Z 0040e820 f   GridCtrl.obj
 0001:0000d890       ?SetItemState@CGridCtrl@@QAEHHHI@Z 0040e890 f   GridCtrl.obj
 0001:0000db00       ?GetItemState@CGridCtrl@@QBEIHH@Z 0040eb00 f   GridCtrl.obj
 0001:0000db70       ?SetItemFormat@CGridCtrl@@QAEHHHI@Z 0040eb70 f   GridCtrl.obj
 0001:0000dbe0       ?GetItemFormat@CGridCtrl@@QBEIHH@Z 0040ebe0 f   GridCtrl.obj
 0001:0000dc50       ?SetItemBkColour@CGridCtrl@@QAEHHHK@Z 0040ec50 f   GridCtrl.obj
 0001:0000dcc0       ?GetItemBkColour@CGridCtrl@@QBEKHH@Z 0040ecc0 f   GridCtrl.obj
 0001:0000dd30       ?SetItemFgColour@CGridCtrl@@QAEHHHK@Z 0040ed30 f   GridCtrl.obj
 0001:0000dda0       ?GetItemFgColour@CGridCtrl@@QBEKHH@Z 0040eda0 f   GridCtrl.obj
 0001:0000de10       ?SetItemFont@CGridCtrl@@QAEHHHPAUtagLOGFONTA@@@Z 0040ee10 f   GridCtrl.obj
 0001:0000de90       ?GetItemFont@CGridCtrl@@QAEPAUtagLOGFONTA@@HH@Z 0040ee90 f   GridCtrl.obj
 0001:0000df00       ?GetVirtualWidth@CGridCtrl@@QBEJXZ 0040ef00 f   GridCtrl.obj
 0001:0000df30       ?GetVirtualHeight@CGridCtrl@@QBEJXZ 0040ef30 f   GridCtrl.obj
 0001:0000df60       ?GetRowHeight@CGridCtrl@@QBEHH@Z 0040ef60 f   GridCtrl.obj
 0001:0000dfa0       ?GetColumnWidth@CGridCtrl@@QBEHH@Z 0040efa0 f   GridCtrl.obj
 0001:0000dfe0       ?SetRowHeight@CGridCtrl@@QAEHHH@Z 0040efe0 f   GridCtrl.obj
 0001:0000e020       ?SetColumnWidth@CGridCtrl@@QAEHHH@Z 0040f020 f   GridCtrl.obj
 0001:0000e060       ?GetFixedRowHeight@CGridCtrl@@QBEHXZ 0040f060 f   GridCtrl.obj
 0001:0000e0a0       ?GetFixedColumnWidth@CGridCtrl@@QBEHXZ 0040f0a0 f   GridCtrl.obj
 0001:0000e0e0       ?AutoSizeColumn@CGridCtrl@@QAEHH@Z 0040f0e0 f   GridCtrl.obj
 0001:0000e1d0       ?AutoSizeRow@CGridCtrl@@QAEHH@Z 0040f1d0 f   GridCtrl.obj
 0001:0000e2c0       ?AutoSizeColumns@CGridCtrl@@QAEXXZ 0040f2c0 f   GridCtrl.obj
 0001:0000e300       ?AutoSizeRows@CGridCtrl@@QAEXXZ 0040f300 f   GridCtrl.obj
 0001:0000e340       ?AutoSize@CGridCtrl@@QAEXXZ 0040f340 f   GridCtrl.obj
 0001:0000e4a0       ?ExpandColumnsToFit@CGridCtrl@@QAEXXZ 0040f4a0 f   GridCtrl.obj
 0001:0000e5b0       ?ExpandRowsToFit@CGridCtrl@@QAEXXZ 0040f5b0 f   GridCtrl.obj
 0001:0000e6c0       ?ExpandToFit@CGridCtrl@@QAEXXZ 0040f6c0 f   GridCtrl.obj
 0001:0000e6f0       ?IsCellFixed@CGridCtrl@@QAEHHH@Z 0040f6f0 f   GridCtrl.obj
 0001:0000e730       ?SetModified@CGridCtrl@@QAEXHHH@Z 0040f730 f   GridCtrl.obj
 0001:0000e810       ?GetModified@CGridCtrl@@QAEHHH@Z 0040f810 f   GridCtrl.obj
 0001:0000e850       ?EnsureVisible@CGridCtrl@@QAEXHH@Z 0040f850 f   GridCtrl.obj
 0001:0000e9b0       ?IsCellEditable@CGridCtrl@@QBEHAAVCCellID@@@Z 0040f9b0 f   GridCtrl.obj
 0001:0000e9e0       ?IsCellEditable@CGridCtrl@@QBEHHH@Z 0040f9e0 f   GridCtrl.obj
 0001:0000ea20       ?IsCellVisible@CGridCtrl@@QBEHVCCellID@@@Z 0040fa20 f   GridCtrl.obj
 0001:0000ea50       ?IsCellVisible@CGridCtrl@@QBEHHH@Z 0040fa50 f   GridCtrl.obj
 0001:0000ec30       ?InvalidateCellRect@CGridCtrl@@IAEHABVCCellID@@@Z 0040fc30 f   GridCtrl.obj
 0001:0000ecf0       ?InvalidateCellRect@CGridCtrl@@IAEHABVCCellRange@@@Z 0040fcf0 f   GridCtrl.obj
 0001:0000ee10       ?OnMouseWheel@CGridCtrl@@IAEHIFVCPoint@@@Z 0040fe10 f   GridCtrl.obj
 0001:0000ef40       ?OnMouseMove@CGridCtrl@@IAEXIVCPoint@@@Z 0040ff40 f   GridCtrl.obj
 0001:0000f4c0       ?OnLButtonDblClk@CGridCtrl@@IAEXIVCPoint@@@Z 004104c0 f   GridCtrl.obj
 0001:0000f720       ?DoDataExchange@CWnd@@MAEXPAVCDataExchange@@@Z 00410720 f i GridCtrl.obj
 0001:0000f740       ?BeginModalState@CWnd@@UAEXXZ 00410740 f i GridCtrl.obj
 0001:0000f760       ?EndModalState@CWnd@@UAEXXZ 00410760 f i GridCtrl.obj
 0001:0000f780       ?OnLButtonDown@CGridCtrl@@IAEXIVCPoint@@@Z 00410780 f   GridCtrl.obj
 0001:0000ff00       ?OnLButtonUp@CGridCtrl@@IAEXIVCPoint@@@Z 00410f00 f   GridCtrl.obj
 0001:00010290       ?Print@CGridCtrl@@QAEXXZ   00411290 f   GridCtrl.obj
 0001:00010550       ??1CPrintDialog@@UAE@XZ    00411550 f i GridCtrl.obj
 0001:00010570       ?OnBeginPrinting@CGridCtrl@@UAEXPAVCDC@@PAUCPrintInfo@@@Z 00411570 f   GridCtrl.obj
 0001:00010860       ?OnPrint@CGridCtrl@@UAEXPAVCDC@@PAUCPrintInfo@@@Z 00411860 f   GridCtrl.obj
 0001:00010cf0       ?PrintColumnHeadings@CGridCtrl@@MAEXPAVCDC@@PAUCPrintInfo@@@Z 00411cf0 f   GridCtrl.obj
 0001:00010f20       ?PrintHeader@CGridCtrl@@MAEXPAVCDC@@PAUCPrintInfo@@@Z 00411f20 f   GridCtrl.obj
 0001:00011180       ?PrintFooter@CGridCtrl@@MAEXPAVCDC@@PAUCPrintInfo@@@Z 00412180 f   GridCtrl.obj
 0001:00011400       ?OnEndPrinting@CGridCtrl@@UAEXPAVCDC@@PAUCPrintInfo@@@Z 00412400 f   GridCtrl.obj
 0001:00011420       ?Save@CGridCtrl@@QAEHPBD@Z 00412420 f   GridCtrl.obj
 0001:000116c0       ??1CException@@UAE@XZ      004126c0 f i GridCtrl.obj
 0001:000116e0       ??_GCFileException@@UAEPAXI@Z 004126e0 f i GridCtrl.obj
 0001:000116e0       ??_ECFileException@@UAEPAXI@Z 004126e0 f i GridCtrl.obj
 0001:00011710       ??1CFileException@@UAE@XZ  00412710 f i GridCtrl.obj
 0001:00011780       ?Load@CGridCtrl@@QAEHPBD@Z 00412780 f   GridCtrl.obj
 0001:00011a80       ?CreateDragImage@CGridCtrl@@MAEPAVCImageList@@PAVCPoint@@@Z 00412a80 f   GridCtrl.obj
 0001:00011d90       ?OnFixedRowClick@CGridCtrl@@MAEXAAVCCellID@@@Z 00412d90 f   GridCtrl.obj
 0001:00011f00       ?OnFixedColumnClick@CGridCtrl@@MAEXAAVCCellID@@@Z 00412f00 f   GridCtrl.obj
 0001:00011f70       ?GetTextExtent@CGridCtrl@@QAE?AVCSize@@PBDH@Z 00412f70 f   GridCtrl.obj
 0001:00012120       ?GetCellExtent@CGridCtrl@@MAE?AVCSize@@HHPAVCDC@@@Z 00413120 f   GridCtrl.obj
 0001:00012350       ?DrawFixedCell@CGridCtrl@@MAEHPAVCDC@@HHVCRect@@H@Z 00413350 f   GridCtrl.obj
 0001:00012910       ?DrawCell@CGridCtrl@@MAEHPAVCDC@@HHVCRect@@H@Z 00413910 f   GridCtrl.obj
 0001:00012eb0       ??1CWaitCursor@@QAE@XZ     00413eb0 f i GridCtrl.obj
 0001:00012ed0       ?OnEditCell@CGridCtrl@@MAEXHHI@Z 00413ed0 f   GridCtrl.obj
 0001:00013060       ?CreateInPlaceEditControl@CGridCtrl@@MAEXAAVCRect@@KIHHPBDH@Z 00414060 f   GridCtrl.obj
 0001:00013100       ?OnEndEditCell@CGridCtrl@@MAEXPAU_GV_ITEM@@@Z 00414100 f   GridCtrl.obj
 0001:00013140       ?OnEndEditCell@CGridCtrl@@MAEXHHVCString@@@Z 00414140 f   GridCtrl.obj
 0001:00013220       ?GetItemText@CGridCtrl@@UAE?AVCString@@HH@Z 00414220 f   GridCtrl.obj
 0001:000132b0       ?RemoveAll@?$CMap@KKVCCellID@@AAV1@@@QAEXXZ 004142b0 f i GridCtrl.obj
 0001:00013320       ??1?$CMap@KKVCCellID@@AAV1@@@UAE@XZ 00414320 f i GridCtrl.obj
 0001:000133e0       ?Serialize@?$CMap@KKVCCellID@@AAV1@@@UAEXAAVCArchive@@@Z 004143e0 f i GridCtrl.obj
 0001:00013690       ??_E?$CMap@KKVCCellID@@AAV1@@@UAEPAXI@Z 00414690 f i GridCtrl.obj
 0001:00013690       ??_G?$CMap@KKVCCellID@@AAV1@@@UAEPAXI@Z 00414690 f i GridCtrl.obj
 0001:000136c0       ?NewAssoc@?$CMap@KKVCCellID@@AAV1@@@IAEPAUCAssoc@1@XZ 004146c0 f i GridCtrl.obj
 0001:00013750       ?ConstructElements@@YGXPAVCCellID@@H@Z 00414750 f i GridCtrl.obj
 0001:000137c0       ??_9@$BOE@AE               004147c0 f i GridCtrl.obj
 0001:000137d0       ??_9@$BOI@AE               004147d0 f i GridCtrl.obj
 0001:000137e0       ??_9@$BOM@AE               004147e0 f i GridCtrl.obj
 0001:000137f0       ??_9@$BPA@AE               004147f0 f i GridCtrl.obj
 0001:00013800       ??0CGridDropTarget@@QAE@XZ 00414800 f   GridDropTarget.obj
 0001:00013830       ??_GCGridDropTarget@@UAEPAXI@Z 00414830 f i GridDropTarget.obj
 0001:00013830       ??_ECGridDropTarget@@UAEPAXI@Z 00414830 f i GridDropTarget.obj
 0001:00013860       ??1CGridDropTarget@@UAE@XZ 00414860 f   GridDropTarget.obj
 0001:00013880       ?Register@CGridDropTarget@@QAEHPAVCGridCtrl@@@Z 00414880 f   GridDropTarget.obj
 0001:000138d0       ?Revoke@CGridDropTarget@@UAEXXZ 004148d0 f   GridDropTarget.obj
 0001:000138f0       ?_GetBaseMessageMap@CGridDropTarget@@KGPBUAFX_MSGMAP@@XZ 004148f0 f   GridDropTarget.obj
 0001:00013910       ?GetMessageMap@CGridDropTarget@@MBEPBUAFX_MSGMAP@@XZ 00414910 f   GridDropTarget.obj
 0001:00013930       ?OnDragScroll@CGridDropTarget@@UAEKPAVCWnd@@KVCPoint@@@Z 00414930 f   GridDropTarget.obj
 0001:00013980       ?OnDragEnter@CGridDropTarget@@UAEKPAVCWnd@@PAVCOleDataObject@@KVCPoint@@@Z 00414980 f   GridDropTarget.obj
 0001:000139f0       ?OnDragLeave@CGridDropTarget@@UAEXPAVCWnd@@@Z 004149f0 f   GridDropTarget.obj
 0001:00013a30       ?OnDragOver@CGridDropTarget@@UAEKPAVCWnd@@PAVCOleDataObject@@KVCPoint@@@Z 00414a30 f   GridDropTarget.obj
 0001:00013aa0       ?OnDrop@CGridDropTarget@@UAEHPAVCWnd@@PAVCOleDataObject@@KVCPoint@@@Z 00414aa0 f   GridDropTarget.obj
 0001:00013b10       ??0CInPlaceEdit@@QAE@PAVCWnd@@AAVCRect@@KIHHVCString@@I@Z 00414b10 f   InPlaceEdit.obj
 0001:00013db0       ??_GCInPlaceEdit@@UAEPAXI@Z 00414db0 f i InPlaceEdit.obj
 0001:00013db0       ??_ECInPlaceEdit@@UAEPAXI@Z 00414db0 f i InPlaceEdit.obj
 0001:00013de0       ??1CInPlaceEdit@@UAE@XZ    00414de0 f   InPlaceEdit.obj
 0001:00013e60       ?_GetBaseMessageMap@CInPlaceEdit@@KGPBUAFX_MSGMAP@@XZ 00414e60 f   InPlaceEdit.obj
 0001:00013e80       ?GetMessageMap@CInPlaceEdit@@MBEPBUAFX_MSGMAP@@XZ 00414e80 f   InPlaceEdit.obj
 0001:00013ea0       ?OnKeyDown@CInPlaceEdit@@IAEXIII@Z 00414ea0 f   InPlaceEdit.obj
 0001:00013f30       ?OnKillFocus@CInPlaceEdit@@IAEXPAVCWnd@@@Z 00414f30 f   InPlaceEdit.obj
 0001:00013f60       ?OnChar@CInPlaceEdit@@IAEXIII@Z 00414f60 f   InPlaceEdit.obj
 0001:00014170       ?OnGetDlgCode@CInPlaceEdit@@IAEIXZ 00415170 f   InPlaceEdit.obj
 0001:00014190       ?PreTranslateMessage@CInPlaceEdit@@UAEHPAUtagMSG@@@Z 00415190 f   InPlaceEdit.obj
 0001:000141c0       ?PostNcDestroy@CInPlaceEdit@@MAEXXZ 004151c0 f   InPlaceEdit.obj
 0001:000141f0       ?EndEdit@CInPlaceEdit@@QAEXXZ 004151f0 f   InPlaceEdit.obj
 0001:00014360       ??1tagGV_DISPINFO@@QAE@XZ  00415360 f i InPlaceEdit.obj
 0001:00014380       ?OnCreate@CWnd@@IAEHPAUtagCREATESTRUCTA@@@Z 00415380 f i InPlaceEdit.obj
 0001:000143a0       ??_ECEdit@@UAEPAXI@Z       004153a0 f i InPlaceEdit.obj
 0001:000143a0       ??_GCEdit@@UAEPAXI@Z       004153a0 f i InPlaceEdit.obj
 0001:000143d0       ??0CTitleTip@@QAE@XZ       004153d0 f   TitleTip.obj
 0001:000144c0       ??_ECTitleTip@@UAEPAXI@Z   004154c0 f i TitleTip.obj
 0001:000144c0       ??_GCTitleTip@@UAEPAXI@Z   004154c0 f i TitleTip.obj
 0001:000144f0       ??1CTitleTip@@UAE@XZ       004154f0 f   TitleTip.obj
 0001:00014510       ?_GetBaseMessageMap@CTitleTip@@KGPBUAFX_MSGMAP@@XZ 00415510 f   TitleTip.obj
 0001:00014530       ?GetMessageMap@CTitleTip@@MBEPBUAFX_MSGMAP@@XZ 00415530 f   TitleTip.obj
 0001:00014550       ?Create@CTitleTip@@UAEHPAVCWnd@@@Z 00415550 f   TitleTip.obj
 0001:000145a0       ?Show@CTitleTip@@QAEXVCRect@@PBDHPAUtagRECT@@PAUtagLOGFONTA@@@Z 004155a0 f   TitleTip.obj
 0001:00014930       ?Hide@CTitleTip@@QAEXXZ    00415930 f   TitleTip.obj
 0001:000149a0       ?OnMouseMove@CTitleTip@@IAEXIVCPoint@@@Z 004159a0 f   TitleTip.obj
 0001:00014ae0       ?PreTranslateMessage@CTitleTip@@UAEHPAUtagMSG@@@Z 00415ae0 f   TitleTip.obj
 0001:00014d00       ??0C3DMeterCtrl@@QAE@XZ    00415d00 f   3DMeterCtrl.obj
 0001:00014e90       ??_EC3DMeterCtrl@@UAEPAXI@Z 00415e90 f i 3DMeterCtrl.obj
 0001:00014e90       ??_GC3DMeterCtrl@@UAEPAXI@Z 00415e90 f i 3DMeterCtrl.obj
 0001:00014ec0       ??_H@YGXPAXIHP6EX0@Z@Z     00415ec0 f i 3DMeterCtrl.obj
 0001:00014f00       ??1C3DMeterCtrl@@UAE@XZ    00415f00 f   3DMeterCtrl.obj
 0001:00015070       ?_GetBaseMessageMap@C3DMeterCtrl@@KGPBUAFX_MSGMAP@@XZ 00416070 f   3DMeterCtrl.obj
 0001:00015090       ?GetMessageMap@C3DMeterCtrl@@MBEPBUAFX_MSGMAP@@XZ 00416090 f   3DMeterCtrl.obj
 0001:000150b0       ?OnPaint@C3DMeterCtrl@@IAEXXZ 004160b0 f   3DMeterCtrl.obj
 0001:000154f0       ??1CMemDC1@@UAE@XZ         004164f0 f i 3DMeterCtrl.obj
 0001:00015610       ??_ECMemDC1@@UAEPAXI@Z     00416610 f i 3DMeterCtrl.obj
 0001:00015610       ??_GCMemDC1@@UAEPAXI@Z     00416610 f i 3DMeterCtrl.obj
 0001:00015640       ?DrawValue@C3DMeterCtrl@@QAEXPAVCDC@@@Z 00416640 f   3DMeterCtrl.obj
 0001:00015770       ?UpdateNeedle@C3DMeterCtrl@@QAEXN@Z 00416770 f   3DMeterCtrl.obj
 0001:000157b0       ?DrawNeedle@C3DMeterCtrl@@QAEXPAVCDC@@@Z 004167b0 f   3DMeterCtrl.obj
 0001:00015a50       ?DrawMeterBackground@C3DMeterCtrl@@QAEXPAVCDC@@AAVCRect@@@Z 00416a50 f   3DMeterCtrl.obj
 0001:00016810       ?OnSize@C3DMeterCtrl@@IAEXIHH@Z 00417810 f   3DMeterCtrl.obj
 0001:00016840       ?ReconstructControl@C3DMeterCtrl@@QAEXXZ 00417840 f   3DMeterCtrl.obj
 0001:000168d0       ?SetRange@C3DMeterCtrl@@QAEXNN@Z 004178d0 f   3DMeterCtrl.obj
 0001:00016910       ?SetScaleDecimals@C3DMeterCtrl@@QAEXH@Z 00417910 f   3DMeterCtrl.obj
 0001:00016940       ?SetValueDecimals@C3DMeterCtrl@@QAEXH@Z 00417940 f   3DMeterCtrl.obj
 0001:00016970       ?SetUnits@C3DMeterCtrl@@QAEXAAVCString@@@Z 00417970 f   3DMeterCtrl.obj
 0001:000169a0       ?SetNeedleColor@C3DMeterCtrl@@QAEXK@Z 004179a0 f   3DMeterCtrl.obj
 0001:000169d0       ??0CBitmap@@QAE@XZ         004179d0 f i 3DMeterCtrl.obj
 0001:000169f0       ??_ECRgn@@UAEPAXI@Z        004179f0 f i 3DMeterCtrl.obj
 0001:000169f0       ??_GCRgn@@UAEPAXI@Z        004179f0 f i 3DMeterCtrl.obj
 0001:00016a20       ??1CRgn@@UAE@XZ            00417a20 f i 3DMeterCtrl.obj
 0001:00016a90       ?SelectObject@CDC@@QAEPAVCBitmap@@PAV2@@Z 00417a90 f i 3DMeterCtrl.obj
 0001:00016ad0       ??_GCStatic@@UAEPAXI@Z     00417ad0 f i 3DMeterCtrl.obj
 0001:00016ad0       ??_ECStatic@@UAEPAXI@Z     00417ad0 f i 3DMeterCtrl.obj
 0001:00016b00       ?CreateObject@CBoutonEx@@SGPAVCObject@@XZ 00417b00 f   boutonex.obj
 0001:00016b80       ?_GetBaseClass@CBoutonEx@@KGPAUCRuntimeClass@@XZ 00417b80 f   boutonex.obj
 0001:00016ba0       ?GetRuntimeClass@CBoutonEx@@UBEPAUCRuntimeClass@@XZ 00417ba0 f   boutonex.obj
 0001:00016bc0       ??0CBoutonEx@@QAE@PAVCOsysBouton@@@Z 00417bc0 f   boutonex.obj
 0001:00016bf0       ??_GCBoutonEx@@UAEPAXI@Z   00417bf0 f i boutonex.obj
 0001:00016bf0       ??_ECBoutonEx@@UAEPAXI@Z   00417bf0 f i boutonex.obj
 0001:00016c20       ??0CBoutonEx@@QAE@XZ       00417c20 f   boutonex.obj
 0001:00016c50       ??1CBoutonEx@@UAE@XZ       00417c50 f   boutonex.obj
 0001:00016c70       ?_GetBaseMessageMap@CBoutonEx@@KGPBUAFX_MSGMAP@@XZ 00417c70 f   boutonex.obj
 0001:00016c90       ?GetMessageMap@CBoutonEx@@MBEPBUAFX_MSGMAP@@XZ 00417c90 f   boutonex.obj
 0001:00016d40       ?OnCtlColor@CBoutonEx@@IAEPAUHBRUSH__@@PAVCDC@@PAVCWnd@@I@Z 00417d40 f   boutonex.obj
 0001:00016db0       ?CtlColor@CBoutonEx@@IAEPAUHBRUSH__@@PAVCDC@@I@Z 00417db0 f   boutonex.obj
 0001:00016e00       ?OnClicked@CBoutonEx@@IAEXXZ 00417e00 f   boutonex.obj
 0001:00016e30       ?OnCreate@CBoutonEx@@IAEHPAUtagCREATESTRUCTA@@@Z 00417e30 f   boutonex.obj
 0001:00016e50       ?OnEraseBkgnd@CBoutonEx@@IAEHPAVCDC@@@Z 00417e50 f   boutonex.obj
 0001:00016e70       ?OnChar@CBoutonEx@@IAEXIII@Z 00417e70 f   boutonex.obj
 0001:000170c0       ?OnSetFocus@CBoutonEx@@IAEXPAVCWnd@@@Z 004180c0 f   boutonex.obj
 0001:000170f0       ?OnKeyDown@CBoutonEx@@IAEXIII@Z 004180f0 f   boutonex.obj
 0001:00017170       ?OnLButtonDown@CBoutonEx@@IAEXIVCPoint@@@Z 00418170 f   boutonex.obj
 0001:000171e0       ?DrawItem@CBoutonEx@@UAEXPAUtagDRAWITEMSTRUCT@@@Z 004181e0 f   boutonex.obj
 0001:00017520       ?OnLButtonUp@CBoutonEx@@IAEXIVCPoint@@@Z 00418520 f   boutonex.obj
 0001:00017560       ??0CBrush@@QAE@XZ          00418560 f i boutonex.obj
 0001:00017580       ?CreateObject@CBrowser@@SGPAVCObject@@XZ 00418580 f   browser.obj
 0001:00017600       ?_GetBaseClass@CBrowser@@KGPAUCRuntimeClass@@XZ 00418600 f   browser.obj
 0001:00017620       ?GetRuntimeClass@CBrowser@@UBEPAUCRuntimeClass@@XZ 00418620 f   browser.obj
 0001:00017640       ?_GetBaseMessageMap@CBrowser@@KGPBUAFX_MSGMAP@@XZ 00418640 f   browser.obj
 0001:00017660       ?GetMessageMap@CBrowser@@MBEPBUAFX_MSGMAP@@XZ 00418660 f   browser.obj
 0001:00017680       ??0CBrowser@@QAE@XZ        00418680 f   browser.obj
 0001:000176b0       ??_GCBrowser@@UAEPAXI@Z    004186b0 f i browser.obj
 0001:000176b0       ??_ECBrowser@@UAEPAXI@Z    004186b0 f i browser.obj
 0001:000176e0       ??1CBrowser@@UAE@XZ        004186e0 f   browser.obj
 0001:00017780       ?Init@CBrowser@@QAEXVCRect@@PAVCWnd@@@Z 00418780 f   browser.obj
 0001:00017810       ?InitBrowserSink@CBrowser@@QAEXXZ 00418810 f   browser.obj
 0001:000178a0       ?Navigate@CBrowser@@QAEXVCString@@@Z 004188a0 f   browser.obj
 0001:000179c0       ?OnSize@CBrowser@@IAEXIHH@Z 004189c0 f   browser.obj
 0001:000179e0       ?OnMove@CBrowser@@IAEXHH@Z 004189e0 f   browser.obj
 0001:00017a00       ??1COleVariant@@QAE@XZ     00418a00 f i browser.obj
 0001:00017a20       ??0CBrowserAction@@QAE@PAUIWebBrowser2@@PAVCWebBrowserEx@@@Z 00418a20 f   browseraction.obj
 0001:00017a50       ??_GCBrowserAction@@UAEPAXI@Z 00418a50 f i browseraction.obj
 0001:00017a50       ??_ECBrowserAction@@UAEPAXI@Z 00418a50 f i browseraction.obj
 0001:00017a80       ??1CBrowserAction@@UAE@XZ  00418a80 f   browseraction.obj
 0001:00017aa0       ?TraiteCommande@CBrowserAction@@QAEHVCString@@@Z 00418aa0 f   browseraction.obj
 0001:000184c0       ??BCString@@QBEPBDXZ       004194c0 f i browseraction.obj
 0001:000184e0       ?AnalyseCommande@CBrowserAction@@QAEHVCString@@AAV2@AAVCStringList@@@Z 004194e0 f   browseraction.obj
 0001:00018690       ?ExecuteFonctionJavaScript@CBrowserAction@@QAEHVCString@@AAVCStringArray@@@Z 00419690 f   browseraction.obj
 0001:00018a80       ?A2WBSTR@@YAPAGPBDH@Z      00419a80 f i browseraction.obj
 0001:00018af0       ?GetAt@CStringArray@@QBE?AVCString@@H@Z 00419af0 f i browseraction.obj
 0001:00018b30       ??1CComBSTR@ATL@@QAE@XZ    00419b30 f i browseraction.obj
 0001:00018b50       ??1CComVariant@ATL@@QAE@XZ 00419b50 f i browseraction.obj
 0001:00018b70       ?GetJScript@CBrowserAction@@QAEHAAV?$CComPtr@UIDispatch@@@ATL@@@Z 00419b70 f   browseraction.obj
 0001:00018ca0       ?InitArrayParam@CBrowserAction@@QAEHAAVCStringArray@@AAVCStringList@@@Z 00419ca0 f   browseraction.obj
 0001:00018d60       ?InitArrayParamJVS_updateMemory@CBrowserAction@@QAEHAAVCStringArray@@AAVCStringList@@@Z 00419d60 f   browseraction.obj
 0001:00018ee0       ?InitArrayParamJVS_updateMemoryIndex@CBrowserAction@@QAEHAAVCStringArray@@AAVCStringList@@@Z 00419ee0 f   browseraction.obj
 0001:000190a0       ?LitValMemoire@CBrowserAction@@QAEHVCString@@AAVCStringArray@@@Z 0041a0a0 f   browseraction.obj
 0001:000192b0       ?EcritValMemoire@CBrowserAction@@QAEHVCString@@AAVCStringArray@@@Z 0041a2b0 f   browseraction.obj
 0001:00019410       ??ACStringArray@@QAEAAVCString@@H@Z 0041a410 f i browseraction.obj
 0001:00019430       ?AfxGetApp@@YGPAVCWinApp@@XZ 0041a430 f i browseraction.obj
 0001:00019450       ?LitValMemoireIndex@CBrowserAction@@QAE?AVCString@@V2@H@Z 0041a450 f   browseraction.obj
 0001:000195e0       ?EcritValMemoireIndex@CBrowserAction@@QAEHVCString@@H0@Z 0041a5e0 f   browseraction.obj
 0001:00019720       ?FormateValMemoire@CBrowserAction@@QAE?AVCString@@AAVCStringArray@@@Z 0041a720 f   browseraction.obj
 0001:00019830       ?ExecuteLpx@CBrowserAction@@QAEHVCString@@AAVCStringArray@@@Z 0041a830 f   browseraction.obj
 0001:000199a0       ?OpenWindow@CBrowserAction@@QAEHVCString@@@Z 0041a9a0 f   browseraction.obj
 0001:00019a80       ?CloseWindow@CBrowserAction@@QAEHVCString@@@Z 0041aa80 f   browseraction.obj
 0001:00019bf0       ?InitListenMemory@CBrowserAction@@QAEHVCString@@@Z 0041abf0 f   browseraction.obj
 0001:00019e40       ?InitListenMemories@CBrowserAction@@QAEHVCString@@@Z 0041ae40 f   browseraction.obj
 0001:0001a0c0       ?OnModifValMem@CBrowserAction@@QAEHJ@Z 0041b0c0 f   browseraction.obj
 0001:0001a4f0       ??1?$CComPtr@UIDispatch@@@ATL@@QAE@XZ 0041b4f0 f i browseraction.obj
 0001:0001a510       ??1?$CComPtr@UIHTMLDocument2@@@ATL@@QAE@XZ 0041b510 f i browseraction.obj
 0001:0001a530       ?CreateObject@CBrowserSink@@SGPAVCObject@@XZ 0041b530 f   browsersink.obj
 0001:0001a5b0       ?_GetBaseClass@CBrowserSink@@KGPAUCRuntimeClass@@XZ 0041b5b0 f   browsersink.obj
 0001:0001a5d0       ?GetRuntimeClass@CBrowserSink@@UBEPAUCRuntimeClass@@XZ 0041b5d0 f   browsersink.obj
 0001:0001a5f0       ??0CBrowserSink@@QAE@XZ    0041b5f0 f   browsersink.obj
 0001:0001a670       ??_ECBrowserSink@@UAEPAXI@Z 0041b670 f i browsersink.obj
 0001:0001a670       ??_GCBrowserSink@@UAEPAXI@Z 0041b670 f i browsersink.obj
 0001:0001a6a0       ??0CBrowserSink@@QAE@PAUIWebBrowser2@@PAVCWebBrowserEx@@@Z 0041b6a0 f   browsersink.obj
 0001:0001a730       ??1CBrowserSink@@UAE@XZ    0041b730 f   browsersink.obj
 0001:0001a760       ?_GetBaseMessageMap@CBrowserSink@@KGPBUAFX_MSGMAP@@XZ 0041b760 f   browsersink.obj
 0001:0001a780       ?GetMessageMap@CBrowserSink@@MBEPBUAFX_MSGMAP@@XZ 0041b780 f   browsersink.obj
 0001:0001a7a0       ?_GetBaseDispatchMap@CBrowserSink@@KGPBUAFX_DISPMAP@@XZ 0041b7a0 f   browsersink.obj
 0001:0001a7c0       ?GetDispatchMap@CBrowserSink@@MBEPBUAFX_DISPMAP@@XZ 0041b7c0 f   browsersink.obj
 0001:0001a7e0       ?StartAdviseSink@CBrowserSink@@QAEHXZ 0041b7e0 f   browsersink.obj
 0001:0001a820       ?StopAdviseSink@CBrowserSink@@QAEHXZ 0041b820 f   browsersink.obj
 0001:0001a870       ?BeforeNavigate2@CBrowserSink@@IAEXPAUIDispatch@@PAUtagVARIANT@@1111PAF@Z 0041b870 f   browsersink.obj
 0001:0001ac30       ?GetLength@CString@@QBEHXZ 0041bc30 f i browsersink.obj
 0001:0001ac50       ??0CCheckBoxEx@@QAE@PAVCOsysCheckBox@@@Z 0041bc50 f   checkboxex.obj
 0001:0001acd0       ??_ECCheckBoxEx@@UAEPAXI@Z 0041bcd0 f i checkboxex.obj
 0001:0001acd0       ??_GCCheckBoxEx@@UAEPAXI@Z 0041bcd0 f i checkboxex.obj
 0001:0001ad00       ??1CCheckBoxEx@@UAE@XZ     0041bd00 f   checkboxex.obj
 0001:0001ad90       ?_GetBaseMessageMap@CCheckBoxEx@@KGPBUAFX_MSGMAP@@XZ 0041bd90 f   checkboxex.obj
 0001:0001adb0       ?GetMessageMap@CCheckBoxEx@@MBEPBUAFX_MSGMAP@@XZ 0041bdb0 f   checkboxex.obj
 0001:0001add0       ?CtlColor@CCheckBoxEx@@IAEPAUHBRUSH__@@PAVCDC@@I@Z 0041bdd0 f   checkboxex.obj
 0001:0001aeb0       ?OnClicked@CCheckBoxEx@@IAEXXZ 0041beb0 f   checkboxex.obj
 0001:0001af30       ?OnChar@CCheckBoxEx@@IAEXIII@Z 0041bf30 f   checkboxex.obj
 0001:0001b1b0       ?OnSetFocus@CCheckBoxEx@@IAEXPAVCWnd@@@Z 0041c1b0 f   checkboxex.obj
 0001:0001b1e0       ?OnKeyDown@CCheckBoxEx@@IAEXIII@Z 0041c1e0 f   checkboxex.obj
 0001:0001b260       ?OnLButtonDown@CCheckBoxEx@@IAEXIVCPoint@@@Z 0041c260 f   checkboxex.obj
 0001:0001b2b0       ??_GCButton@@UAEPAXI@Z     0041c2b0 f i checkboxex.obj
 0001:0001b2b0       ??_ECButton@@UAEPAXI@Z     0041c2b0 f i checkboxex.obj
 0001:0001b2e0       ??0CComboEx@@QAE@PAVCOsysCombo@@@Z 0041c2e0 f   comboex.obj
 0001:0001b370       ??_ECComboEx@@UAEPAXI@Z    0041c370 f i comboex.obj
 0001:0001b370       ??_GCComboEx@@UAEPAXI@Z    0041c370 f i comboex.obj
 0001:0001b3a0       ??1CComboEx@@UAE@XZ        0041c3a0 f   comboex.obj
 0001:0001b430       ?_GetBaseMessageMap@CComboEx@@KGPBUAFX_MSGMAP@@XZ 0041c430 f   comboex.obj
 0001:0001b450       ?GetMessageMap@CComboEx@@MBEPBUAFX_MSGMAP@@XZ 0041c450 f   comboex.obj
 0001:0001b470       ?CtlColor@CComboEx@@IAEPAUHBRUSH__@@PAVCDC@@I@Z 0041c470 f   comboex.obj
 0001:0001b550       ?OnCtlColor@CComboEx@@IAEPAUHBRUSH__@@PAVCDC@@PAVCWnd@@I@Z 0041c550 f   comboex.obj
 0001:0001b630       ?OnSelchange@CComboEx@@IAEXXZ 0041c630 f   comboex.obj
 0001:0001b650       ?OnChar@CComboEx@@IAEXIII@Z 0041c650 f   comboex.obj
 0001:0001b910       ?OnSetFocus@CComboEx@@IAEXPAVCWnd@@@Z 0041c910 f   comboex.obj
 0001:0001b940       ?OnKeyDown@CComboEx@@IAEXIII@Z 0041c940 f   comboex.obj
 0001:0001ba10       ?OnLButtonDown@CComboEx@@IAEXIVCPoint@@@Z 0041ca10 f   comboex.obj
 0001:0001ba60       ?OnSelendok@CComboEx@@IAEXXZ 0041ca60 f   comboex.obj
 0001:0001bae0       ?OnDropdown@CComboEx@@IAEXXZ 0041cae0 f   comboex.obj
 0001:0001bb10       ?OnKillfocus@CComboEx@@IAEXXZ 0041cb10 f   comboex.obj
 0001:0001bb60       ??_GCComboBox@@UAEPAXI@Z   0041cb60 f i comboex.obj
 0001:0001bb60       ??_ECComboBox@@UAEPAXI@Z   0041cb60 f i comboex.obj
 0001:0001bb90       ??0CEditEx@@QAE@PAVCOsysEdit@@@Z 0041cb90 f   editex.obj
 0001:0001bc20       ??_ECEditEx@@UAEPAXI@Z     0041cc20 f i editex.obj
 0001:0001bc20       ??_GCEditEx@@UAEPAXI@Z     0041cc20 f i editex.obj
 0001:0001bc50       ??1CEditEx@@UAE@XZ         0041cc50 f   editex.obj
 0001:0001bcf0       ?_GetBaseMessageMap@CEditEx@@KGPBUAFX_MSGMAP@@XZ 0041ccf0 f   editex.obj
 0001:0001bd10       ?GetMessageMap@CEditEx@@MBEPBUAFX_MSGMAP@@XZ 0041cd10 f   editex.obj
 0001:0001bd30       ?OnChar@CEditEx@@IAEXIII@Z 0041cd30 f   editex.obj
 0001:0001c040       ?CtlColor@CEditEx@@IAEPAUHBRUSH__@@PAVCDC@@I@Z 0041d040 f   editex.obj
 0001:0001c120       ?OnKillfocus@CEditEx@@IAEXXZ 0041d120 f   editex.obj
 0001:0001c1a0       ?OnSetfocus@CEditEx@@IAEXXZ 0041d1a0 f   editex.obj
 0001:0001c210       ?OnKeyDown@CEditEx@@IAEXIII@Z 0041d210 f   editex.obj
 0001:0001c290       ?OnLButtonDown@CEditEx@@IAEXIVCPoint@@@Z 0041d290 f   editex.obj
 0001:0001c2e0       ??0CEditMultiEx@@QAE@PAVCOsysEditMulti@@@Z 0041d2e0 f   editmultiex.obj
 0001:0001c360       ??_ECEditMultiEx@@UAEPAXI@Z 0041d360 f i editmultiex.obj
 0001:0001c360       ??_GCEditMultiEx@@UAEPAXI@Z 0041d360 f i editmultiex.obj
 0001:0001c390       ??1CEditMultiEx@@UAE@XZ    0041d390 f   editmultiex.obj
 0001:0001c420       ?_GetBaseMessageMap@CEditMultiEx@@KGPBUAFX_MSGMAP@@XZ 0041d420 f   editmultiex.obj
 0001:0001c440       ?GetMessageMap@CEditMultiEx@@MBEPBUAFX_MSGMAP@@XZ 0041d440 f   editmultiex.obj
 0001:0001c460       ?CtlColor@CEditMultiEx@@IAEPAUHBRUSH__@@PAVCDC@@I@Z 0041d460 f   editmultiex.obj
 0001:0001c540       ?OnChar@CEditMultiEx@@IAEXIII@Z 0041d540 f   editmultiex.obj
 0001:0001c790       ?OnKillfocus@CEditMultiEx@@IAEXXZ 0041d790 f   editmultiex.obj
 0001:0001c7d0       ?OnSetFocus@CEditMultiEx@@IAEXPAVCWnd@@@Z 0041d7d0 f   editmultiex.obj
 0001:0001c800       ?OnKeyDown@CEditMultiEx@@IAEXIII@Z 0041d800 f   editmultiex.obj
 0001:0001c880       ?OnLButtonDown@CEditMultiEx@@IAEXIVCPoint@@@Z 0041d880 f   editmultiex.obj
 0001:0001c8d0       ?OnSetfocus@CEditMultiEx@@IAEXXZ 0041d8d0 f   editmultiex.obj
 0001:0001c8f0       ??0CGestMemoire@@QAE@XZ    0041d8f0 f   GestMemoire.obj
 0001:0001c960       ?FermeArchive@CInputOutputArchive@@UAEHXZ 0041d960 f i GestMemoire.obj
 0001:0001c980       ??_ECGestMemoire@@UAEPAXI@Z 0041d980 f i GestMemoire.obj
 0001:0001c980       ??_GCGestMemoire@@UAEPAXI@Z 0041d980 f i GestMemoire.obj
 0001:0001c9b0       ??1CGestMemoire@@UAE@XZ    0041d9b0 f   GestMemoire.obj
 0001:0001ca30       ?NoticeModMem@CGestMemoire@@UAEXHPAVCMemoireRecu@@H@Z 0041da30 f   GestMemoire.obj
 0001:0001ca70       ??0CGestOsys@@QAE@XZ       0041da70 f   GestOsys.obj
 0001:0001cb60       ??_GCGestOsys@@UAEPAXI@Z   0041db60 f i GestOsys.obj
 0001:0001cb60       ??_ECGestOsys@@UAEPAXI@Z   0041db60 f i GestOsys.obj
 0001:0001cb90       ??1CGestOsys@@UAE@XZ       0041db90 f   GestOsys.obj
 0001:0001cd00       ?ConnexionServeur@CGestOsys@@QAEHXZ 0041dd00 f   GestOsys.obj
 0001:0001cee0       ?Connexion@CGestOsys@@QAEXXZ 0041dee0 f   GestOsys.obj
 0001:0001d9d0       ?LitUtilisateur@CDconnexionServeur@@QAE?AVCString@@XZ 0041e9d0 f i GestOsys.obj
 0001:0001da10       ?LitMotPasse@CDconnexionServeur@@QAE?AVCString@@XZ 0041ea10 f i GestOsys.obj
 0001:0001da50       ??1CDconnexionServeur@@UAE@XZ 0041ea50 f i GestOsys.obj
 0001:0001db20       ?LitMessageErreur@CGestOsys@@QAE?AVCString@@H@Z 0041eb20 f   GestOsys.obj
 0001:0001df80       ?TraiteAction@CGestOsys@@QAEXAAVCInputArchive@@H@Z 0041ef80 f   GestOsys.obj
 0001:0001e470       ?OuvreFenetre@CGestOsys@@QAEHHPAVCWnd@@@Z 0041f470 f   GestOsys.obj
 0001:0001e6f0       ?ReConnectSrv@CGestOsys@@QAEHXZ 0041f6f0 f   GestOsys.obj
 0001:0001e820       ?ReAfficheFenIdent@CGestOsys@@QAEHXZ 0041f820 f   GestOsys.obj
 0001:0001e930       ?AfficheFenIdent@CGestOsys@@QAEHXZ 0041f930 f   GestOsys.obj
 0001:0001eb90       ?ReConnexion@CGestOsys@@QAEHPAUHWND__@@@Z 0041fb90 f   GestOsys.obj
 0001:0001f4d0       ?ReConnexionBis@CGestOsys@@QAEHXZ 004204d0 f   GestOsys.obj
 0001:0001fcc0       ??0CListActTf@@QAE@XZ      00420cc0 f   listacttf.obj
 0001:0001fcf0       ??_GCListActTf@@UAEPAXI@Z  00420cf0 f i listacttf.obj
 0001:0001fcf0       ??_ECListActTf@@UAEPAXI@Z  00420cf0 f i listacttf.obj
 0001:0001fd20       ??1CListActTf@@UAE@XZ      00420d20 f   listacttf.obj
 0001:0001fd90       ?SupprimeTout@CListActTf@@QAEXXZ 00420d90 f   listacttf.obj
 0001:0001fe20       ?AjouteModifie@CListActTf@@QAEHGPBD@Z 00420e20 f   listacttf.obj
 0001:0001ff00       ?AjouteModifie@CListActTf@@QAEHGVCString@@@Z 00420f00 f   listacttf.obj
 0001:0001fff0       ?RechercheAction@CListActTf@@QAEHGAAPAVCString@@@Z 00420ff0 f   listacttf.obj
 0001:00020040       ?LitPremier@CListActTf@@QAEHAAGAAVCString@@@Z 00421040 f   listacttf.obj
 0001:00020080       ?LitSuivant@CListActTf@@QAEHAAGAAVCString@@@Z 00421080 f   listacttf.obj
 0001:000200f0       ?LitArchive@CListActTf@@QAEXAAVCInputArchive@@@Z 004210f0 f   listacttf.obj
 0001:000202b0       ?EcritArchive@CListActTf@@QAEXAAVCOutputArchive@@@Z 004212b0 f   listacttf.obj
 0001:00020380       ?StringListeTouche@CListActTf@@QAE?AVCString@@XZ 00421380 f   listacttf.obj
 0001:00020510       ??0CListEx@@QAE@PAVCOsysListe@@@Z 00421510 f   listex.obj
 0001:000205a0       ??_GCListEx@@UAEPAXI@Z     004215a0 f i listex.obj
 0001:000205a0       ??_ECListEx@@UAEPAXI@Z     004215a0 f i listex.obj
 0001:000205d0       ??1CListEx@@UAE@XZ         004215d0 f   listex.obj
 0001:00020660       ?_GetBaseMessageMap@CListEx@@KGPBUAFX_MSGMAP@@XZ 00421660 f   listex.obj
 0001:00020680       ?GetMessageMap@CListEx@@MBEPBUAFX_MSGMAP@@XZ 00421680 f   listex.obj
 0001:000206a0       ?CtlColor@CListEx@@IAEPAUHBRUSH__@@PAVCDC@@I@Z 004216a0 f   listex.obj
 0001:00020780       ?OnSelchange@CListEx@@IAEXXZ 00421780 f   listex.obj
 0001:00020800       ?OnChar@CListEx@@IAEXIII@Z 00421800 f   listex.obj
 0001:00020ab0       ?OnSetFocus@CListEx@@IAEXPAVCWnd@@@Z 00421ab0 f   listex.obj
 0001:00020ae0       ?OnKeyDown@CListEx@@IAEXIII@Z 00421ae0 f   listex.obj
 0001:00020b80       ?OnLButtonDown@CListEx@@IAEXIVCPoint@@@Z 00421b80 f   listex.obj
 0001:00020bd0       ?DrawItem@CListEx@@MAEXPAUtagDRAWITEMSTRUCT@@@Z 00421bd0 f   listex.obj
 0001:00020bf0       ?OnSelcancel@CListEx@@IAEXXZ 00421bf0 f   listex.obj
 0001:00020c10       ?OnKillfocus@CListEx@@IAEXXZ 00421c10 f   listex.obj
 0001:00020c50       ?OnSetfocus@CListEx@@IAEXXZ 00421c50 f   listex.obj
 0001:00020c80       ??_9@$BMA@AE               00421c80 f i listex.obj
 0001:00020c90       ??_ECListBox@@UAEPAXI@Z    00421c90 f i listex.obj
 0001:00020c90       ??_GCListBox@@UAEPAXI@Z    00421c90 f i listex.obj
 0001:00020cc0       ??0CListFrame@@QAE@XZ      00421cc0 f   ListFrame.obj
 0001:00020d00       ??_GCListFrame@@UAEPAXI@Z  00421d00 f i ListFrame.obj
 0001:00020d00       ??_ECListFrame@@UAEPAXI@Z  00421d00 f i ListFrame.obj
 0001:00020d30       ??1CListFrame@@UAE@XZ      00421d30 f   ListFrame.obj
 0001:00020db0       ?AjouteFrame@CListFrame@@QAEXPAVCOsysFrame@@@Z 00421db0 f   ListFrame.obj
 0001:00020e40       ?SupprimeTout@CListFrame@@QAEXXZ 00421e40 f   ListFrame.obj
 0001:00020e90       ?SupprimeToutFrame@CListFrame@@QAEXXZ 00421e90 f   ListFrame.obj
 0001:00020f10       ?SupprimeFrame@CListFrame@@QAEHPAVCOsysFrame@@@Z 00421f10 f   ListFrame.obj
 0001:00020fb0       ?RechercheFrame@CListFrame@@QAEPAVCOsysFrame@@H@Z 00421fb0 f   ListFrame.obj
 0001:00021000       ?EnvoiFrameModifMem@CListFrame@@QAEXPAVCMemoireRecu@@@Z 00422000 f   ListFrame.obj
 0001:00021110       ?OuvreFenetreLpx@CListFrame@@QAEXHH@Z 00422110 f   ListFrame.obj
 0001:000211e0       ?FermeFenetreLpx@CListFrame@@QAEXH@Z 004221e0 f   ListFrame.obj
 0001:00021270       ?SupprimeLstFrame@CListFrame@@QAEXXZ 00422270 f   ListFrame.obj
 0001:000212c0       ?FermeFenetre@CListFrame@@AAEXPAVCOsysFrame@@@Z 004222c0 f   ListFrame.obj
 0001:000212f0       ?TestUneSeuleFenetre@CListFrame@@QAEHXZ 004222f0 f   ListFrame.obj
 0001:00021340       ??0CListIDObjet@@QAE@XZ    00422340 f   ListIDObjet.obj
 0001:00021370       ??_ECListIDObjet@@UAEPAXI@Z 00422370 f i ListIDObjet.obj
 0001:00021370       ??_GCListIDObjet@@UAEPAXI@Z 00422370 f i ListIDObjet.obj
 0001:000213a0       ??1CListIDObjet@@UAE@XZ    004223a0 f   ListIDObjet.obj
 0001:00021410       ?Ajoute@CListIDObjet@@QAEXHPAVCOsysObjet@@@Z 00422410 f   ListIDObjet.obj
 0001:000214b0       ?Ajoute@CListIDObjet@@QAEHPAVCOsysObjet@@@Z 004224b0 f   ListIDObjet.obj
 0001:000214e0       ?Supprime@CListIDObjet@@QAEXH@Z 004224e0 f   ListIDObjet.obj
 0001:00021530       ?RechercheIdObjet@CListIDObjet@@IAEPAU__POSITION@@H@Z 00422530 f   ListIDObjet.obj
 0001:00021570       ?Supprime@CListIDObjet@@QAEXPAVCOsysObjet@@@Z 00422570 f   ListIDObjet.obj
 0001:000215c0       ?RechercheIdObjet@CListIDObjet@@IAEPAU__POSITION@@PAVCOsysObjet@@@Z 004225c0 f   ListIDObjet.obj
 0001:00021600       ?SupprimeTout@CListIDObjet@@QAEXXZ 00422600 f   ListIDObjet.obj
 0001:00021650       ?Recherche@CListIDObjet@@QAEPAVCOsysObjet@@H@Z 00422650 f   ListIDObjet.obj
 0001:00021690       ?Recherche@CListIDObjet@@QAEHPAVCOsysObjet@@@Z 00422690 f   ListIDObjet.obj
 0001:000216d0       ?LitPremier@CListIDObjet@@QAEPAVCOsysObjet@@XZ 004226d0 f   ListIDObjet.obj
 0001:00021700       ?LitSuivant@CListIDObjet@@QAEPAVCOsysObjet@@XZ 00422700 f   ListIDObjet.obj
 0001:00021730       ??0CIdOsysObjet@@QAE@HPAVCOsysObjet@@@Z 00422730 f   ListIDObjet.obj
 0001:00021760       ??_GCIdOsysObjet@@UAEPAXI@Z 00422760 f i ListIDObjet.obj
 0001:00021760       ??_ECIdOsysObjet@@UAEPAXI@Z 00422760 f i ListIDObjet.obj
 0001:00021790       ??1CIdOsysObjet@@UAE@XZ    00422790 f   ListIDObjet.obj
 0001:000217b0       ??0CMemObj@@QAE@HHHH@Z     004227b0 f   ListMemObj.obj
 0001:000217f0       ??_GCMemObj@@UAEPAXI@Z     004227f0 f i ListMemObj.obj
 0001:000217f0       ??_ECMemObj@@UAEPAXI@Z     004227f0 f i ListMemObj.obj
 0001:00021820       ??1CMemObj@@UAE@XZ         00422820 f   ListMemObj.obj
 0001:00021840       ??0CListMemObj@@QAE@XZ     00422840 f   ListMemObj.obj
 0001:00021880       ??_ECListMemObj@@UAEPAXI@Z 00422880 f i ListMemObj.obj
 0001:00021880       ??_GCListMemObj@@UAEPAXI@Z 00422880 f i ListMemObj.obj
 0001:000218b0       ??1CListMemObj@@UAE@XZ     004228b0 f   ListMemObj.obj
 0001:00021930       ?AjouteMemObj@CListMemObj@@QAEXHHHH@Z 00422930 f   ListMemObj.obj
 0001:000219b0       ?SupprimeTout@CListMemObj@@QAEXXZ 004229b0 f   ListMemObj.obj
 0001:00021a20       ?SupprimeMemObj@CListMemObj@@QAEHHH@Z 00422a20 f   ListMemObj.obj
 0001:00021ab0       ?SupprimeAllMemFrame@CListMemObj@@QAEHHAAVCPtrList@@@Z 00422ab0 f   ListMemObj.obj
 0001:00021b40       ?RechercheMemObj@CListMemObj@@QAEHHHAAH0@Z 00422b40 f   ListMemObj.obj
 0001:00021bd0       ?RechercheMemObjPremier@CListMemObj@@QAEHHHHAAH0@Z 00422bd0 f   ListMemObj.obj
 0001:00021cb0       ?RechercheMemObjSuivant@CListMemObj@@QAEHHHHAAH0@Z 00422cb0 f   ListMemObj.obj
 0001:00021d90       ??0CListOsysObjet@@QAE@XZ  00422d90 f   listosysobjet.obj
 0001:00021dc0       ??_GCListOsysObjet@@UAEPAXI@Z 00422dc0 f i listosysobjet.obj
 0001:00021dc0       ??_ECListOsysObjet@@UAEPAXI@Z 00422dc0 f i listosysobjet.obj
 0001:00021df0       ??1CListOsysObjet@@UAE@XZ  00422df0 f   listosysobjet.obj
 0001:00021e60       ?AjouteObjet@CListOsysObjet@@QAEXPAVCOsysObjet@@@Z 00422e60 f   listosysobjet.obj
 0001:00021e80       ?AjouteObjetDebut@CListOsysObjet@@QAEXPAVCOsysObjet@@@Z 00422e80 f   listosysobjet.obj
 0001:00021ea0       ?SupprimeObjet@CListOsysObjet@@QAEHPAVCOsysObjet@@@Z 00422ea0 f   listosysobjet.obj
 0001:00021ee0       ?RechercheObjet@CListOsysObjet@@QAEPAU__POSITION@@PAVCOsysObjet@@@Z 00422ee0 f   listosysobjet.obj
 0001:00021f20       ?SupprimeTout@CListOsysObjet@@QAEXXZ 00422f20 f   listosysobjet.obj
 0001:00021f70       ?LitPremier@CListOsysObjet@@QAEPAVCOsysObjet@@XZ 00422f70 f   listosysobjet.obj
 0001:00021fa0       ?LitSuivant@CListOsysObjet@@QAEPAVCOsysObjet@@XZ 00422fa0 f   listosysobjet.obj
 0001:00021fd0       ?LitDernier@CListOsysObjet@@QAEPAVCOsysObjet@@XZ 00422fd0 f   listosysobjet.obj
 0001:00022000       ?LitPrecedent@CListOsysObjet@@QAEPAVCOsysObjet@@XZ 00423000 f   listosysobjet.obj
 0001:00022030       ?PositionObjetSuivant@CListOsysObjet@@QAEPAU__POSITION@@PAVCOsysObjet@@@Z 00423030 f   listosysobjet.obj
 0001:00022050       ?PositionObjetPrecedent@CListOsysObjet@@QAEPAU__POSITION@@PAVCOsysObjet@@@Z 00423050 f   listosysobjet.obj
 0001:00022070       ?AjouteObjetPositionApres@CListOsysObjet@@QAEPAU__POSITION@@PAVCOsysObjet@@PAU2@@Z 00423070 f   listosysobjet.obj
 0001:000220b0       ?AjouteObjetPositionAvant@CListOsysObjet@@QAEPAU__POSITION@@PAVCOsysObjet@@PAU2@@Z 004230b0 f   listosysobjet.obj
 0001:000220f0       ?LitObjetPosition@CListOsysObjet@@QAEPAVCOsysObjet@@PAU__POSITION@@@Z 004230f0 f   listosysobjet.obj
 0001:00022110       ?LitNbOsysObjet@CListOsysObjet@@QAEHXZ 00423110 f   listosysobjet.obj
 0001:00022130       ??0CListPropMem@@QAE@XZ    00423130 f   ListPropMem.obj
 0001:00022160       ??_GCListPropMem@@UAEPAXI@Z 00423160 f i ListPropMem.obj
 0001:00022160       ??_ECListPropMem@@UAEPAXI@Z 00423160 f i ListPropMem.obj
 0001:00022190       ??1CListPropMem@@UAE@XZ    00423190 f   ListPropMem.obj
 0001:00022200       ?AjouteModifie@CListPropMem@@QAEXPBDHH@Z 00423200 f   ListPropMem.obj
 0001:000222f0       ?SupprimeTout@CListPropMem@@QAEXXZ 004232f0 f   ListPropMem.obj
 0001:00022340       ?RecherchePropriete@CListPropMem@@QAEHHHHAAVCString@@@Z 00423340 f   ListPropMem.obj
 0001:00022410       ?RechercheProprieteSuivant@CListPropMem@@QAEHHHHAAVCString@@@Z 00423410 f   ListPropMem.obj
 0001:000224d0       ?RechercheId@CListPropMem@@QAEHPBDAAH1@Z 004234d0 f   ListPropMem.obj
 0001:00022550       ?Supprime@CListPropMem@@QAEXPBD@Z 00423550 f   ListPropMem.obj
 0001:000225d0       ?LitPremier@CListPropMem@@QAEHAAVCString@@AAH1@Z 004235d0 f   ListPropMem.obj
 0001:00022610       ?LitSuivant@CListPropMem@@QAEHAAVCString@@AAH1@Z 00423610 f   ListPropMem.obj
 0001:00022660       ?LitArchive@CListPropMem@@QAEXAAVCInputArchive@@@Z 00423660 f   ListPropMem.obj
 0001:00022820       ?EcritArchive@CListPropMem@@QAEXAAVCOutputArchive@@@Z 00423820 f   ListPropMem.obj
 0001:00022930       ??0CAssPropMem@@QAE@PBDHH@Z 00423930 f   ListPropMem.obj
 0001:000229c0       ??_GCAssPropMem@@UAEPAXI@Z 004239c0 f i ListPropMem.obj
 0001:000229c0       ??_ECAssPropMem@@UAEPAXI@Z 004239c0 f i ListPropMem.obj
 0001:000229f0       ??1CAssPropMem@@UAE@XZ     004239f0 f   ListPropMem.obj
 0001:00022a10       ??0COsys3DMeterCtrl@@QAE@PAVCOsysFrame@@PAVCOsysObjet@@H@Z 00423a10 f   Osys3DMeterCtrl.obj
 0001:00022c10       ?LitTypeObjet@COsys3DMeterCtrl@@UAEPBDXZ 00423c10 f i Osys3DMeterCtrl.obj
 0001:00022c30       ?LitNomDefaut@COsys3DMeterCtrl@@UAEPBDXZ 00423c30 f i Osys3DMeterCtrl.obj
 0001:00022c50       ??_GCOsys3DMeterCtrl@@UAEPAXI@Z 00423c50 f i Osys3DMeterCtrl.obj
 0001:00022c50       ??_ECOsys3DMeterCtrl@@UAEPAXI@Z 00423c50 f i Osys3DMeterCtrl.obj
 0001:00022c80       ??1COsys3DMeterCtrl@@UAE@XZ 00423c80 f   Osys3DMeterCtrl.obj
 0001:00022d10       ?LitArchiveEx@COsys3DMeterCtrl@@UAEXPBDAAVCInputArchive@@@Z 00423d10 f   Osys3DMeterCtrl.obj
 0001:00023080       ?EcritArchiveEx@COsys3DMeterCtrl@@UAEXAAVCOutputArchive@@@Z 00424080 f   Osys3DMeterCtrl.obj
 0001:000231c0       ?Draw@COsys3DMeterCtrl@@UAEXPAVCDC@@@Z 004241c0 f   Osys3DMeterCtrl.obj
 0001:000231e0       ?LitTailleDefaut@COsys3DMeterCtrl@@UAEXAAVCRect@@@Z 004241e0 f   Osys3DMeterCtrl.obj
 0001:00023220       ?OnChangePositionTaille@COsys3DMeterCtrl@@UAEXXZ 00424220 f   Osys3DMeterCtrl.obj
 0001:000232f0       ?OnChangeZoom@COsys3DMeterCtrl@@UAEXXZ 004242f0 f   Osys3DMeterCtrl.obj
 0001:000233d0       ?OnChangeUnite@COsys3DMeterCtrl@@UAEXXZ 004243d0 f   Osys3DMeterCtrl.obj
 0001:000234b0       ?InitMemoireValeurEx@COsys3DMeterCtrl@@UAEXPBD@Z 004244b0 f   Osys3DMeterCtrl.obj
 0001:00023bd0       ??0COsysBouton@@QAE@PAVCOsysFrame@@PAVCOsysObjet@@H@Z 00424bd0 f   OsysBouton.obj
 0001:00023d60       ?LitTypeObjet@COsysBouton@@UAEPBDXZ 00424d60 f i OsysBouton.obj
 0001:00023d80       ?LitNomDefaut@COsysBouton@@UAEPBDXZ 00424d80 f i OsysBouton.obj
 0001:00023da0       ??_ECOsysBouton@@UAEPAXI@Z 00424da0 f i OsysBouton.obj
 0001:00023da0       ??_GCOsysBouton@@UAEPAXI@Z 00424da0 f i OsysBouton.obj
 0001:00023dd0       ??1COsysBouton@@UAE@XZ     00424dd0 f   OsysBouton.obj
 0001:00023ea0       ?LitArchiveEx@COsysBouton@@UAEXPBDAAVCInputArchive@@@Z 00424ea0 f   OsysBouton.obj
 0001:00024390       ?EcritArchiveEx@COsysBouton@@UAEXAAVCOutputArchive@@@Z 00425390 f   OsysBouton.obj
 0001:000244f0       ?Draw@COsysBouton@@UAEXPAVCDC@@@Z 004254f0 f   OsysBouton.obj
 0001:00024580       ?LitTailleDefaut@COsysBouton@@UAEXAAVCRect@@@Z 00425580 f   OsysBouton.obj
 0001:000245c0       ?OnChangePositionTaille@COsysBouton@@UAEXXZ 004255c0 f   OsysBouton.obj
 0001:000246d0       ?OnChangeZoom@COsysBouton@@UAEXXZ 004256d0 f   OsysBouton.obj
 0001:00024810       ?OnChangeUnite@COsysBouton@@UAEXXZ 00425810 f   OsysBouton.obj
 0001:000248f0       ?RectangleCroise@COsysBouton@@QAEXPAVCDC@@AAVCRect@@@Z 004258f0 f   OsysBouton.obj
 0001:000249b0       ?InitMemoireValeurEx@COsysBouton@@UAEXPBD@Z 004259b0 f   OsysBouton.obj
 0001:00024d90       ??0COsysChaineMulti@@QAE@PAVCOsysFrame@@PAVCOsysObjet@@H@Z 00425d90 f   OsysChaineMulti.obj
 0001:00024e80       ?LitTypeObjet@COsysChaineMulti@@UAEPBDXZ 00425e80 f i OsysChaineMulti.obj
 0001:00024ea0       ?LitNomDefaut@COsysChaineMulti@@UAEPBDXZ 00425ea0 f i OsysChaineMulti.obj
 0001:00024ec0       ??_ECOsysChaineMulti@@UAEPAXI@Z 00425ec0 f i OsysChaineMulti.obj
 0001:00024ec0       ??_GCOsysChaineMulti@@UAEPAXI@Z 00425ec0 f i OsysChaineMulti.obj
 0001:00024ef0       ??1COsysChaineMulti@@UAE@XZ 00425ef0 f   OsysChaineMulti.obj
 0001:00024f80       ?LitArchiveEx@COsysChaineMulti@@UAEXPBDAAVCInputArchive@@@Z 00425f80 f   OsysChaineMulti.obj
 0001:000250c0       ?EcritArchiveEx@COsysChaineMulti@@UAEXAAVCOutputArchive@@@Z 004260c0 f   OsysChaineMulti.obj
 0001:000251a0       ?Draw@COsysChaineMulti@@UAEXPAVCDC@@@Z 004261a0 f   OsysChaineMulti.obj
 0001:00025530       ?LitTailleDefaut@COsysChaineMulti@@UAEXAAVCRect@@@Z 00426530 f   OsysChaineMulti.obj
 0001:00025570       ?OnModifMemoireEx@COsysChaineMulti@@UAEXPBDPAVCMemoireRecu@@@Z 00426570 f   OsysChaineMulti.obj
 0001:000257e0       ?LitValMemoire@COsysChaineMulti@@QAEHPAVCMemoireRecu@@AAVCString@@@Z 004267e0 f   OsysChaineMulti.obj
 0001:00025900       ?InitMemoireValeurEx@COsysChaineMulti@@UAEXPBD@Z 00426900 f   OsysChaineMulti.obj
 0001:00025e20       ??0COsysChaineSimple@@QAE@PAVCOsysFrame@@PAVCOsysObjet@@H@Z 00426e20 f   OsysChaineSimple.obj
 0001:00025f10       ?LitTypeObjet@COsysChaineSimple@@UAEPBDXZ 00426f10 f i OsysChaineSimple.obj
 0001:00025f30       ?LitNomDefaut@COsysChaineSimple@@UAEPBDXZ 00426f30 f i OsysChaineSimple.obj
 0001:00025f50       ??_ECOsysChaineSimple@@UAEPAXI@Z 00426f50 f i OsysChaineSimple.obj
 0001:00025f50       ??_GCOsysChaineSimple@@UAEPAXI@Z 00426f50 f i OsysChaineSimple.obj
 0001:00025f80       ??1COsysChaineSimple@@UAE@XZ 00426f80 f   OsysChaineSimple.obj
 0001:00026010       ?LitArchiveEx@COsysChaineSimple@@UAEXPBDAAVCInputArchive@@@Z 00427010 f   OsysChaineSimple.obj
 0001:00026180       ?EcritArchiveEx@COsysChaineSimple@@UAEXAAVCOutputArchive@@@Z 00427180 f   OsysChaineSimple.obj
 0001:00026270       ?Draw@COsysChaineSimple@@UAEXPAVCDC@@@Z 00427270 f   OsysChaineSimple.obj
 0001:000265e0       ?LitTailleDefaut@COsysChaineSimple@@UAEXAAVCRect@@@Z 004275e0 f   OsysChaineSimple.obj
 0001:00026620       ?InitMemoireValeurEx@COsysChaineSimple@@UAEXPBD@Z 00427620 f   OsysChaineSimple.obj
 0001:00026a10       ??0COsysCheckBox@@QAE@PAVCOsysFrame@@PAVCOsysObjet@@H@Z 00427a10 f   OsysCheckBox.obj
 0001:00026ba0       ?LitTypeObjet@COsysCheckBox@@UAEPBDXZ 00427ba0 f i OsysCheckBox.obj
 0001:00026bc0       ?LitNomDefaut@COsysCheckBox@@UAEPBDXZ 00427bc0 f i OsysCheckBox.obj
 0001:00026be0       ??_ECOsysCheckBox@@UAEPAXI@Z 00427be0 f i OsysCheckBox.obj
 0001:00026be0       ??_GCOsysCheckBox@@UAEPAXI@Z 00427be0 f i OsysCheckBox.obj
 0001:00026c10       ??1COsysCheckBox@@UAE@XZ   00427c10 f   OsysCheckBox.obj
 0001:00026ce0       ?LitArchiveEx@COsysCheckBox@@UAEXPBDAAVCInputArchive@@@Z 00427ce0 f   OsysCheckBox.obj
 0001:000271b0       ?EcritArchiveEx@COsysCheckBox@@UAEXAAVCOutputArchive@@@Z 004281b0 f   OsysCheckBox.obj
 0001:00027310       ?Draw@COsysCheckBox@@UAEXPAVCDC@@@Z 00428310 f   OsysCheckBox.obj
 0001:000273a0       ?LitTailleDefaut@COsysCheckBox@@UAEXAAVCRect@@@Z 004283a0 f   OsysCheckBox.obj
 0001:000273e0       ?OnChangePositionTaille@COsysCheckBox@@UAEXXZ 004283e0 f   OsysCheckBox.obj
 0001:000274f0       ?OnChangeZoom@COsysCheckBox@@UAEXXZ 004284f0 f   OsysCheckBox.obj
 0001:00027630       ?OnChangeUnite@COsysCheckBox@@UAEXXZ 00428630 f   OsysCheckBox.obj
 0001:00027710       ?RectangleCroise@COsysCheckBox@@QAEXPAVCDC@@AAVCRect@@@Z 00428710 f   OsysCheckBox.obj
 0001:000277d0       ?OnModify@COsysCheckBox@@QAEXXZ 004287d0 f   OsysCheckBox.obj
 0001:00027900       ?InitMemoireValeurEx@COsysCheckBox@@UAEXPBD@Z 00428900 f   OsysCheckBox.obj
 0001:00027da0       ??0COsysCirc@@QAE@PAVCOsysFrame@@PAVCOsysObjet@@H@Z 00428da0 f   OsysCirc.obj
 0001:00027df0       ?LitTypeObjet@COsysCirc@@UAEPBDXZ 00428df0 f i OsysCirc.obj
 0001:00027e10       ?LitNomDefaut@COsysCirc@@UAEPBDXZ 00428e10 f i OsysCirc.obj
 0001:00027e30       ??_ECOsysCirc@@UAEPAXI@Z   00428e30 f i OsysCirc.obj
 0001:00027e30       ??_GCOsysCirc@@UAEPAXI@Z   00428e30 f i OsysCirc.obj
 0001:00027e60       ??1COsysCirc@@UAE@XZ       00428e60 f   OsysCirc.obj
 0001:00027e80       ?LitArchiveEx@COsysCirc@@UAEXPBDAAVCInputArchive@@@Z 00428e80 f   OsysCirc.obj
 0001:00027f70       ?EcritArchiveEx@COsysCirc@@UAEXAAVCOutputArchive@@@Z 00428f70 f   OsysCirc.obj
 0001:00027ff0       ?Draw@COsysCirc@@UAEXPAVCDC@@@Z 00428ff0 f   OsysCirc.obj
 0001:00028250       ?LitTailleDefaut@COsysCirc@@UAEXAAVCRect@@@Z 00429250 f   OsysCirc.obj
 0001:00028290       ?DessineEllipse@COsysCirc@@QAEXPAVCDC@@VCPoint@@1@Z 00429290 f   OsysCirc.obj
 0001:00028310       ?InitMemoireValeurEx@COsysCirc@@UAEXPBD@Z 00429310 f   OsysCirc.obj
 0001:000285c0       ??0COsysCircPlein@@QAE@PAVCOsysFrame@@PAVCOsysObjet@@H@Z 004295c0 f   OsysCircPlein.obj
 0001:00028630       ?LitTypeObjet@COsysCircPlein@@UAEPBDXZ 00429630 f i OsysCircPlein.obj
 0001:00028650       ?LitNomDefaut@COsysCircPlein@@UAEPBDXZ 00429650 f i OsysCircPlein.obj
 0001:00028670       ??_ECOsysCircPlein@@UAEPAXI@Z 00429670 f i OsysCircPlein.obj
 0001:00028670       ??_GCOsysCircPlein@@UAEPAXI@Z 00429670 f i OsysCircPlein.obj
 0001:000286a0       ??1COsysCircPlein@@UAE@XZ  004296a0 f   OsysCircPlein.obj
 0001:000286c0       ?LitArchiveEx@COsysCircPlein@@UAEXPBDAAVCInputArchive@@@Z 004296c0 f   OsysCircPlein.obj
 0001:000287e0       ?EcritArchiveEx@COsysCircPlein@@UAEXAAVCOutputArchive@@@Z 004297e0 f   OsysCircPlein.obj
 0001:00028870       ?Draw@COsysCircPlein@@UAEXPAVCDC@@@Z 00429870 f   OsysCircPlein.obj
 0001:000288e0       ?LitTailleDefaut@COsysCircPlein@@UAEXAAVCRect@@@Z 004298e0 f   OsysCircPlein.obj
 0001:00028920       ?DessineEllipsePlein@COsysCircPlein@@QAEXPAVCDC@@VCPoint@@1@Z 00429920 f   OsysCircPlein.obj
 0001:00028be0       ?InitMemoireValeurEx@COsysCircPlein@@UAEXPBD@Z 00429be0 f   OsysCircPlein.obj
 0001:00028f30       ??0COsysCombo@@QAE@PAVCOsysFrame@@PAVCOsysObjet@@H@Z 00429f30 f   OsysCombo.obj
 0001:000290b0       ?LitTypeObjet@COsysCombo@@UAEPBDXZ 0042a0b0 f i OsysCombo.obj
 0001:000290d0       ?LitNomDefaut@COsysCombo@@UAEPBDXZ 0042a0d0 f i OsysCombo.obj
 0001:000290f0       ??_ECOsysCombo@@UAEPAXI@Z  0042a0f0 f i OsysCombo.obj
 0001:000290f0       ??_GCOsysCombo@@UAEPAXI@Z  0042a0f0 f i OsysCombo.obj
 0001:00029120       ??1COsysCombo@@UAE@XZ      0042a120 f   OsysCombo.obj
 0001:00029200       ?LitArchiveEx@COsysCombo@@UAEXPBDAAVCInputArchive@@@Z 0042a200 f   OsysCombo.obj
 0001:000298d0       ?EcritArchiveEx@COsysCombo@@UAEXAAVCOutputArchive@@@Z 0042a8d0 f   OsysCombo.obj
 0001:00029a50       ?Draw@COsysCombo@@UAEXPAVCDC@@@Z 0042aa50 f   OsysCombo.obj
 0001:00029ae0       ?LitTailleDefaut@COsysCombo@@UAEXAAVCRect@@@Z 0042aae0 f   OsysCombo.obj
 0001:00029b20       ?OnChangePositionTaille@COsysCombo@@UAEXXZ 0042ab20 f   OsysCombo.obj
 0001:00029c30       ?OnChangeZoom@COsysCombo@@UAEXXZ 0042ac30 f   OsysCombo.obj
 0001:00029d70       ?OnChangeUnite@COsysCombo@@UAEXXZ 0042ad70 f   OsysCombo.obj
 0001:00029e50       ?RectangleCroise@COsysCombo@@QAEXPAVCDC@@AAVCRect@@@Z 0042ae50 f   OsysCombo.obj
 0001:00029f10       ?InitListeValeur@COsysCombo@@QAEXXZ 0042af10 f   OsysCombo.obj
 0001:0002a160       ?SelectElement@COsysCombo@@QAEHPBDAAH@Z 0042b160 f   OsysCombo.obj
 0001:0002a1b0       ?SelectNumElement@COsysCombo@@QAEHHAAVCString@@@Z 0042b1b0 f   OsysCombo.obj
 0001:0002a250       ?OnModify@COsysCombo@@QAEXXZ 0042b250 f   OsysCombo.obj
 0001:0002a470       ?InitMemoireValeurEx@COsysCombo@@UAEXPBD@Z 0042b470 f   OsysCombo.obj
 0001:0002aae0       ?OnModifMemoireEx@COsysCombo@@UAEXPBDPAVCMemoireRecu@@@Z 0042bae0 f   OsysCombo.obj
 0001:0002ae50       ?LitValMemoire@COsysCombo@@QAEHPAVCMemoireRecu@@AAVCString@@@Z 0042be50 f   OsysCombo.obj
 0001:0002af70       ??0COsysEdit@@QAE@PAVCOsysFrame@@PAVCOsysObjet@@H@Z 0042bf70 f   OsysEdit.obj
 0001:0002b0e0       ?LitTypeObjet@COsysEdit@@UAEPBDXZ 0042c0e0 f i OsysEdit.obj
 0001:0002b100       ?LitNomDefaut@COsysEdit@@UAEPBDXZ 0042c100 f i OsysEdit.obj
 0001:0002b120       ??_ECOsysEdit@@UAEPAXI@Z   0042c120 f i OsysEdit.obj
 0001:0002b120       ??_GCOsysEdit@@UAEPAXI@Z   0042c120 f i OsysEdit.obj
 0001:0002b150       ??1COsysEdit@@UAE@XZ       0042c150 f   OsysEdit.obj
 0001:0002b220       ?LitArchiveEx@COsysEdit@@UAEXPBDAAVCInputArchive@@@Z 0042c220 f   OsysEdit.obj
 0001:0002b710       ?EcritArchiveEx@COsysEdit@@UAEXAAVCOutputArchive@@@Z 0042c710 f   OsysEdit.obj
 0001:0002b890       ?Draw@COsysEdit@@UAEXPAVCDC@@@Z 0042c890 f   OsysEdit.obj
 0001:0002b920       ?LitTailleDefaut@COsysEdit@@UAEXAAVCRect@@@Z 0042c920 f   OsysEdit.obj
 0001:0002b960       ?OnChangePositionTaille@COsysEdit@@UAEXXZ 0042c960 f   OsysEdit.obj
 0001:0002ba70       ?OnChangeZoom@COsysEdit@@UAEXXZ 0042ca70 f   OsysEdit.obj
 0001:0002bbb0       ?OnChangeUnite@COsysEdit@@UAEXXZ 0042cbb0 f   OsysEdit.obj
 0001:0002bc90       ?RectangleCroise@COsysEdit@@QAEXPAVCDC@@AAVCRect@@@Z 0042cc90 f   OsysEdit.obj
 0001:0002bd50       ?OnModify@COsysEdit@@QAEXXZ 0042cd50 f   OsysEdit.obj
 0001:0002be40       ?InitMemoireValeurEx@COsysEdit@@UAEXPBD@Z 0042ce40 f   OsysEdit.obj
 0001:0002c370       ??0COsysEditMulti@@QAE@PAVCOsysFrame@@PAVCOsysObjet@@H@Z 0042d370 f   OsysEditMulti.obj
 0001:0002c4e0       ?LitTypeObjet@COsysEditMulti@@UAEPBDXZ 0042d4e0 f i OsysEditMulti.obj
 0001:0002c500       ?LitNomDefaut@COsysEditMulti@@UAEPBDXZ 0042d500 f i OsysEditMulti.obj
 0001:0002c520       ??_GCOsysEditMulti@@UAEPAXI@Z 0042d520 f i OsysEditMulti.obj
 0001:0002c520       ??_ECOsysEditMulti@@UAEPAXI@Z 0042d520 f i OsysEditMulti.obj
 0001:0002c550       ??1COsysEditMulti@@UAE@XZ  0042d550 f   OsysEditMulti.obj
 0001:0002c610       ?LitArchiveEx@COsysEditMulti@@UAEXPBDAAVCInputArchive@@@Z 0042d610 f   OsysEditMulti.obj
 0001:0002cb90       ?EcritArchiveEx@COsysEditMulti@@UAEXAAVCOutputArchive@@@Z 0042db90 f   OsysEditMulti.obj
 0001:0002ccd0       ?Draw@COsysEditMulti@@UAEXPAVCDC@@@Z 0042dcd0 f   OsysEditMulti.obj
 0001:0002cd60       ?LitTailleDefaut@COsysEditMulti@@UAEXAAVCRect@@@Z 0042dd60 f   OsysEditMulti.obj
 0001:0002cda0       ?OnChangePositionTaille@COsysEditMulti@@UAEXXZ 0042dda0 f   OsysEditMulti.obj
 0001:0002ceb0       ?OnChangeZoom@COsysEditMulti@@UAEXXZ 0042deb0 f   OsysEditMulti.obj
 0001:0002cff0       ?OnChangeUnite@COsysEditMulti@@UAEXXZ 0042dff0 f   OsysEditMulti.obj
 0001:0002d0d0       ?RectangleCroise@COsysEditMulti@@QAEXPAVCDC@@AAVCRect@@@Z 0042e0d0 f   OsysEditMulti.obj
 0001:0002d190       ?InitMemoireValeurEx@COsysEditMulti@@UAEXPBD@Z 0042e190 f   OsysEditMulti.obj
 0001:0002d810       ?OnModify@COsysEditMulti@@QAEXXZ 0042e810 f   OsysEditMulti.obj
 0001:0002dab0       ?OnModifMemoireEx@COsysEditMulti@@UAEXPBDPAVCMemoireRecu@@@Z 0042eab0 f   OsysEditMulti.obj
 0001:0002dd20       ?LitValMemoire@COsysEditMulti@@QAEHPAVCMemoireRecu@@AAVCString@@@Z 0042ed20 f   OsysEditMulti.obj
 0001:0002de40       ??0COsysLine@@QAE@PAVCOsysFrame@@PAVCOsysObjet@@H@Z 0042ee40 f   OsysLine.obj
 0001:0002de90       ?LitTypeObjet@COsysLine@@UAEPBDXZ 0042ee90 f i OsysLine.obj
 0001:0002deb0       ?LitNomDefaut@COsysLine@@UAEPBDXZ 0042eeb0 f i OsysLine.obj
 0001:0002ded0       ??_GCOsysLine@@UAEPAXI@Z   0042eed0 f i OsysLine.obj
 0001:0002ded0       ??_ECOsysLine@@UAEPAXI@Z   0042eed0 f i OsysLine.obj
 0001:0002df00       ??1COsysLine@@UAE@XZ       0042ef00 f   OsysLine.obj
 0001:0002df20       ?LitArchiveEx@COsysLine@@UAEXPBDAAVCInputArchive@@@Z 0042ef20 f   OsysLine.obj
 0001:0002e010       ?EcritArchiveEx@COsysLine@@UAEXAAVCOutputArchive@@@Z 0042f010 f   OsysLine.obj
 0001:0002e090       ?Draw@COsysLine@@UAEXPAVCDC@@@Z 0042f090 f   OsysLine.obj
 0001:0002e2e0       ?LitTailleDefaut@COsysLine@@UAEXAAVCRect@@@Z 0042f2e0 f   OsysLine.obj
 0001:0002e320       ?InitMemoireValeurEx@COsysLine@@UAEXPBD@Z 0042f320 f   OsysLine.obj
 0001:0002e5d0       ??0COsysListe@@QAE@PAVCOsysFrame@@PAVCOsysObjet@@H@Z 0042f5d0 f   OsysListe.obj
 0001:0002e750       ?LitTypeObjet@COsysListe@@UAEPBDXZ 0042f750 f i OsysListe.obj
 0001:0002e770       ?LitNomDefaut@COsysListe@@UAEPBDXZ 0042f770 f i OsysListe.obj
 0001:0002e790       ??_GCOsysListe@@UAEPAXI@Z  0042f790 f i OsysListe.obj
 0001:0002e790       ??_ECOsysListe@@UAEPAXI@Z  0042f790 f i OsysListe.obj
 0001:0002e7c0       ??1COsysListe@@UAE@XZ      0042f7c0 f   OsysListe.obj
 0001:0002e8a0       ?LitArchiveEx@COsysListe@@UAEXPBDAAVCInputArchive@@@Z 0042f8a0 f   OsysListe.obj
 0001:0002ef70       ?EcritArchiveEx@COsysListe@@UAEXAAVCOutputArchive@@@Z 0042ff70 f   OsysListe.obj
 0001:0002f0f0       ?Draw@COsysListe@@UAEXPAVCDC@@@Z 004300f0 f   OsysListe.obj
 0001:0002f180       ?LitTailleDefaut@COsysListe@@UAEXAAVCRect@@@Z 00430180 f   OsysListe.obj
 0001:0002f1c0       ?OnChangePositionTaille@COsysListe@@UAEXXZ 004301c0 f   OsysListe.obj
 0001:0002f2d0       ?OnChangeZoom@COsysListe@@UAEXXZ 004302d0 f   OsysListe.obj
 0001:0002f410       ?OnChangeUnite@COsysListe@@UAEXXZ 00430410 f   OsysListe.obj
 0001:0002f4f0       ?RectangleCroise@COsysListe@@QAEXPAVCDC@@AAVCRect@@@Z 004304f0 f   OsysListe.obj
 0001:0002f5b0       ?InitListeValeur@COsysListe@@QAEXXZ 004305b0 f   OsysListe.obj
 0001:0002f800       ?SelectElement@COsysListe@@QAEHPBDAAH@Z 00430800 f   OsysListe.obj
 0001:0002f850       ?SelectNumElement@COsysListe@@QAEHHAAVCString@@@Z 00430850 f   OsysListe.obj
 0001:0002f8f0       ?OnModify@COsysListe@@QAEXXZ 004308f0 f   OsysListe.obj
 0001:0002fb10       ?InitMemoireValeurEx@COsysListe@@UAEXPBD@Z 00430b10 f   OsysListe.obj
 0001:000301a0       ?OnModifMemoireEx@COsysListe@@UAEXPBDPAVCMemoireRecu@@@Z 004311a0 f   OsysListe.obj
 0001:00030510       ?LitValMemoire@COsysListe@@QAEHPAVCMemoireRecu@@AAVCString@@@Z 00431510 f   OsysListe.obj
 0001:00030630       ??0COsysObjet@@QAE@PAVCOsysFrame@@PAV0@H@Z 00431630 f   OsysObjet.obj
 0001:00030750       ??_ECOsysObjet@@UAEPAXI@Z  00431750 f i OsysObjet.obj
 0001:00030750       ??_GCOsysObjet@@UAEPAXI@Z  00431750 f i OsysObjet.obj
 0001:00030780       ??1COsysObjet@@UAE@XZ      00431780 f   OsysObjet.obj
 0001:00030820       ?LitTypeObjet@COsysObjet@@UAEPBDXZ 00431820 f   OsysObjet.obj
 0001:00030840       ?LitNomDefaut@COsysObjet@@UAEPBDXZ 00431840 f   OsysObjet.obj
 0001:00030860       ?Draw@COsysObjet@@UAEXPAVCDC@@@Z 00431860 f   OsysObjet.obj
 0001:000308b0       ?LitArchive@COsysObjet@@QAEXAAVCInputArchive@@@Z 004318b0 f   OsysObjet.obj
 0001:00030c40       ?EcritArchive@COsysObjet@@QAEXAAVCOutputArchive@@@Z 00431c40 f   OsysObjet.obj
 0001:00030d80       ?LitArchiveEx@COsysObjet@@UAEXPBDAAVCInputArchive@@@Z 00431d80 f   OsysObjet.obj
 0001:00030da0       ?EcritArchiveEx@COsysObjet@@UAEXAAVCOutputArchive@@@Z 00431da0 f   OsysObjet.obj
 0001:00030dc0       ?AjouteObjetFils@COsysObjet@@QAEXPAV1@@Z 00431dc0 f   OsysObjet.obj
 0001:00030e50       ?SupprimeObjetFils@COsysObjet@@QAEXPAV1@@Z 00431e50 f   OsysObjet.obj
 0001:00030e80       ?LitTailleDefaut@COsysObjet@@UAEXAAVCRect@@@Z 00431e80 f   OsysObjet.obj
 0001:00030ea0       ?EcritTaillePosition@COsysObjet@@QAEXPBUtagRECT@@@Z 00431ea0 f   OsysObjet.obj
 0001:00030f60       ?OnChangePositionTaille@COsysObjet@@UAEXXZ 00431f60 f   OsysObjet.obj
 0001:00030ff0       ?OnChangeParentPositionTaille@COsysObjet@@UAEXAAVCRect@@0@Z 00431ff0 f   OsysObjet.obj
 0001:00031120       ?AjusteCoordonneesFrame@COsysObjet@@QAE?AVCRect@@PBUtagRECT@@@Z 00432120 f   OsysObjet.obj
 0001:000311f0       ?OnChangeZoom@COsysObjet@@UAEXXZ 004321f0 f   OsysObjet.obj
 0001:00031230       ?OnChangeUnite@COsysObjet@@UAEXXZ 00432230 f   OsysObjet.obj
 0001:00031270       ?InitDemandeContenuMemoire@COsysObjet@@QAEXXZ 00432270 f   OsysObjet.obj
 0001:00031450       ?SupprimeDemandeContenuMemoire@COsysObjet@@QAEXXZ 00432450 f   OsysObjet.obj
 0001:000315b0       ?OnModifMemoire@COsysObjet@@UAEXPBDPAVCMemoireRecu@@@Z 004325b0 f   OsysObjet.obj
 0001:00031940       ?OnModifMemoireEx@COsysObjet@@UAEXPBDPAVCMemoireRecu@@@Z 00432940 f   OsysObjet.obj
 0001:00031b20       ?InitMemoireValeur@COsysObjet@@QAEXPBD@Z 00432b20 f   OsysObjet.obj
 0001:00031de0       ?InitMemoireValeurEx@COsysObjet@@UAEXPBD@Z 00432de0 f   OsysObjet.obj
 0001:00031e00       ??0COsysRadioGroup@@QAE@PAVCOsysFrame@@PAVCOsysObjet@@H@Z 00432e00 f   OsysRadioGroup.obj
 0001:00031fc0       ?LitTypeObjet@COsysRadioGroup@@UAEPBDXZ 00432fc0 f i OsysRadioGroup.obj
 0001:00031fe0       ?LitNomDefaut@COsysRadioGroup@@UAEPBDXZ 00432fe0 f i OsysRadioGroup.obj
 0001:00032000       ??_GCOsysRadioGroup@@UAEPAXI@Z 00433000 f i OsysRadioGroup.obj
 0001:00032000       ??_ECOsysRadioGroup@@UAEPAXI@Z 00433000 f i OsysRadioGroup.obj
 0001:00032030       ??1COsysRadioGroup@@UAE@XZ 00433030 f   OsysRadioGroup.obj
 0001:00032140       ?LitArchiveEx@COsysRadioGroup@@UAEXPBDAAVCInputArchive@@@Z 00433140 f   OsysRadioGroup.obj
 0001:000327d0       ?EcritArchiveEx@COsysRadioGroup@@UAEXAAVCOutputArchive@@@Z 004337d0 f   OsysRadioGroup.obj
 0001:000329b0       ?Draw@COsysRadioGroup@@UAEXPAVCDC@@@Z 004339b0 f   OsysRadioGroup.obj
 0001:00032a40       ?LitTailleDefaut@COsysRadioGroup@@UAEXAAVCRect@@@Z 00433a40 f   OsysRadioGroup.obj
 0001:00032a80       ?OnChangePositionTaille@COsysRadioGroup@@UAEXXZ 00433a80 f   OsysRadioGroup.obj
 0001:00032b70       ?OnChangeZoom@COsysRadioGroup@@UAEXXZ 00433b70 f   OsysRadioGroup.obj
 0001:00032cb0       ?OnChangeUnite@COsysRadioGroup@@UAEXXZ 00433cb0 f   OsysRadioGroup.obj
 0001:00032ce0       ?RectangleCroise@COsysRadioGroup@@QAEXPAVCDC@@AAVCRect@@@Z 00433ce0 f   OsysRadioGroup.obj
 0001:00032da0       ?InitListe@COsysRadioGroup@@QAEXXZ 00433da0 f   OsysRadioGroup.obj
 0001:00032f30       ?RazListe@COsysRadioGroup@@QAEXXZ 00433f30 f   OsysRadioGroup.obj
 0001:00032f80       ?AjoutListe@COsysRadioGroup@@QAEXPAVCRadioEx@@@Z 00433f80 f   OsysRadioGroup.obj
 0001:00032fa0       ?InitTexteRadio@COsysRadioGroup@@QAEXXZ 00433fa0 f   OsysRadioGroup.obj
 0001:00033200       ?AligneRadio@COsysRadioGroup@@QAEXXZ 00434200 f   OsysRadioGroup.obj
 0001:000334a0       ?SelectRadio@COsysRadioGroup@@QAEXXZ 004344a0 f   OsysRadioGroup.obj
 0001:00033540       ?LitRadioSelect@COsysRadioGroup@@QAEHAAVCString@@@Z 00434540 f   OsysRadioGroup.obj
 0001:000335c0       ?OnModify@COsysRadioGroup@@QAEXXZ 004345c0 f   OsysRadioGroup.obj
 0001:000337c0       ?InitMemoireValeurEx@COsysRadioGroup@@UAEXPBD@Z 004347c0 f   OsysRadioGroup.obj
 0001:00033fd0       ?IndexValeurRadio@COsysRadioGroup@@QAEHPBD@Z 00434fd0 f   OsysRadioGroup.obj
 0001:000340b0       ?OnModifMemoireEx@COsysRadioGroup@@UAEXPBDPAVCMemoireRecu@@@Z 004350b0 f   OsysRadioGroup.obj
 0001:00034320       ?LitValMemoire@COsysRadioGroup@@QAEHPAVCMemoireRecu@@AAVCString@@@Z 00435320 f   OsysRadioGroup.obj
 0001:00034440       ?FocusRadio@COsysRadioGroup@@QAEXXZ 00435440 f   OsysRadioGroup.obj
 0001:00034480       ??0COsysRect@@QAE@PAVCOsysFrame@@PAVCOsysObjet@@H@Z 00435480 f   OsysRect.obj
 0001:000344d0       ?LitTypeObjet@COsysRect@@UAEPBDXZ 004354d0 f i OsysRect.obj
 0001:000344f0       ?LitNomDefaut@COsysRect@@UAEPBDXZ 004354f0 f i OsysRect.obj
 0001:00034510       ??_ECOsysRect@@UAEPAXI@Z   00435510 f i OsysRect.obj
 0001:00034510       ??_GCOsysRect@@UAEPAXI@Z   00435510 f i OsysRect.obj
 0001:00034540       ??1COsysRect@@UAE@XZ       00435540 f   OsysRect.obj
 0001:00034560       ?LitArchiveEx@COsysRect@@UAEXPBDAAVCInputArchive@@@Z 00435560 f   OsysRect.obj
 0001:00034650       ?EcritArchiveEx@COsysRect@@UAEXAAVCOutputArchive@@@Z 00435650 f   OsysRect.obj
 0001:000346d0       ?Draw@COsysRect@@UAEXPAVCDC@@@Z 004356d0 f   OsysRect.obj
 0001:00034930       ?LitTailleDefaut@COsysRect@@UAEXAAVCRect@@@Z 00435930 f   OsysRect.obj
 0001:00034970       ?DessineRectangle@COsysRect@@QAEXPAVCDC@@VCPoint@@1@Z 00435970 f   OsysRect.obj
 0001:00034a90       ?InitMemoireValeurEx@COsysRect@@UAEXPBD@Z 00435a90 f   OsysRect.obj
 0001:00034d40       ??0COsysRectPlein@@QAE@PAVCOsysFrame@@PAVCOsysObjet@@H@Z 00435d40 f   OsysRectPlein.obj
 0001:00034d90       ?LitTypeObjet@COsysRectPlein@@UAEPBDXZ 00435d90 f i OsysRectPlein.obj
 0001:00034db0       ?LitNomDefaut@COsysRectPlein@@UAEPBDXZ 00435db0 f i OsysRectPlein.obj
 0001:00034dd0       ??_ECOsysRectPlein@@UAEPAXI@Z 00435dd0 f i OsysRectPlein.obj
 0001:00034dd0       ??_GCOsysRectPlein@@UAEPAXI@Z 00435dd0 f i OsysRectPlein.obj
 0001:00034e00       ??1COsysRectPlein@@UAE@XZ  00435e00 f   OsysRectPlein.obj
 0001:00034e20       ?LitArchiveEx@COsysRectPlein@@UAEXPBDAAVCInputArchive@@@Z 00435e20 f   OsysRectPlein.obj
 0001:00034f40       ?EcritArchiveEx@COsysRectPlein@@UAEXAAVCOutputArchive@@@Z 00435f40 f   OsysRectPlein.obj
 0001:00034fd0       ?Draw@COsysRectPlein@@UAEXPAVCDC@@@Z 00435fd0 f   OsysRectPlein.obj
 0001:00035040       ?LitTailleDefaut@COsysRectPlein@@UAEXAAVCRect@@@Z 00436040 f   OsysRectPlein.obj
 0001:00035080       ?DessineRectanglePlein@COsysRectPlein@@QAEXPAVCDC@@VCPoint@@1@Z 00436080 f   OsysRectPlein.obj
 0001:000353f0       ?InitMemoireValeurEx@COsysRectPlein@@UAEXPBD@Z 004363f0 f   OsysRectPlein.obj
 0001:00035740       ??0COsysTableau@@QAE@PAVCOsysFrame@@PAVCOsysObjet@@H@Z 00436740 f   OsysTableau.obj
 0001:00035a80       ?LitTypeObjet@COsysTableau@@UAEPBDXZ 00436a80 f i OsysTableau.obj
 0001:00035aa0       ?LitNomDefaut@COsysTableau@@UAEPBDXZ 00436aa0 f i OsysTableau.obj
 0001:00035ac0       ??_GCOsysTableau@@UAEPAXI@Z 00436ac0 f i OsysTableau.obj
 0001:00035ac0       ??_ECOsysTableau@@UAEPAXI@Z 00436ac0 f i OsysTableau.obj
 0001:00035af0       ??1COsysTableau@@UAE@XZ    00436af0 f   OsysTableau.obj
 0001:00035c00       ?LitArchiveEx@COsysTableau@@UAEXPBDAAVCInputArchive@@@Z 00436c00 f   OsysTableau.obj
 0001:00036220       ?EcritArchiveEx@COsysTableau@@UAEXAAVCOutputArchive@@@Z 00437220 f   OsysTableau.obj
 0001:00036520       ?Draw@COsysTableau@@UAEXPAVCDC@@@Z 00437520 f   OsysTableau.obj
 0001:000365b0       ?LitTailleDefaut@COsysTableau@@UAEXAAVCRect@@@Z 004375b0 f   OsysTableau.obj
 0001:000365f0       ?OnChangePositionTaille@COsysTableau@@UAEXXZ 004375f0 f   OsysTableau.obj
 0001:00036700       ?OnChangeZoom@COsysTableau@@UAEXXZ 00437700 f   OsysTableau.obj
 0001:00036840       ?OnChangeUnite@COsysTableau@@UAEXXZ 00437840 f   OsysTableau.obj
 0001:00036920       ?RectangleCroise@COsysTableau@@QAEXPAVCDC@@AAVCRect@@@Z 00437920 f   OsysTableau.obj
 0001:000369e0       ?InitEntete@COsysTableau@@QAEXXZ 004379e0 f   OsysTableau.obj
 0001:00036bc0       ?RazEntete@COsysTableau@@QAEXXZ 00437bc0 f   OsysTableau.obj
 0001:00036c00       ?OnModify@COsysTableau@@QAEXXZ 00437c00 f   OsysTableau.obj
 0001:00036f40       ?MajTailleColonnes@COsysTableau@@QAEHXZ 00437f40 f   OsysTableau.obj
 0001:000370d0       ?MajListeStatutColonnes@COsysTableau@@QAEHXZ 004380d0 f   OsysTableau.obj
 0001:000372e0       ?LitStatutColonne@COsysTableau@@QAEHH@Z 004382e0 f   OsysTableau.obj
 0001:00037320       ?InitContenuTableau@COsysTableau@@QAEXXZ 00438320 f   OsysTableau.obj
 0001:000376b0       ?OnModifMemoireEx@COsysTableau@@UAEXPBDPAVCMemoireRecu@@@Z 004386b0 f   OsysTableau.obj
 0001:00037920       ?LitValMemoire@COsysTableau@@QAEHPAVCMemoireRecu@@AAVCString@@@Z 00438920 f   OsysTableau.obj
 0001:00037a40       ?InitMemoireValeurEx@COsysTableau@@UAEXPBD@Z 00438a40 f   OsysTableau.obj
 0001:00038710       ?OnModifySelection@COsysTableau@@QAEXHH@Z 00439710 f   OsysTableau.obj
 0001:00038a00       ??0COsysWebBrowser@@QAE@PAVCOsysFrame@@PAVCOsysObjet@@H@Z 00439a00 f   OsysWebBrowser.obj
 0001:00038b10       ?LitTypeObjet@COsysWebBrowser@@UAEPBDXZ 00439b10 f i OsysWebBrowser.obj
 0001:00038b30       ?LitNomDefaut@COsysWebBrowser@@UAEPBDXZ 00439b30 f i OsysWebBrowser.obj
 0001:00038b50       ??_ECOsysWebBrowser@@UAEPAXI@Z 00439b50 f i OsysWebBrowser.obj
 0001:00038b50       ??_GCOsysWebBrowser@@UAEPAXI@Z 00439b50 f i OsysWebBrowser.obj
 0001:00038b80       ??1COsysWebBrowser@@UAE@XZ 00439b80 f   OsysWebBrowser.obj
 0001:00038c10       ?LitArchiveEx@COsysWebBrowser@@UAEXPBDAAVCInputArchive@@@Z 00439c10 f   OsysWebBrowser.obj
[...]
 0004:000016fc       __imp_?GetRuntimeClass@CGdiObject@@UBEPAUCRuntimeClass@@XZ 004976fc     mfc42:MFC42.DLL
 0004:00001700       __imp_??1CObArray@@UAE@XZ  00497700     mfc42:MFC42.DLL
 0004:00001704       __imp_??0CWnd@@QAE@XZ      00497704     mfc42:MFC42.DLL
 0004:00001708       __imp_??0CUIntArray@@QAE@XZ 00497708     mfc42:MFC42.DLL
 0004:0000170c       __imp_??0CObArray@@QAE@XZ  0049770c     mfc42:MFC42.DLL
 0004:00001710       __imp_?AfxGetThreadState@@YGPAV_AFX_THREAD_STATE@@XZ 00497710     mfc42:MFC42.DLL
 0004:00001714       __imp_?AfxMessageBox@@YGHPBDII@Z 00497714     mfc42:MFC42.DLL
 0004:00001718       __imp_??3@YAXPAX@Z         00497718     mfc42:MFC42.DLL
 0004:0000171c       __imp_?FreeDataChain@CPlex@@QAEXXZ 0049771c     mfc42:MFC42.DLL
 0004:00001720       __imp_??1CWnd@@UAE@XZ      00497720     mfc42:MFC42.DLL
 0004:00001724       __imp_??1CUIntArray@@UAE@XZ 00497724     mfc42:MFC42.DLL
 0004:00001728       __imp_?GetRuntimeClass@CFont@@UBEPAUCRuntimeClass@@XZ 00497728     mfc42:MFC42.DLL
 0004:0000172c       __imp_?OnCmdMsg@CCmdTarget@@UAEHIHPAXPAUAFX_CMDHANDLERINFO@@@Z 0049772c     mfc42:MFC42.DLL
 0004:00001730       __imp_?OnFinalRelease@CWnd@@UAEXXZ 00497730     mfc42:MFC42.DLL
 0004:00001734       __imp_?IsInvokeAllowed@CCmdTarget@@UAEHJ@Z 00497734     mfc42:MFC42.DLL
 0004:00001738       __imp_?GetDispatchIID@CCmdTarget@@UAEHPAU_GUID@@@Z 00497738     mfc42:MFC42.DLL
 0004:0000173c       __imp_?GetTypeInfoCount@CCmdTarget@@UAEIXZ 0049773c     mfc42:MFC42.DLL
 0004:00001740       __imp_?GetTypeLibCache@CCmdTarget@@UAEPAVCTypeLibCache@@XZ 00497740     mfc42:MFC42.DLL
 0004:00001744       __imp_?GetTypeLib@CCmdTarget@@UAEJKPAPAUITypeLib@@@Z 00497744     mfc42:MFC42.DLL
 0004:00001748       __imp_?GetCommandMap@CCmdTarget@@MBEPBUAFX_OLECMDMAP@@XZ 00497748     mfc42:MFC42.DLL
 0004:0000174c       __imp_?GetDispatchMap@CCmdTarget@@MBEPBUAFX_DISPMAP@@XZ 0049774c     mfc42:MFC42.DLL
 0004:00001750       __imp_?GetConnectionMap@CCmdTarget@@MBEPBUAFX_CONNECTIONMAP@@XZ 00497750     mfc42:MFC42.DLL
 0004:00001754       __imp_?GetInterfaceMap@CCmdTarget@@MBEPBUAFX_INTERFACEMAP@@XZ 00497754     mfc42:MFC42.DLL
 0004:00001758       __imp_?GetEventSinkMap@CCmdTarget@@MBEPBUAFX_EVENTSINKMAP@@XZ 00497758     mfc42:MFC42.DLL
 0004:0000175c       __imp_?OnCreateAggregates@CCmdTarget@@UAEHXZ 0049775c     mfc42:MFC42.DLL
 0004:00001760       __imp_?GetInterfaceHook@CCmdTarget@@UAEPAUIUnknown@@PBX@Z 00497760     mfc42:MFC42.DLL
 0004:00001764       __imp_?GetExtraConnectionPoints@CCmdTarget@@MAEHPAVCPtrArray@@@Z 00497764     mfc42:MFC42.DLL
 0004:00001768       __imp_?GetConnectionHook@CCmdTarget@@MAEPAUIConnectionPoint@@ABU_GUID@@@Z 00497768     mfc42:MFC42.DLL
 0004:0000176c       __imp_?Create@CWnd@@UAEHPBD0KABUtagRECT@@PAV1@IPAUCCreateContext@@@Z 0049776c     mfc42:MFC42.DLL
 0004:00001770       __imp_?DestroyWindow@CWnd@@UAEHXZ 00497770     mfc42:MFC42.DLL
 0004:00001774       __imp_?PreCreateWindow@CWnd@@UAEHAAUtagCREATESTRUCTA@@@Z 00497774     mfc42:MFC42.DLL
 0004:00001778       __imp_?CalcWindowRect@CWnd@@UAEXPAUtagRECT@@I@Z 00497778     mfc42:MFC42.DLL
 0004:0000177c       __imp_?OnToolHitTest@CWnd@@UBEHVCPoint@@PAUtagTOOLINFOA@@@Z 0049777c     mfc42:MFC42.DLL
 0004:00001780       __imp_?GetScrollBarCtrl@CWnd@@UBEPAVCScrollBar@@H@Z 00497780     mfc42:MFC42.DLL
 0004:00001784       __imp_?WinHelpA@CWnd@@UAEXKI@Z 00497784     mfc42:MFC42.DLL
 0004:00001788       __imp_?ContinueModal@CWnd@@UAEHXZ 00497788     mfc42:MFC42.DLL
 0004:0000178c       __imp_?EndModalLoop@CWnd@@UAEXH@Z 0049778c     mfc42:MFC42.DLL
 0004:00001790       __imp_?OnCommand@CWnd@@MAEHIJ@Z 00497790     mfc42:MFC42.DLL
 0004:00001794       __imp_?OnNotify@CWnd@@MAEHIJPAJ@Z 00497794     mfc42:MFC42.DLL
 0004:00001798       __imp_?GetSuperWndProcAddr@CWnd@@MAEPAP6GJPAUHWND__@@IIJ@ZXZ 00497798     mfc42:MFC42.DLL
 0004:0000179c       __imp_?PreTranslateMessage@CWnd@@UAEHPAUtagMSG@@@Z 0049779c     mfc42:MFC42.DLL
 0004:000017a0       __imp_?OnAmbientProperty@CWnd@@UAEHPAVCOleControlSite@@JPAUtagVARIANT@@@Z 004977a0     mfc42:MFC42.DLL
 0004:000017a4       __imp_?WindowProc@CWnd@@MAEJIIJ@Z 004977a4     mfc42:MFC42.DLL
 0004:000017a8       __imp_?OnWndMsg@CWnd@@MAEHIIJPAJ@Z 004977a8     mfc42:MFC42.DLL
 0004:000017ac       __imp_?DefWindowProcA@CWnd@@MAEJIIJ@Z 004977ac     mfc42:MFC42.DLL
 0004:000017b0       __imp_?PostNcDestroy@CWnd@@MAEXXZ 004977b0     mfc42:MFC42.DLL
 0004:000017b4       __imp_?OnChildNotify@CWnd@@MAEHIIJPAJ@Z 004977b4     mfc42:MFC42.DLL
 0004:000017b8       __imp_?CheckAutoCenter@CWnd@@UAEHXZ 004977b8     mfc42:MFC42.DLL
 0004:000017bc       __imp_?IsFrameWnd@CWnd@@UBEHXZ 004977bc     mfc42:MFC42.DLL
 0004:000017c0       __imp_?SetOccDialogInfo@CWnd@@MAEHPAU_AFX_OCC_DIALOG_INFO@@@Z 004977c0     mfc42:MFC42.DLL
 0004:000017c4       __imp_?GetRuntimeClass@CObject@@UBEPAUCRuntimeClass@@XZ 004977c4     mfc42:MFC42.DLL
 0004:000017c8       __imp_?GetRuntimeClass@CObArray@@UBEPAUCRuntimeClass@@XZ 004977c8     mfc42:MFC42.DLL
 0004:000017cc       __imp_?Serialize@CObArray@@UAEXAAVCArchive@@@Z 004977cc     mfc42:MFC42.DLL
 0004:000017d0       __imp_?PrepareCtrl@CDataExchange@@QAEPAUHWND__@@H@Z 004977d0     mfc42:MFC42.DLL
 0004:000017d4       __imp_?AfxThrowNotSupportedException@@YGXXZ 004977d4     mfc42:MFC42.DLL
 0004:000017d8       __imp_?AttachControlSite@CWnd@@QAEXPAV1@@Z 004977d8     mfc42:MFC42.DLL
 0004:000017dc       __imp_?classCWnd@CWnd@@2UCRuntimeClass@@B 004977dc     mfc42:MFC42.DLL
 0004:000017e0       __imp_??1CPtrList@@UAE@XZ  004977e0     mfc42:MFC42.DLL
 0004:000017e4       __imp_??2@YAPAXI@Z         004977e4     mfc42:MFC42.DLL
 0004:000017e8       __imp_?AfxWinMain@@YGHPAUHINSTANCE__@@0PADH@Z 004977e8     mfc42:MFC42.DLL
 0004:000017ec       \177MFC42_NULL_THUNK_DATA  004977ec     mfc42:MFC42.DLL
 0004:00001968       __imp___except_handler3    00497968     msvcrt:MSVCRT.dll
 0004:0000196c       __imp____set_app_type      0049796c     msvcrt:MSVCRT.dll
 0004:00001970       __imp____p__fmode          00497970     msvcrt:MSVCRT.dll
 0004:00001974       __imp____p__commode        00497974     msvcrt:MSVCRT.dll
 0004:00001978       __imp___adjust_fdiv        00497978     msvcrt:MSVCRT.dll
 0004:0000197c       __imp____setusermatherr    0049797c     msvcrt:MSVCRT.dll
 0004:00001980       __imp___initterm           00497980     msvcrt:MSVCRT.dll
 0004:00001984       __imp____getmainargs       00497984     msvcrt:MSVCRT.dll
 0004:00001988       __imp___acmdln             00497988     msvcrt:MSVCRT.dll
 0004:0000198c       __imp__exit                0049798c     msvcrt:MSVCRT.dll
 0004:00001990       __imp___XcptFilter         00497990     msvcrt:MSVCRT.dll
 0004:00001994       __imp___exit               00497994     msvcrt:MSVCRT.dll
 0004:00001998       __imp___onexit             00497998     msvcrt:MSVCRT.dll
 0004:0000199c       __imp____dllonexit         0049799c     msvcrt:MSVCRT.dll
 0004:000019a0       __imp_??1type_info@@UAE@XZ 004979a0     msvcrt:MSVCRT.dll
 0004:000019a4       __imp___chdir              004979a4     msvcrt:MSVCRT.dll
 0004:000019a8       __imp__isdigit             004979a8     msvcrt:MSVCRT.dll
 0004:000019ac       __imp__localtime           004979ac     msvcrt:MSVCRT.dll
 0004:000019b0       __imp__ftell               004979b0     msvcrt:MSVCRT.dll
 0004:000019b4       __imp__fseek               004979b4     msvcrt:MSVCRT.dll
 0004:000019b8       __imp__fputs               004979b8     msvcrt:MSVCRT.dll
 0004:000019bc       __imp__fflush              004979bc     msvcrt:MSVCRT.dll
 0004:000019c0       __imp___CxxThrowException@8 004979c0     msvcrt:MSVCRT.dll
 0004:000019c4       __imp__vprintf             004979c4     msvcrt:MSVCRT.dll
 0004:000019c8       __imp___setmbcp            004979c8     msvcrt:MSVCRT.dll
 0004:000019cc       __imp____CxxFrameHandler   004979cc     msvcrt:MSVCRT.dll
 0004:000019d0       __imp__strtoul             004979d0     msvcrt:MSVCRT.dll
 0004:000019d4       __imp___mbstok             004979d4     msvcrt:MSVCRT.dll
 0004:000019d8       __imp___mbscmp             004979d8     msvcrt:MSVCRT.dll
 0004:000019dc       __imp___ftol               004979dc     msvcrt:MSVCRT.dll
 0004:000019e0       __imp__atoi                004979e0     msvcrt:MSVCRT.dll
 0004:000019e4       __imp___mbsicmp            004979e4     msvcrt:MSVCRT.dll
 0004:000019e8       __imp__time                004979e8     msvcrt:MSVCRT.dll
 0004:000019ec       __imp__fclose              004979ec     msvcrt:MSVCRT.dll
 0004:000019f0       __imp__strncpy             004979f0     msvcrt:MSVCRT.dll
 0004:000019f4       __imp__div                 004979f4     msvcrt:MSVCRT.dll
 0004:000019f8       __imp__printf              004979f8     msvcrt:MSVCRT.dll
 0004:000019fc       __imp__free                004979fc     msvcrt:MSVCRT.dll
 0004:00001a00       __imp___itoa               00497a00     msvcrt:MSVCRT.dll
 0004:00001a04       __imp__realloc             00497a04     msvcrt:MSVCRT.dll
 0004:00001a08       __imp__malloc              00497a08     msvcrt:MSVCRT.dll
 0004:00001a0c       __imp__toupper             00497a0c     msvcrt:MSVCRT.dll
 0004:00001a10       __imp___stricmp            00497a10     msvcrt:MSVCRT.dll
 0004:00001a14       __imp___snprintf           00497a14     msvcrt:MSVCRT.dll
 0004:00001a18       __imp____p__pgmptr         00497a18     msvcrt:MSVCRT.dll
 0004:00001a1c       __imp___vsnprintf          00497a1c     msvcrt:MSVCRT.dll
 0004:00001a20       __imp__sprintf             00497a20     msvcrt:MSVCRT.dll
 0004:00001a24       __imp__sscanf              00497a24     msvcrt:MSVCRT.dll
 0004:00001a28       __imp__strncmp             00497a28     msvcrt:MSVCRT.dll
 0004:00001a2c       __imp__fgetc               00497a2c     msvcrt:MSVCRT.dll
 0004:00001a30       __imp__fputc               00497a30     msvcrt:MSVCRT.dll
 0004:00001a34       __imp__fwrite              00497a34     msvcrt:MSVCRT.dll
 0004:00001a38       __imp__fread               00497a38     msvcrt:MSVCRT.dll
 0004:00001a3c       __imp__fopen               00497a3c     msvcrt:MSVCRT.dll
 0004:00001a40       __imp___msize              00497a40     msvcrt:MSVCRT.dll
 0004:00001a44       __imp___findclose          00497a44     msvcrt:MSVCRT.dll
 0004:00001a48       __imp___stat               00497a48     msvcrt:MSVCRT.dll
 0004:00001a4c       __imp___mkdir              00497a4c     msvcrt:MSVCRT.dll
 0004:00001a50       __imp___rmdir              00497a50     msvcrt:MSVCRT.dll
 0004:00001a54       __imp__remove              00497a54     msvcrt:MSVCRT.dll
 0004:00001a58       __imp___findnext           00497a58     msvcrt:MSVCRT.dll
 0004:00001a5c       __imp___findfirst          00497a5c     msvcrt:MSVCRT.dll
 0004:00001a60       __imp__rename              00497a60     msvcrt:MSVCRT.dll
 0004:00001a64       __imp___getdrive           00497a64     msvcrt:MSVCRT.dll
 0004:00001a68       __imp__fprintf             00497a68     msvcrt:MSVCRT.dll
 0004:00001a6c       __imp___iob                00497a6c     msvcrt:MSVCRT.dll
 0004:00001a70       __imp__perror              00497a70     msvcrt:MSVCRT.dll
 0004:00001a74       __imp___controlfp          00497a74     msvcrt:MSVCRT.dll
 0004:00001a78       \177MSVCRT_NULL_THUNK_DATA 00497a78     msvcrt:MSVCRT.dll
 0004:00001ad8       __imp__SafeArrayUnaccessData@4 00497ad8     oleaut32:OLEAUT32.dll
 0004:00001adc       __imp__SysAllocStringLen@8 00497adc     oleaut32:OLEAUT32.dll
 0004:00001ae0       __imp__VariantClear@4      00497ae0     oleaut32:OLEAUT32.dll
 0004:00001ae4       __imp__SysFreeString@4     00497ae4     oleaut32:OLEAUT32.dll
 0004:00001ae8       __imp__SafeArrayGetUBound@12 00497ae8     oleaut32:OLEAUT32.dll
 0004:00001aec       __imp__SafeArrayGetLBound@12 00497aec     oleaut32:OLEAUT32.dll
 0004:00001af0       __imp__SafeArrayAccessData@8 00497af0     oleaut32:OLEAUT32.dll
 0004:00001af4       __imp__SysStringLen@4      00497af4     oleaut32:OLEAUT32.dll
 0004:00001af8       \177OLEAUT32_NULL_THUNK_DATA 00497af8     oleaut32:OLEAUT32.dll
 0004:00001b28       __imp__Shell_NotifyIconA@8 00497b28     shell32:SHELL32.dll
 0004:00001b2c       \177SHELL32_NULL_THUNK_DATA 00497b2c     shell32:SHELL32.dll
 0004:00001b58       __imp__IsIconic@4          00497b58     user32:USER32.dll
 0004:00001b5c       __imp__LoadIconA@8         00497b5c     user32:USER32.dll
 0004:00001b60       __imp__DrawIcon@16         00497b60     user32:USER32.dll
 0004:00001b64       __imp__GetSystemMetrics@4  00497b64     user32:USER32.dll
 0004:00001b68       __imp__LoadImageA@24       00497b68     user32:USER32.dll
 0004:00001b6c       __imp__AppendMenuA@16      00497b6c     user32:USER32.dll
 0004:00001b70       __imp__GetSystemMenu@8     00497b70     user32:USER32.dll
 0004:00001b74       __imp__AdjustWindowRectEx@16 00497b74     user32:USER32.dll
 0004:00001b78       __imp__GetNextDlgTabItem@12 00497b78     user32:USER32.dll
 0004:00001b7c       __imp__SetRectEmpty@4      00497b7c     user32:USER32.dll
 0004:00001b80       __imp__GetActiveWindow@0   00497b80     user32:USER32.dll
 0004:00001b84       __imp__BringWindowToTop@4  00497b84     user32:USER32.dll
 0004:00001b88       __imp__DestroyIcon@4       00497b88     user32:USER32.dll
 0004:00001b8c       __imp__ClientToScreen@8    00497b8c     user32:USER32.dll
 0004:00001b90       __imp__WindowFromPoint@8   00497b90     user32:USER32.dll
 0004:00001b94       __imp__IsRectEmpty@4       00497b94     user32:USER32.dll
 0004:00001b98       __imp__CopyRect@8          00497b98     user32:USER32.dll
 0004:00001b9c       __imp__IsWindowVisible@4   00497b9c     user32:USER32.dll
 0004:00001ba0       __imp__DrawEdge@16         00497ba0     user32:USER32.dll
 0004:00001ba4       __imp__InflateRect@12      00497ba4     user32:USER32.dll
 0004:00001ba8       __imp__OffsetRect@12       00497ba8     user32:USER32.dll
 0004:00001bac       __imp__SetRect@20          00497bac     user32:USER32.dll
 0004:00001bb0       __imp__GetCapture@0        00497bb0     user32:USER32.dll
 0004:00001bb4       __imp__ReleaseCapture@0    00497bb4     user32:USER32.dll
 0004:00001bb8       __imp__ShowWindow@8        00497bb8     user32:USER32.dll
 0004:00001bbc       __imp__ClipCursor@4        00497bbc     user32:USER32.dll
 0004:00001bc0       __imp__SetTimer@16         00497bc0     user32:USER32.dll
 0004:00001bc4       __imp__FindWindowA@8       00497bc4     user32:USER32.dll
 0004:00001bc8       __imp__PtInRect@12         00497bc8     user32:USER32.dll
 0004:00001bcc       __imp__InvertRect@8        00497bcc     user32:USER32.dll
 0004:00001bd0       __imp__PostMessageA@16     00497bd0     user32:USER32.dll
 0004:00001bd4       __imp__GrayStringA@36      00497bd4     user32:USER32.dll
 0004:00001bd8       __imp__DrawTextA@20        00497bd8     user32:USER32.dll
 0004:00001bdc       __imp__TabbedTextOutA@32   00497bdc     user32:USER32.dll
 0004:00001be0       __imp__SetCursor@4         00497be0     user32:USER32.dll
 0004:00001be4       __imp__ShowScrollBar@12    00497be4     user32:USER32.dll
 0004:00001be8       __imp__IsClipboardFormatAvailable@4 00497be8     user32:USER32.dll
 0004:00001bec       __imp__GetDC@4             00497bec     user32:USER32.dll
 0004:00001bf0       __imp__ReleaseDC@8         00497bf0     user32:USER32.dll
 0004:00001bf4       __imp__GetFocus@0          00497bf4     user32:USER32.dll
 0004:00001bf8       __imp__InvalidateRect@12   00497bf8     user32:USER32.dll
 0004:00001bfc       __imp__GetCursorPos@4      00497bfc     user32:USER32.dll
 0004:00001c00       __imp__ScreenToClient@8    00497c00     user32:USER32.dll
 0004:00001c04       __imp__GetClientRect@8     00497c04     user32:USER32.dll
 0004:00001c08       __imp__KillTimer@8         00497c08     user32:USER32.dll
 0004:00001c0c       __imp__GetKeyState@4       00497c0c     user32:USER32.dll
 0004:00001c10       __imp__FillRect@12         00497c10     user32:USER32.dll
 0004:00001c14       __imp__IntersectRect@12    00497c14     user32:USER32.dll
 0004:00001c18       __imp__SendMessageA@16     00497c18     user32:USER32.dll
 0004:00001c1c       __imp__IsWindow@4          00497c1c     user32:USER32.dll
 0004:00001c20       __imp__GetClassInfoA@12    00497c20     user32:USER32.dll
 0004:00001c24       __imp__SetCapture@4        00497c24     user32:USER32.dll
 0004:00001c28       __imp__SetForegroundWindow@4 00497c28     user32:USER32.dll
 0004:00001c2c       __imp__DefWindowProcA@16   00497c2c     user32:USER32.dll
 0004:00001c30       __imp__LoadCursorA@8       00497c30     user32:USER32.dll
 0004:00001c34       __imp__GetSysColor@4       00497c34     user32:USER32.dll
 0004:00001c38       __imp__SystemParametersInfoA@16 00497c38     user32:USER32.dll
 0004:00001c3c       __imp__GetParent@4         00497c3c     user32:USER32.dll
 0004:00001c40       __imp__GetWindowRect@8     00497c40     user32:USER32.dll
 0004:00001c44       __imp__SetWindowPos@28     00497c44     user32:USER32.dll
 0004:00001c48       __imp__ValidateRect@8      00497c48     user32:USER32.dll
 0004:00001c4c       __imp__UpdateWindow@4      00497c4c     user32:USER32.dll
 0004:00001c50       __imp__RedrawWindow@16     00497c50     user32:USER32.dll
 0004:00001c54       __imp__SendNotifyMessageA@16 00497c54     user32:USER32.dll
 0004:00001c58       __imp__MessageBoxA@16      00497c58     user32:USER32.dll
 0004:00001c5c       __imp__EnableWindow@8      00497c5c     user32:USER32.dll
 0004:00001c60       __imp__DrawFocusRect@8     00497c60     user32:USER32.dll
 0004:00001c64       __imp__GetUpdateRect@12    00497c64     user32:USER32.dll
 0004:00001c68       \177USER32_NULL_THUNK_DATA 00497c68     user32:USER32.dll
 0004:00001cc8       __imp__select@20           00497cc8     wsock32:WSOCK32.dll
 0004:00001ccc       __imp__gethostname@8       00497ccc     wsock32:WSOCK32.dll
 0004:00001cd0       __imp__ntohs@4             00497cd0     wsock32:WSOCK32.dll
 0004:00001cd4       __imp__getservbyname@8     00497cd4     wsock32:WSOCK32.dll
 0004:00001cd8       __imp__WSAStartup@8        00497cd8     wsock32:WSOCK32.dll
 0004:00001cdc       __imp__WSACleanup@0        00497cdc     wsock32:WSOCK32.dll
 0004:00001ce0       __imp__WSAGetLastError@0   00497ce0     wsock32:WSOCK32.dll
 0004:00001ce4       __imp__closesocket@4       00497ce4     wsock32:WSOCK32.dll
 0004:00001ce8       __imp__accept@12           00497ce8     wsock32:WSOCK32.dll
 0004:00001cec       __imp__listen@8            00497cec     wsock32:WSOCK32.dll
 0004:00001cf0       __imp__bind@12             00497cf0     wsock32:WSOCK32.dll
 0004:00001cf4       __imp__setsockopt@20       00497cf4     wsock32:WSOCK32.dll
 0004:00001cf8       __imp__htons@4             00497cf8     wsock32:WSOCK32.dll
 0004:00001cfc       __imp__htonl@4             00497cfc     wsock32:WSOCK32.dll
 0004:00001d00       __imp__socket@12           00497d00     wsock32:WSOCK32.dll
 0004:00001d04       __imp__shutdown@8          00497d04     wsock32:WSOCK32.dll
 0004:00001d08       __imp__inet_ntoa@4         00497d08     wsock32:WSOCK32.dll
 0004:00001d0c       __imp__connect@12          00497d0c     wsock32:WSOCK32.dll
 0004:00001d10       __imp__send@16             00497d10     wsock32:WSOCK32.dll
 0004:00001d14       __imp__recv@16             00497d14     wsock32:WSOCK32.dll
 0004:00001d18       __imp__inet_addr@4         00497d18     wsock32:WSOCK32.dll
 0004:00001d1c       __imp__gethostbyname@4     00497d1c     wsock32:WSOCK32.dll
 0004:00001d20       \177WSOCK32_NULL_THUNK_DATA 00497d20     wsock32:WSOCK32.dll
 0004:00001d5c       __imp__CoInitialize@4      00497d5c     ole32:ole32.dll
 0004:00001d60       __imp__CoUninitialize@0    00497d60     ole32:ole32.dll
 0004:00001d64       __imp__OleInitialize@4     00497d64     ole32:ole32.dll
 0004:00001d68       __imp__OleUninitialize@0   00497d68     ole32:ole32.dll
 0004:00001d6c       \177ole32_NULL_THUNK_DATA  00497d6c     ole32:ole32.dll

 entry point at        0001:00074ac0

